<?xml version="1.0" encoding="ISO-8859-1" ?>
<link_info>
   <banner>TI ARM Linker Unix v18.1.2.LTS</banner>
   <copyright>Copyright (c) 1996-2017 Texas Instruments Incorporated</copyright>
   <link_time>0x5be341f4</link_time>
   <link_errors>0x0</link_errors>
   <output_file>lab9a.out</output_file>
   <entry_point>
      <name>_c_int00_noargs</name>
      <address>0x2d39</address>
   </entry_point>
   <input_file_list>
      <input_file id="fl-1">
         <path>./</path>
         <kind>object</kind>
         <file>main.obj</file>
         <name>main.obj</name>
      </input_file>
      <input_file id="fl-2">
         <path>./</path>
         <kind>object</kind>
         <file>startup_msp432p401r_ccs.obj</file>
         <name>startup_msp432p401r_ccs.obj</name>
      </input_file>
      <input_file id="fl-3">
         <path>./</path>
         <kind>object</kind>
         <file>system_msp432p401r.obj</file>
         <name>system_msp432p401r.obj</name>
      </input_file>
      <input_file id="fl-7">
         <kind>object</kind>
         <file>&lt;internal&gt;</file>
         <name>&lt;internal&gt;</name>
      </input_file>
      <input_file id="fl-bd">
         <path>/Applications/ti/ccsv8/tools/compiler/ti-cgt-arm_18.1.2.LTS/lib/</path>
         <kind>archive</kind>
         <file>rtsv7M4_T_le_v4SPD16_eabi.lib</file>
         <name>copy_zero_init.c.obj</name>
      </input_file>
      <input_file id="fl-be">
         <path>/Applications/ti/ccsv8/tools/compiler/ti-cgt-arm_18.1.2.LTS/lib/</path>
         <kind>archive</kind>
         <file>rtsv7M4_T_le_v4SPD16_eabi.lib</file>
         <name>copy_decompress_none.c.obj</name>
      </input_file>
      <input_file id="fl-bf">
         <path>/Applications/ti/ccsv8/tools/compiler/ti-cgt-arm_18.1.2.LTS/lib/</path>
         <kind>archive</kind>
         <file>rtsv7M4_T_le_v4SPD16_eabi.lib</file>
         <name>copy_decompress_lzss.c.obj</name>
      </input_file>
      <input_file id="fl-c0">
         <path>/Applications/ti/ccsv8/tools/compiler/ti-cgt-arm_18.1.2.LTS/lib/</path>
         <kind>archive</kind>
         <file>rtsv7M4_T_le_v4SPD16_eabi.lib</file>
         <name>boot_cortex_m.c.obj</name>
      </input_file>
      <input_file id="fl-c1">
         <path>/Applications/ti/ccsv8/tools/compiler/ti-cgt-arm_18.1.2.LTS/lib/</path>
         <kind>archive</kind>
         <file>rtsv7M4_T_le_v4SPD16_eabi.lib</file>
         <name>exit.c.obj</name>
      </input_file>
      <input_file id="fl-c2">
         <path>/Applications/ti/ccsv8/tools/compiler/ti-cgt-arm_18.1.2.LTS/lib/</path>
         <kind>archive</kind>
         <file>rtsv7M4_T_le_v4SPD16_eabi.lib</file>
         <name>_lock.c.obj</name>
      </input_file>
      <input_file id="fl-c3">
         <path>/Applications/ti/ccsv8/tools/compiler/ti-cgt-arm_18.1.2.LTS/lib/</path>
         <kind>archive</kind>
         <file>rtsv7M4_T_le_v4SPD16_eabi.lib</file>
         <name>args_main.c.obj</name>
      </input_file>
      <input_file id="fl-c4">
         <path>/Applications/ti/ccsv8/tools/compiler/ti-cgt-arm_18.1.2.LTS/lib/</path>
         <kind>archive</kind>
         <file>rtsv7M4_T_le_v4SPD16_eabi.lib</file>
         <name>printf.c.obj</name>
      </input_file>
      <input_file id="fl-c5">
         <path>/Applications/ti/ccsv8/tools/compiler/ti-cgt-arm_18.1.2.LTS/lib/</path>
         <kind>archive</kind>
         <file>rtsv7M4_T_le_v4SPD16_eabi.lib</file>
         <name>memset_t2.asm.obj</name>
      </input_file>
      <input_file id="fl-c6">
         <path>/Applications/ti/ccsv8/tools/compiler/ti-cgt-arm_18.1.2.LTS/lib/</path>
         <kind>archive</kind>
         <file>rtsv7M4_T_le_v4SPD16_eabi.lib</file>
         <name>memcpy_t2.asm.obj</name>
      </input_file>
      <input_file id="fl-c7">
         <path>/Applications/ti/ccsv8/tools/compiler/ti-cgt-arm_18.1.2.LTS/lib/</path>
         <kind>archive</kind>
         <file>rtsv7M4_T_le_v4SPD16_eabi.lib</file>
         <name>autoinit.c.obj</name>
      </input_file>
      <input_file id="fl-c8">
         <path>/Applications/ti/ccsv8/tools/compiler/ti-cgt-arm_18.1.2.LTS/lib/</path>
         <kind>archive</kind>
         <file>rtsv7M4_T_le_v4SPD16_eabi.lib</file>
         <name>pre_init.c.obj</name>
      </input_file>
      <input_file id="fl-c9">
         <path>/Applications/ti/ccsv8/tools/compiler/ti-cgt-arm_18.1.2.LTS/lib/</path>
         <kind>archive</kind>
         <file>rtsv7M4_T_le_v4SPD16_eabi.lib</file>
         <name>cpy_tbl.c.obj</name>
      </input_file>
      <input_file id="fl-ca">
         <path>/Applications/ti/ccsv8/tools/compiler/ti-cgt-arm_18.1.2.LTS/lib/</path>
         <kind>archive</kind>
         <file>rtsv7M4_T_le_v4SPD16_eabi.lib</file>
         <name>_printfi.c.obj</name>
      </input_file>
      <input_file id="fl-cb">
         <path>/Applications/ti/ccsv8/tools/compiler/ti-cgt-arm_18.1.2.LTS/lib/</path>
         <kind>archive</kind>
         <file>rtsv7M4_T_le_v4SPD16_eabi.lib</file>
         <name>atoi.c.obj</name>
      </input_file>
      <input_file id="fl-cc">
         <path>/Applications/ti/ccsv8/tools/compiler/ti-cgt-arm_18.1.2.LTS/lib/</path>
         <kind>archive</kind>
         <file>rtsv7M4_T_le_v4SPD16_eabi.lib</file>
         <name>ctype.c.obj</name>
      </input_file>
      <input_file id="fl-cd">
         <path>/Applications/ti/ccsv8/tools/compiler/ti-cgt-arm_18.1.2.LTS/lib/</path>
         <kind>archive</kind>
         <file>rtsv7M4_T_le_v4SPD16_eabi.lib</file>
         <name>defs.c.obj</name>
      </input_file>
      <input_file id="fl-ce">
         <path>/Applications/ti/ccsv8/tools/compiler/ti-cgt-arm_18.1.2.LTS/lib/</path>
         <kind>archive</kind>
         <file>rtsv7M4_T_le_v4SPD16_eabi.lib</file>
         <name>fputc.c.obj</name>
      </input_file>
      <input_file id="fl-cf">
         <path>/Applications/ti/ccsv8/tools/compiler/ti-cgt-arm_18.1.2.LTS/lib/</path>
         <kind>archive</kind>
         <file>rtsv7M4_T_le_v4SPD16_eabi.lib</file>
         <name>fputs.c.obj</name>
      </input_file>
      <input_file id="fl-d0">
         <path>/Applications/ti/ccsv8/tools/compiler/ti-cgt-arm_18.1.2.LTS/lib/</path>
         <kind>archive</kind>
         <file>rtsv7M4_T_le_v4SPD16_eabi.lib</file>
         <name>ltoa.c.obj</name>
      </input_file>
      <input_file id="fl-d1">
         <path>/Applications/ti/ccsv8/tools/compiler/ti-cgt-arm_18.1.2.LTS/lib/</path>
         <kind>archive</kind>
         <file>rtsv7M4_T_le_v4SPD16_eabi.lib</file>
         <name>memccpy.c.obj</name>
      </input_file>
      <input_file id="fl-d2">
         <path>/Applications/ti/ccsv8/tools/compiler/ti-cgt-arm_18.1.2.LTS/lib/</path>
         <kind>archive</kind>
         <file>rtsv7M4_T_le_v4SPD16_eabi.lib</file>
         <name>memchr.c.obj</name>
      </input_file>
      <input_file id="fl-d3">
         <path>/Applications/ti/ccsv8/tools/compiler/ti-cgt-arm_18.1.2.LTS/lib/</path>
         <kind>archive</kind>
         <file>rtsv7M4_T_le_v4SPD16_eabi.lib</file>
         <name>strchr.c.obj</name>
      </input_file>
      <input_file id="fl-d4">
         <path>/Applications/ti/ccsv8/tools/compiler/ti-cgt-arm_18.1.2.LTS/lib/</path>
         <kind>archive</kind>
         <file>rtsv7M4_T_le_v4SPD16_eabi.lib</file>
         <name>strlen.c.obj</name>
      </input_file>
      <input_file id="fl-d5">
         <path>/Applications/ti/ccsv8/tools/compiler/ti-cgt-arm_18.1.2.LTS/lib/</path>
         <kind>archive</kind>
         <file>rtsv7M4_T_le_v4SPD16_eabi.lib</file>
         <name>write.c.obj</name>
      </input_file>
      <input_file id="fl-d6">
         <path>/Applications/ti/ccsv8/tools/compiler/ti-cgt-arm_18.1.2.LTS/lib/</path>
         <kind>archive</kind>
         <file>rtsv7M4_T_le_v4SPD16_eabi.lib</file>
         <name>s_frexp.c.obj</name>
      </input_file>
      <input_file id="fl-d7">
         <path>/Applications/ti/ccsv8/tools/compiler/ti-cgt-arm_18.1.2.LTS/lib/</path>
         <kind>archive</kind>
         <file>rtsv7M4_T_le_v4SPD16_eabi.lib</file>
         <name>s_scalbn.c.obj</name>
      </input_file>
      <input_file id="fl-d8">
         <path>/Applications/ti/ccsv8/tools/compiler/ti-cgt-arm_18.1.2.LTS/lib/</path>
         <kind>archive</kind>
         <file>rtsv7M4_T_le_v4SPD16_eabi.lib</file>
         <name>s_copysign.c.obj</name>
      </input_file>
      <input_file id="fl-d9">
         <path>/Applications/ti/ccsv8/tools/compiler/ti-cgt-arm_18.1.2.LTS/lib/</path>
         <kind>archive</kind>
         <file>rtsv7M4_T_le_v4SPD16_eabi.lib</file>
         <name>wcslen.c.obj</name>
      </input_file>
      <input_file id="fl-da">
         <path>/Applications/ti/ccsv8/tools/compiler/ti-cgt-arm_18.1.2.LTS/lib/</path>
         <kind>archive</kind>
         <file>rtsv7M4_T_le_v4SPD16_eabi.lib</file>
         <name>fd_add_t2.asm.obj</name>
      </input_file>
      <input_file id="fl-db">
         <path>/Applications/ti/ccsv8/tools/compiler/ti-cgt-arm_18.1.2.LTS/lib/</path>
         <kind>archive</kind>
         <file>rtsv7M4_T_le_v4SPD16_eabi.lib</file>
         <name>fd_cmp_t2.asm.obj</name>
      </input_file>
      <input_file id="fl-dc">
         <path>/Applications/ti/ccsv8/tools/compiler/ti-cgt-arm_18.1.2.LTS/lib/</path>
         <kind>archive</kind>
         <file>rtsv7M4_T_le_v4SPD16_eabi.lib</file>
         <name>fd_div_t2.asm.obj</name>
      </input_file>
      <input_file id="fl-dd">
         <path>/Applications/ti/ccsv8/tools/compiler/ti-cgt-arm_18.1.2.LTS/lib/</path>
         <kind>archive</kind>
         <file>rtsv7M4_T_le_v4SPD16_eabi.lib</file>
         <name>fd_mul_t2.asm.obj</name>
      </input_file>
      <input_file id="fl-de">
         <path>/Applications/ti/ccsv8/tools/compiler/ti-cgt-arm_18.1.2.LTS/lib/</path>
         <kind>archive</kind>
         <file>rtsv7M4_T_le_v4SPD16_eabi.lib</file>
         <name>fd_toi_t2.asm.obj</name>
      </input_file>
      <input_file id="fl-df">
         <path>/Applications/ti/ccsv8/tools/compiler/ti-cgt-arm_18.1.2.LTS/lib/</path>
         <kind>archive</kind>
         <file>rtsv7M4_T_le_v4SPD16_eabi.lib</file>
         <name>i_tofd_t2.asm.obj</name>
      </input_file>
      <input_file id="fl-e0">
         <path>/Applications/ti/ccsv8/tools/compiler/ti-cgt-arm_18.1.2.LTS/lib/</path>
         <kind>archive</kind>
         <file>rtsv7M4_T_le_v4SPD16_eabi.lib</file>
         <name>ull_div_t2.asm.obj</name>
      </input_file>
      <input_file id="fl-e1">
         <path>/Applications/ti/ccsv8/tools/compiler/ti-cgt-arm_18.1.2.LTS/lib/</path>
         <kind>archive</kind>
         <file>rtsv7M4_T_le_v4SPD16_eabi.lib</file>
         <name>errno.c.obj</name>
      </input_file>
      <input_file id="fl-e2">
         <path>/Applications/ti/ccsv8/tools/compiler/ti-cgt-arm_18.1.2.LTS/lib/</path>
         <kind>archive</kind>
         <file>rtsv7M4_T_le_v4SPD16_eabi.lib</file>
         <name>_io_perm.c.obj</name>
      </input_file>
      <input_file id="fl-e3">
         <path>/Applications/ti/ccsv8/tools/compiler/ti-cgt-arm_18.1.2.LTS/lib/</path>
         <kind>archive</kind>
         <file>rtsv7M4_T_le_v4SPD16_eabi.lib</file>
         <name>fflush.c.obj</name>
      </input_file>
      <input_file id="fl-e4">
         <path>/Applications/ti/ccsv8/tools/compiler/ti-cgt-arm_18.1.2.LTS/lib/</path>
         <kind>archive</kind>
         <file>rtsv7M4_T_le_v4SPD16_eabi.lib</file>
         <name>fseek.c.obj</name>
      </input_file>
      <input_file id="fl-e5">
         <path>/Applications/ti/ccsv8/tools/compiler/ti-cgt-arm_18.1.2.LTS/lib/</path>
         <kind>archive</kind>
         <file>rtsv7M4_T_le_v4SPD16_eabi.lib</file>
         <name>lseek.c.obj</name>
      </input_file>
      <input_file id="fl-e6">
         <path>/Applications/ti/ccsv8/tools/compiler/ti-cgt-arm_18.1.2.LTS/lib/</path>
         <kind>archive</kind>
         <file>rtsv7M4_T_le_v4SPD16_eabi.lib</file>
         <name>setvbuf.c.obj</name>
      </input_file>
      <input_file id="fl-e7">
         <path>/Applications/ti/ccsv8/tools/compiler/ti-cgt-arm_18.1.2.LTS/lib/</path>
         <kind>archive</kind>
         <file>rtsv7M4_T_le_v4SPD16_eabi.lib</file>
         <name>hostclose.c.obj</name>
      </input_file>
      <input_file id="fl-e8">
         <path>/Applications/ti/ccsv8/tools/compiler/ti-cgt-arm_18.1.2.LTS/lib/</path>
         <kind>archive</kind>
         <file>rtsv7M4_T_le_v4SPD16_eabi.lib</file>
         <name>hostlseek.c.obj</name>
      </input_file>
      <input_file id="fl-e9">
         <path>/Applications/ti/ccsv8/tools/compiler/ti-cgt-arm_18.1.2.LTS/lib/</path>
         <kind>archive</kind>
         <file>rtsv7M4_T_le_v4SPD16_eabi.lib</file>
         <name>hostopen.c.obj</name>
      </input_file>
      <input_file id="fl-ea">
         <path>/Applications/ti/ccsv8/tools/compiler/ti-cgt-arm_18.1.2.LTS/lib/</path>
         <kind>archive</kind>
         <file>rtsv7M4_T_le_v4SPD16_eabi.lib</file>
         <name>hostread.c.obj</name>
      </input_file>
      <input_file id="fl-eb">
         <path>/Applications/ti/ccsv8/tools/compiler/ti-cgt-arm_18.1.2.LTS/lib/</path>
         <kind>archive</kind>
         <file>rtsv7M4_T_le_v4SPD16_eabi.lib</file>
         <name>hostrename.c.obj</name>
      </input_file>
      <input_file id="fl-ec">
         <path>/Applications/ti/ccsv8/tools/compiler/ti-cgt-arm_18.1.2.LTS/lib/</path>
         <kind>archive</kind>
         <file>rtsv7M4_T_le_v4SPD16_eabi.lib</file>
         <name>hostunlink.c.obj</name>
      </input_file>
      <input_file id="fl-ed">
         <path>/Applications/ti/ccsv8/tools/compiler/ti-cgt-arm_18.1.2.LTS/lib/</path>
         <kind>archive</kind>
         <file>rtsv7M4_T_le_v4SPD16_eabi.lib</file>
         <name>hostwrite.c.obj</name>
      </input_file>
      <input_file id="fl-ee">
         <path>/Applications/ti/ccsv8/tools/compiler/ti-cgt-arm_18.1.2.LTS/lib/</path>
         <kind>archive</kind>
         <file>rtsv7M4_T_le_v4SPD16_eabi.lib</file>
         <name>trgmsg.c.obj</name>
      </input_file>
      <input_file id="fl-ef">
         <path>/Applications/ti/ccsv8/tools/compiler/ti-cgt-arm_18.1.2.LTS/lib/</path>
         <kind>archive</kind>
         <file>rtsv7M4_T_le_v4SPD16_eabi.lib</file>
         <name>div0.asm.obj</name>
      </input_file>
      <input_file id="fl-f0">
         <path>/Applications/ti/ccsv8/tools/compiler/ti-cgt-arm_18.1.2.LTS/lib/</path>
         <kind>archive</kind>
         <file>rtsv7M4_T_le_v4SPD16_eabi.lib</file>
         <name>memory.c.obj</name>
      </input_file>
      <input_file id="fl-f1">
         <path>/Applications/ti/ccsv8/tools/compiler/ti-cgt-arm_18.1.2.LTS/lib/</path>
         <kind>archive</kind>
         <file>rtsv7M4_T_le_v4SPD16_eabi.lib</file>
         <name>fopen.c.obj</name>
      </input_file>
      <input_file id="fl-f2">
         <path>/Applications/ti/ccsv8/tools/compiler/ti-cgt-arm_18.1.2.LTS/lib/</path>
         <kind>archive</kind>
         <file>rtsv7M4_T_le_v4SPD16_eabi.lib</file>
         <name>open.c.obj</name>
      </input_file>
      <input_file id="fl-f3">
         <path>/Applications/ti/ccsv8/tools/compiler/ti-cgt-arm_18.1.2.LTS/lib/</path>
         <kind>archive</kind>
         <file>rtsv7M4_T_le_v4SPD16_eabi.lib</file>
         <name>strcpy.c.obj</name>
      </input_file>
      <input_file id="fl-f4">
         <path>/Applications/ti/ccsv8/tools/compiler/ti-cgt-arm_18.1.2.LTS/lib/</path>
         <kind>archive</kind>
         <file>rtsv7M4_T_le_v4SPD16_eabi.lib</file>
         <name>fclose.c.obj</name>
      </input_file>
      <input_file id="fl-f5">
         <path>/Applications/ti/ccsv8/tools/compiler/ti-cgt-arm_18.1.2.LTS/lib/</path>
         <kind>archive</kind>
         <file>rtsv7M4_T_le_v4SPD16_eabi.lib</file>
         <name>getdevice.c.obj</name>
      </input_file>
      <input_file id="fl-f6">
         <path>/Applications/ti/ccsv8/tools/compiler/ti-cgt-arm_18.1.2.LTS/lib/</path>
         <kind>archive</kind>
         <file>rtsv7M4_T_le_v4SPD16_eabi.lib</file>
         <name>remove.c.obj</name>
      </input_file>
      <input_file id="fl-f7">
         <path>/Applications/ti/ccsv8/tools/compiler/ti-cgt-arm_18.1.2.LTS/lib/</path>
         <kind>archive</kind>
         <file>rtsv7M4_T_le_v4SPD16_eabi.lib</file>
         <name>strcmp.c.obj</name>
      </input_file>
      <input_file id="fl-f8">
         <path>/Applications/ti/ccsv8/tools/compiler/ti-cgt-arm_18.1.2.LTS/lib/</path>
         <kind>archive</kind>
         <file>rtsv7M4_T_le_v4SPD16_eabi.lib</file>
         <name>strncpy.c.obj</name>
      </input_file>
      <input_file id="fl-f9">
         <path>/Applications/ti/ccsv8/tools/compiler/ti-cgt-arm_18.1.2.LTS/lib/</path>
         <kind>archive</kind>
         <file>rtsv7M4_T_le_v4SPD16_eabi.lib</file>
         <name>unlink.c.obj</name>
      </input_file>
      <input_file id="fl-fa">
         <path>/Applications/ti/ccsv8/tools/compiler/ti-cgt-arm_18.1.2.LTS/lib/</path>
         <kind>archive</kind>
         <file>rtsv7M4_T_le_v4SPD16_eabi.lib</file>
         <name>close.c.obj</name>
      </input_file>
   </input_file_list>
   <object_component_list>
      <object_component id="oc-23">
         <name>.intvecs:retain</name>
         <load_address>0x0</load_address>
         <run_address>0x0</run_address>
         <size>0xe4</size>
         <input_file_ref idref="fl-2"/>
      </object_component>
      <object_component id="oc-12e">
         <name>.text:__TI_printfi</name>
         <load_address>0xe4</load_address>
         <run_address>0xe4</run_address>
         <size>0xa5e</size>
         <input_file_ref idref="fl-ca"/>
      </object_component>
      <object_component id="oc-1c7">
         <name>.text:_nop</name>
         <load_address>0xb42</load_address>
         <run_address>0xb42</run_address>
         <size>0x2</size>
         <input_file_ref idref="fl-c2"/>
      </object_component>
      <object_component id="oc-a9">
         <name>.text</name>
         <load_address>0xb44</load_address>
         <run_address>0xb44</run_address>
         <size>0x334</size>
         <input_file_ref idref="fl-3"/>
      </object_component>
      <object_component id="oc-97">
         <name>.text</name>
         <load_address>0xe78</load_address>
         <run_address>0xe78</run_address>
         <size>0x2ec</size>
         <input_file_ref idref="fl-1"/>
      </object_component>
      <object_component id="oc-1a3">
         <name>.text:_pconv_a</name>
         <load_address>0x1164</load_address>
         <run_address>0x1164</run_address>
         <size>0x270</size>
         <input_file_ref idref="fl-ca"/>
      </object_component>
      <object_component id="oc-191">
         <name>.text:_pconv_g</name>
         <load_address>0x13d4</load_address>
         <run_address>0x13d4</run_address>
         <size>0x1d0</size>
         <input_file_ref idref="fl-ca"/>
      </object_component>
      <object_component id="oc-22e">
         <name>.text</name>
         <load_address>0x15a4</load_address>
         <run_address>0x15a4</run_address>
         <size>0x1b6</size>
         <input_file_ref idref="fl-da"/>
      </object_component>
      <object_component id="oc-2b4">
         <name>.text</name>
         <load_address>0x175a</load_address>
         <run_address>0x175a</run_address>
         <size>0x2</size>
         <input_file_ref idref="fl-ef"/>
      </object_component>
      <object_component id="oc-19d">
         <name>.text:_pconv_e</name>
         <load_address>0x175c</load_address>
         <run_address>0x175c</run_address>
         <size>0x13c</size>
         <input_file_ref idref="fl-ca"/>
      </object_component>
      <object_component id="oc-214">
         <name>.text</name>
         <load_address>0x1898</load_address>
         <run_address>0x1898</run_address>
         <size>0x136</size>
         <input_file_ref idref="fl-dc"/>
      </object_component>
      <object_component id="oc-240">
         <name>.text:fcvt</name>
         <load_address>0x19d0</load_address>
         <run_address>0x19d0</run_address>
         <size>0x120</size>
         <input_file_ref idref="fl-ca"/>
      </object_component>
      <object_component id="oc-1d5">
         <name>.text:fputs</name>
         <load_address>0x1af0</load_address>
         <run_address>0x1af0</run_address>
         <size>0x114</size>
         <input_file_ref idref="fl-cf"/>
      </object_component>
      <object_component id="oc-254">
         <name>.text:scalbn</name>
         <load_address>0x1c04</load_address>
         <run_address>0x1c04</run_address>
         <size>0x110</size>
         <input_file_ref idref="fl-d7"/>
      </object_component>
      <object_component id="oc-20f">
         <name>.text</name>
         <load_address>0x1d14</load_address>
         <run_address>0x1d14</run_address>
         <size>0xfc</size>
         <input_file_ref idref="fl-dd"/>
      </object_component>
      <object_component id="oc-2ef">
         <name>.text:setvbuf</name>
         <load_address>0x1e10</load_address>
         <run_address>0x1e10</run_address>
         <size>0xdc</size>
         <input_file_ref idref="fl-e6"/>
      </object_component>
      <object_component id="oc-31d">
         <name>.text:free</name>
         <load_address>0x1eec</load_address>
         <run_address>0x1eec</run_address>
         <size>0xd8</size>
         <input_file_ref idref="fl-f0"/>
      </object_component>
      <object_component id="oc-186">
         <name>.text:_ltostr</name>
         <load_address>0x1fc4</load_address>
         <run_address>0x1fc4</run_address>
         <size>0xb1</size>
         <input_file_ref idref="fl-ca"/>
      </object_component>
      <object_component id="oc-37">
         <name>.text</name>
         <load_address>0x2076</load_address>
         <run_address>0x2076</run_address>
         <size>0x9c</size>
         <input_file_ref idref="fl-c6"/>
      </object_component>
      <object_component id="oc-208">
         <name>.text</name>
         <load_address>0x2112</load_address>
         <run_address>0x2112</run_address>
         <size>0x96</size>
         <input_file_ref idref="fl-e0"/>
      </object_component>
      <object_component id="oc-1dc">
         <name>.text:fputc</name>
         <load_address>0x21a8</load_address>
         <run_address>0x21a8</run_address>
         <size>0x8c</size>
         <input_file_ref idref="fl-ce"/>
      </object_component>
      <object_component id="oc-18c">
         <name>.text:__aeabi_cdcmple</name>
         <load_address>0x2234</load_address>
         <run_address>0x2234</run_address>
         <size>0x86</size>
         <input_file_ref idref="fl-db"/>
      </object_component>
      <object_component id="oc-219">
         <name>.text:__aeabi_cdrcmple</name>
         <load_address>0x22ba</load_address>
         <run_address>0x22ba</run_address>
         <size>0x86</size>
         <input_file_ref idref="fl-db"/>
      </object_component>
      <object_component id="oc-8b">
         <name>.text</name>
         <load_address>0x2340</load_address>
         <run_address>0x2340</run_address>
         <size>0x7a</size>
         <input_file_ref idref="fl-c5"/>
      </object_component>
      <object_component id="oc-323">
         <name>.text:malloc</name>
         <load_address>0x23bc</load_address>
         <run_address>0x23bc</run_address>
         <size>0x78</size>
         <input_file_ref idref="fl-f0"/>
      </object_component>
      <object_component id="oc-368">
         <name>.text:__TI_closefile</name>
         <load_address>0x2434</load_address>
         <run_address>0x2434</run_address>
         <size>0x74</size>
         <input_file_ref idref="fl-f4"/>
      </object_component>
      <object_component id="oc-239">
         <name>.text:_mcpy</name>
         <load_address>0x24a8</load_address>
         <run_address>0x24a8</run_address>
         <size>0x6e</size>
         <input_file_ref idref="fl-ca"/>
      </object_component>
      <object_component id="oc-38c">
         <name>.text:HOSTlseek</name>
         <load_address>0x2518</load_address>
         <run_address>0x2518</run_address>
         <size>0x68</size>
         <input_file_ref idref="fl-e8"/>
      </object_component>
      <object_component id="oc-398">
         <name>.text:HOSTrename</name>
         <load_address>0x2580</load_address>
         <run_address>0x2580</run_address>
         <size>0x68</size>
         <input_file_ref idref="fl-eb"/>
      </object_component>
      <object_component id="oc-14">
         <name>.text:decompress:lzss:__TI_decompress_lzss</name>
         <load_address>0x25e8</load_address>
         <run_address>0x25e8</run_address>
         <size>0x68</size>
         <input_file_ref idref="fl-bf"/>
      </object_component>
      <object_component id="oc-d3">
         <name>.text:printf</name>
         <load_address>0x2650</load_address>
         <run_address>0x2650</run_address>
         <size>0x68</size>
         <input_file_ref idref="fl-c4"/>
      </object_component>
      <object_component id="oc-24e">
         <name>.text:frexp</name>
         <load_address>0x26b8</load_address>
         <run_address>0x26b8</run_address>
         <size>0x64</size>
         <input_file_ref idref="fl-d6"/>
      </object_component>
      <object_component id="oc-2e9">
         <name>.text:fseek</name>
         <load_address>0x271c</load_address>
         <run_address>0x271c</run_address>
         <size>0x64</size>
         <input_file_ref idref="fl-e4"/>
      </object_component>
      <object_component id="oc-285">
         <name>.text:__TI_wrt_ok</name>
         <load_address>0x2780</load_address>
         <run_address>0x2780</run_address>
         <size>0x62</size>
         <input_file_ref idref="fl-e2"/>
      </object_component>
      <object_component id="oc-374">
         <name>.text:HOSTopen</name>
         <load_address>0x27e4</load_address>
         <run_address>0x27e4</run_address>
         <size>0x60</size>
         <input_file_ref idref="fl-e9"/>
      </object_component>
      <object_component id="oc-3a7">
         <name>.text:close</name>
         <load_address>0x2844</load_address>
         <run_address>0x2844</run_address>
         <size>0x5c</size>
         <input_file_ref idref="fl-fa"/>
      </object_component>
      <object_component id="oc-380">
         <name>.text:HOSTread</name>
         <load_address>0x28a0</load_address>
         <run_address>0x28a0</run_address>
         <size>0x58</size>
         <input_file_ref idref="fl-ea"/>
      </object_component>
      <object_component id="oc-386">
         <name>.text:HOSTwrite</name>
         <load_address>0x28f8</load_address>
         <run_address>0x28f8</run_address>
         <size>0x58</size>
         <input_file_ref idref="fl-ed"/>
      </object_component>
      <object_component id="oc-197">
         <name>.text:_pconv_f</name>
         <load_address>0x2950</load_address>
         <run_address>0x2950</run_address>
         <size>0x56</size>
         <input_file_ref idref="fl-ca"/>
      </object_component>
      <object_component id="oc-223">
         <name>.text:ltoa</name>
         <load_address>0x29a6</load_address>
         <run_address>0x29a6</run_address>
         <size>0x54</size>
         <input_file_ref idref="fl-d0"/>
      </object_component>
      <object_component id="oc-233">
         <name>.text:_ecpy</name>
         <load_address>0x29fa</load_address>
         <run_address>0x29fa</run_address>
         <size>0x52</size>
         <input_file_ref idref="fl-ca"/>
      </object_component>
      <object_component id="oc-291">
         <name>.text:__TI_doflush</name>
         <load_address>0x2a4c</load_address>
         <run_address>0x2a4c</run_address>
         <size>0x4c</size>
         <input_file_ref idref="fl-e3"/>
      </object_component>
      <object_component id="oc-180">
         <name>.text:atoi</name>
         <load_address>0x2a98</load_address>
         <run_address>0x2a98</run_address>
         <size>0x4c</size>
         <input_file_ref idref="fl-cb"/>
      </object_component>
      <object_component id="oc-e8">
         <name>.text:exit</name>
         <load_address>0x2ae4</load_address>
         <run_address>0x2ae4</run_address>
         <size>0x48</size>
         <input_file_ref idref="fl-c1"/>
      </object_component>
      <object_component id="oc-21e">
         <name>.text</name>
         <load_address>0x2b2c</load_address>
         <run_address>0x2b2c</run_address>
         <size>0x48</size>
         <input_file_ref idref="fl-de"/>
      </object_component>
      <object_component id="oc-37a">
         <name>.text:HOSTclose</name>
         <load_address>0x2b74</load_address>
         <run_address>0x2b74</run_address>
         <size>0x44</size>
         <input_file_ref idref="fl-e7"/>
      </object_component>
      <object_component id="oc-392">
         <name>.text:HOSTunlink</name>
         <load_address>0x2bb8</load_address>
         <run_address>0x2bb8</run_address>
         <size>0x44</size>
         <input_file_ref idref="fl-ec"/>
      </object_component>
      <object_component id="oc-ee">
         <name>.text:__TI_auto_init_nobinit_nopinit:__TI_auto_init_nobinit_nopinit</name>
         <load_address>0x2bfc</load_address>
         <run_address>0x2bfc</run_address>
         <size>0x44</size>
         <input_file_ref idref="fl-c7"/>
      </object_component>
      <object_component id="oc-3dc">
         <name>.text:getdevice</name>
         <load_address>0x2c40</load_address>
         <run_address>0x2c40</run_address>
         <size>0x44</size>
         <input_file_ref idref="fl-f5"/>
      </object_component>
      <object_component id="oc-246">
         <name>.text:_fcpy</name>
         <load_address>0x2c84</load_address>
         <run_address>0x2c84</run_address>
         <size>0x3e</size>
         <input_file_ref idref="fl-ca"/>
      </object_component>
      <object_component id="oc-35d">
         <name>.text:minsert</name>
         <load_address>0x2cc4</load_address>
         <run_address>0x2cc4</run_address>
         <size>0x3c</size>
         <input_file_ref idref="fl-f0"/>
      </object_component>
      <object_component id="oc-3b8">
         <name>.text:__TI_writemsg</name>
         <load_address>0x2d00</load_address>
         <run_address>0x2d00</run_address>
         <size>0x38</size>
         <input_file_ref idref="fl-ee"/>
      </object_component>
      <object_component id="oc-55">
         <name>.text:_c_int00_noargs:_c_int00_noargs</name>
         <load_address>0x2d38</load_address>
         <run_address>0x2d38</run_address>
         <size>0x38</size>
         <input_file_ref idref="fl-c0"/>
      </object_component>
      <object_component id="oc-351">
         <name>.text:minit</name>
         <load_address>0x2d70</load_address>
         <run_address>0x2d70</run_address>
         <size>0x38</size>
         <input_file_ref idref="fl-f0"/>
      </object_component>
      <object_component id="oc-3fe">
         <name>.text:strncpy</name>
         <load_address>0x2da8</load_address>
         <run_address>0x2da8</run_address>
         <size>0x36</size>
         <input_file_ref idref="fl-f8"/>
      </object_component>
      <object_component id="oc-329">
         <name>.text:__TI_cleanup</name>
         <load_address>0x2de0</load_address>
         <run_address>0x2de0</run_address>
         <size>0x34</size>
         <input_file_ref idref="fl-f1"/>
      </object_component>
      <object_component id="oc-3be">
         <name>.text:__TI_readmsg</name>
         <load_address>0x2e14</load_address>
         <run_address>0x2e14</run_address>
         <size>0x34</size>
         <input_file_ref idref="fl-ee"/>
      </object_component>
      <object_component id="oc-404">
         <name>.text:finddevice</name>
         <load_address>0x2e48</load_address>
         <run_address>0x2e48</run_address>
         <size>0x30</size>
         <input_file_ref idref="fl-f5"/>
      </object_component>
      <object_component id="oc-229">
         <name>.text</name>
         <load_address>0x2e78</load_address>
         <run_address>0x2e78</run_address>
         <size>0x2e</size>
         <input_file_ref idref="fl-df"/>
      </object_component>
      <object_component id="oc-3ad">
         <name>.text:unlink</name>
         <load_address>0x2ea8</load_address>
         <run_address>0x2ea8</run_address>
         <size>0x2c</size>
         <input_file_ref idref="fl-f9"/>
      </object_component>
      <object_component id="oc-315">
         <name>.text:lseek</name>
         <load_address>0x2ed4</load_address>
         <run_address>0x2ed4</run_address>
         <size>0x28</size>
         <input_file_ref idref="fl-e5"/>
      </object_component>
      <object_component id="oc-357">
         <name>.text:mremove</name>
         <load_address>0x2efc</load_address>
         <run_address>0x2efc</run_address>
         <size>0x28</size>
         <input_file_ref idref="fl-f0"/>
      </object_component>
      <object_component id="oc-297">
         <name>.text:write</name>
         <load_address>0x2f24</load_address>
         <run_address>0x2f24</run_address>
         <size>0x28</size>
         <input_file_ref idref="fl-d5"/>
      </object_component>
      <object_component id="oc-28b">
         <name>.text:memchr</name>
         <load_address>0x2f4c</load_address>
         <run_address>0x2f4c</run_address>
         <size>0x20</size>
         <input_file_ref idref="fl-d2"/>
      </object_component>
      <object_component id="oc-1a9">
         <name>.text:memccpy</name>
         <load_address>0x2f6c</load_address>
         <run_address>0x2f6c</run_address>
         <size>0x1c</size>
         <input_file_ref idref="fl-d1"/>
      </object_component>
      <object_component id="oc-41b">
         <name>.text:strcmp</name>
         <load_address>0x2f88</load_address>
         <run_address>0x2f88</run_address>
         <size>0x18</size>
         <input_file_ref idref="fl-f7"/>
      </object_component>
      <object_component id="oc-25a">
         <name>.text:strchr</name>
         <load_address>0x2fa0</load_address>
         <run_address>0x2fa0</run_address>
         <size>0x16</size>
         <input_file_ref idref="fl-d3"/>
      </object_component>
      <object_component id="oc-2cd">
         <name>.text:copysign</name>
         <load_address>0x2fb6</load_address>
         <run_address>0x2fb6</run_address>
         <size>0x14</size>
         <input_file_ref idref="fl-d8"/>
      </object_component>
      <object_component id="oc-3d2">
         <name>.text:strcpy</name>
         <load_address>0x2fca</load_address>
         <run_address>0x2fca</run_address>
         <size>0x14</size>
         <input_file_ref idref="fl-f3"/>
      </object_component>
      <object_component id="oc-17a">
         <name>.text:strlen</name>
         <load_address>0x2fde</load_address>
         <run_address>0x2fde</run_address>
         <size>0x14</size>
         <input_file_ref idref="fl-d4"/>
      </object_component>
      <object_component id="oc-1af">
         <name>.text:wcslen</name>
         <load_address>0x2ff2</load_address>
         <run_address>0x2ff2</run_address>
         <size>0x12</size>
         <input_file_ref idref="fl-d9"/>
      </object_component>
      <object_component id="oc-1a">
         <name>.text:decompress:none:__TI_decompress_none</name>
         <load_address>0x3004</load_address>
         <run_address>0x3004</run_address>
         <size>0xe</size>
         <input_file_ref idref="fl-be"/>
      </object_component>
      <object_component id="oc-67">
         <name>.text</name>
         <load_address>0x3012</load_address>
         <run_address>0x3012</run_address>
         <size>0xe</size>
         <input_file_ref idref="fl-2"/>
      </object_component>
      <object_component id="oc-49">
         <name>.text:decompress:ZI:__TI_zero_init</name>
         <load_address>0x3020</load_address>
         <run_address>0x3020</run_address>
         <size>0xc</size>
         <input_file_ref idref="fl-bd"/>
      </object_component>
      <object_component id="oc-1b5">
         <name>.text:__aeabi_errno_addr</name>
         <load_address>0x302c</load_address>
         <run_address>0x302c</run_address>
         <size>0x8</size>
         <input_file_ref idref="fl-e1"/>
      </object_component>
      <object_component id="oc-140">
         <name>.text:_outc</name>
         <load_address>0x3034</load_address>
         <run_address>0x3034</run_address>
         <size>0x4</size>
         <input_file_ref idref="fl-c4"/>
      </object_component>
      <object_component id="oc-13a">
         <name>.text:_outs</name>
         <load_address>0x3038</load_address>
         <run_address>0x3038</run_address>
         <size>0x4</size>
         <input_file_ref idref="fl-c4"/>
      </object_component>
      <object_component id="oc-91">
         <name>.text:_system_pre_init</name>
         <load_address>0x303c</load_address>
         <run_address>0x303c</run_address>
         <size>0x4</size>
         <input_file_ref idref="fl-c8"/>
      </object_component>
      <object_component id="oc-e2">
         <name>.text:abort:abort</name>
         <load_address>0x3040</load_address>
         <run_address>0x3040</run_address>
         <size>0x4</size>
         <input_file_ref idref="fl-c1"/>
      </object_component>
      <object_component id="oc-203">
         <name>.const:.string:_ctypes_</name>
         <load_address>0x3044</load_address>
         <run_address>0x3044</run_address>
         <size>0x101</size>
         <input_file_ref idref="fl-cc"/>
      </object_component>
      <object_component id="oc-459">
         <name>.cinit..data.load</name>
         <load_address>0x3148</load_address>
         <run_address>0x3148</run_address>
         <size>0x9f</size>
      </object_component>
      <object_component id="oc-457">
         <name>__TI_handler_table</name>
         <load_address>0x31e8</load_address>
         <run_address>0x31e8</run_address>
         <size>0xc</size>
      </object_component>
      <object_component id="oc-45a">
         <name>.cinit..bss.load</name>
         <load_address>0x31f8</load_address>
         <run_address>0x31f8</run_address>
         <size>0x8</size>
      </object_component>
      <object_component id="oc-458">
         <name>__TI_cinit_table</name>
         <load_address>0x3200</load_address>
         <run_address>0x3200</run_address>
         <size>0x10</size>
      </object_component>
      <object_component id="oc-42c">
         <name>.binit</name>
         <load_address>0x0</load_address>
         <run_address>0x0</run_address>
         <size>0x0</size>
      </object_component>
      <object_component id="oc-dd">
         <name>.data</name>
         <load_address>0x20000cb0</load_address>
         <run_address>0x20000cb0</run_address>
         <size>0x38</size>
         <input_file_ref idref="fl-1"/>
      </object_component>
      <object_component id="oc-120">
         <name>.data</name>
         <load_address>0x20000d1c</load_address>
         <run_address>0x20000d1c</run_address>
         <size>0x4</size>
         <input_file_ref idref="fl-3"/>
      </object_component>
      <object_component id="oc-15c">
         <name>.data:$O1$$</name>
         <load_address>0x20000cf8</load_address>
         <run_address>0x20000cf8</run_address>
         <size>0xc</size>
         <input_file_ref idref="fl-c1"/>
      </object_component>
      <object_component id="oc-134">
         <name>.data:$O1$$</name>
         <load_address>0x20000d10</load_address>
         <run_address>0x20000d10</run_address>
         <size>0x8</size>
         <input_file_ref idref="fl-c2"/>
      </object_component>
      <object_component id="oc-137">
         <name>.data:_ftable</name>
         <load_address>0x20000af8</load_address>
         <run_address>0x20000af8</run_address>
         <size>0xf0</size>
         <input_file_ref idref="fl-cd"/>
      </object_component>
      <object_component id="oc-36e">
         <name>.data</name>
         <load_address>0x20000ce8</load_address>
         <run_address>0x20000ce8</run_address>
         <size>0x10</size>
         <input_file_ref idref="fl-cd"/>
      </object_component>
      <object_component id="oc-33c">
         <name>.data:_device</name>
         <load_address>0x20000be8</load_address>
         <run_address>0x20000be8</run_address>
         <size>0x78</size>
         <input_file_ref idref="fl-d5"/>
      </object_component>
      <object_component id="oc-2fb">
         <name>.data:_stream</name>
         <load_address>0x20000c60</load_address>
         <run_address>0x20000c60</run_address>
         <size>0x50</size>
         <input_file_ref idref="fl-d5"/>
      </object_component>
      <object_component id="oc-26a">
         <name>.data</name>
         <load_address>0x20000d18</load_address>
         <run_address>0x20000d18</run_address>
         <size>0x4</size>
         <input_file_ref idref="fl-e1"/>
      </object_component>
      <object_component id="oc-363">
         <name>.data:$O1$$</name>
         <load_address>0x20000d04</load_address>
         <run_address>0x20000d04</run_address>
         <size>0xc</size>
         <input_file_ref idref="fl-f0"/>
      </object_component>
      <object_component id="oc-3e6">
         <name>.bss:_CIOBUF_</name>
         <uninitialized>true</uninitialized>
         <run_address>0x20000500</run_address>
         <size>0x120</size>
         <input_file_ref idref="fl-ee"/>
      </object_component>
      <object_component id="oc-dc">
         <name>.common:adc</name>
         <uninitialized>true</uninitialized>
         <run_address>0x200006c0</run_address>
         <size>0x28</size>
      </object_component>
      <object_component id="oc-d9">
         <name>.common:i</name>
         <uninitialized>true</uninitialized>
         <run_address>0x200006f0</run_address>
         <size>0x4</size>
      </object_component>
      <object_component id="oc-e0">
         <name>.common:arr</name>
         <uninitialized>true</uninitialized>
         <run_address>0x20000000</run_address>
         <size>0x500</size>
      </object_component>
      <object_component id="oc-3b3">
         <name>.common:__TI_tmpnams</name>
         <uninitialized>true</uninitialized>
         <run_address>0x20000620</run_address>
         <size>0xa0</size>
      </object_component>
      <object_component id="oc-3c4">
         <name>.common:parmbuf</name>
         <uninitialized>true</uninitialized>
         <run_address>0x200006e8</run_address>
         <size>0x8</size>
      </object_component>
      <object_component id="oc-29">
         <name>.sysmem</name>
         <uninitialized>true</uninitialized>
         <run_address>0x200006f8</run_address>
         <size>0x8</size>
         <input_file_ref idref="fl-f0"/>
      </object_component>
      <object_component id="oc-45c">
         <name>.sysmem</name>
         <uninitialized>true</uninitialized>
         <run_address>0x200006f8</run_address>
         <size>0x0</size>
      </object_component>
      <object_component id="oc-26">
         <name>.stack</name>
         <uninitialized>true</uninitialized>
         <run_address>0x2000fe00</run_address>
         <size>0x4</size>
         <input_file_ref idref="fl-c0"/>
      </object_component>
      <object_component id="oc-45b">
         <name>.stack</name>
         <uninitialized>true</uninitialized>
         <run_address>0x2000fe00</run_address>
         <size>0x0</size>
      </object_component>
      <object_component id="oc-da">
         <name>.debug_info</name>
         <load_address>0x0</load_address>
         <run_address>0x0</run_address>
         <size>0x621</size>
         <input_file_ref idref="fl-1"/>
      </object_component>
      <object_component id="oc-de">
         <name>.debug_info</name>
         <load_address>0x621</load_address>
         <run_address>0x621</run_address>
         <size>0x3fd</size>
         <input_file_ref idref="fl-1"/>
      </object_component>
      <object_component id="oc-98">
         <name>.debug_info</name>
         <load_address>0xa1e</load_address>
         <run_address>0xa1e</run_address>
         <size>0x100</size>
         <input_file_ref idref="fl-1"/>
      </object_component>
      <object_component id="oc-14f">
         <name>.debug_info</name>
         <load_address>0xb1e</load_address>
         <run_address>0xb1e</run_address>
         <size>0x37e2</size>
         <input_file_ref idref="fl-1"/>
      </object_component>
      <object_component id="oc-b2">
         <name>.debug_info</name>
         <load_address>0x4300</load_address>
         <run_address>0x4300</run_address>
         <size>0x26b</size>
         <input_file_ref idref="fl-1"/>
      </object_component>
      <object_component id="oc-154">
         <name>.debug_info</name>
         <load_address>0x456b</load_address>
         <run_address>0x456b</run_address>
         <size>0x1055</size>
         <input_file_ref idref="fl-1"/>
      </object_component>
      <object_component id="oc-32">
         <name>.debug_info</name>
         <load_address>0x55c0</load_address>
         <run_address>0x55c0</run_address>
         <size>0x84</size>
         <input_file_ref idref="fl-1"/>
      </object_component>
      <object_component id="oc-129">
         <name>.debug_info</name>
         <load_address>0x5644</load_address>
         <run_address>0x5644</run_address>
         <size>0x297</size>
         <input_file_ref idref="fl-1"/>
      </object_component>
      <object_component id="oc-124">
         <name>.debug_info</name>
         <load_address>0x58db</load_address>
         <run_address>0x58db</run_address>
         <size>0xbb</size>
         <input_file_ref idref="fl-1"/>
      </object_component>
      <object_component id="oc-148">
         <name>.debug_info</name>
         <load_address>0x5996</load_address>
         <run_address>0x5996</run_address>
         <size>0x2c</size>
         <input_file_ref idref="fl-1"/>
      </object_component>
      <object_component id="oc-6f">
         <name>.debug_info</name>
         <load_address>0x59c2</load_address>
         <run_address>0x59c2</run_address>
         <size>0x2c1</size>
         <input_file_ref idref="fl-2"/>
      </object_component>
      <object_component id="oc-24">
         <name>.debug_info</name>
         <load_address>0x5c83</load_address>
         <run_address>0x5c83</run_address>
         <size>0xed</size>
         <input_file_ref idref="fl-2"/>
      </object_component>
      <object_component id="oc-68">
         <name>.debug_info</name>
         <load_address>0x5d70</load_address>
         <run_address>0x5d70</run_address>
         <size>0x1b4</size>
         <input_file_ref idref="fl-2"/>
      </object_component>
      <object_component id="oc-121">
         <name>.debug_info</name>
         <load_address>0x5f24</load_address>
         <run_address>0x5f24</run_address>
         <size>0xe6</size>
         <input_file_ref idref="fl-3"/>
      </object_component>
      <object_component id="oc-aa">
         <name>.debug_info</name>
         <load_address>0x600a</load_address>
         <run_address>0x600a</run_address>
         <size>0x258</size>
         <input_file_ref idref="fl-3"/>
      </object_component>
      <object_component id="oc-8a">
         <name>.debug_info</name>
         <load_address>0x6262</load_address>
         <run_address>0x6262</run_address>
         <size>0x313</size>
         <input_file_ref idref="fl-bd"/>
      </object_component>
      <object_component id="oc-4a">
         <name>.debug_info</name>
         <load_address>0x6575</load_address>
         <run_address>0x6575</run_address>
         <size>0x1aa</size>
         <input_file_ref idref="fl-bd"/>
      </object_component>
      <object_component id="oc-85">
         <name>.debug_info</name>
         <load_address>0x671f</load_address>
         <run_address>0x671f</run_address>
         <size>0x46</size>
         <input_file_ref idref="fl-bd"/>
      </object_component>
      <object_component id="oc-ca">
         <name>.debug_info</name>
         <load_address>0x6765</load_address>
         <run_address>0x6765</run_address>
         <size>0x2c</size>
         <input_file_ref idref="fl-bd"/>
      </object_component>
      <object_component id="oc-42">
         <name>.debug_info</name>
         <load_address>0x6791</load_address>
         <run_address>0x6791</run_address>
         <size>0x29d</size>
         <input_file_ref idref="fl-be"/>
      </object_component>
      <object_component id="oc-1b">
         <name>.debug_info</name>
         <load_address>0x6a2e</load_address>
         <run_address>0x6a2e</run_address>
         <size>0x1df</size>
         <input_file_ref idref="fl-be"/>
      </object_component>
      <object_component id="oc-3d">
         <name>.debug_info</name>
         <load_address>0x6c0d</load_address>
         <run_address>0x6c0d</run_address>
         <size>0x46</size>
         <input_file_ref idref="fl-be"/>
      </object_component>
      <object_component id="oc-7d">
         <name>.debug_info</name>
         <load_address>0x6c53</load_address>
         <run_address>0x6c53</run_address>
         <size>0x2c</size>
         <input_file_ref idref="fl-be"/>
      </object_component>
      <object_component id="oc-7b">
         <name>.debug_info</name>
         <load_address>0x6c7f</load_address>
         <run_address>0x6c7f</run_address>
         <size>0x293</size>
         <input_file_ref idref="fl-bf"/>
      </object_component>
      <object_component id="oc-15">
         <name>.debug_info</name>
         <load_address>0x6f12</load_address>
         <run_address>0x6f12</run_address>
         <size>0x245</size>
         <input_file_ref idref="fl-bf"/>
      </object_component>
      <object_component id="oc-2d">
         <name>.debug_info</name>
         <load_address>0x7157</load_address>
         <run_address>0x7157</run_address>
         <size>0x60</size>
         <input_file_ref idref="fl-bf"/>
      </object_component>
      <object_component id="oc-c3">
         <name>.debug_info</name>
         <load_address>0x71b7</load_address>
         <run_address>0x71b7</run_address>
         <size>0x46</size>
         <input_file_ref idref="fl-bf"/>
      </object_component>
      <object_component id="oc-76">
         <name>.debug_info</name>
         <load_address>0x71fd</load_address>
         <run_address>0x71fd</run_address>
         <size>0x39</size>
         <input_file_ref idref="fl-bf"/>
      </object_component>
      <object_component id="oc-27">
         <name>.debug_info</name>
         <load_address>0x7236</load_address>
         <run_address>0x7236</run_address>
         <size>0x100</size>
         <input_file_ref idref="fl-c0"/>
      </object_component>
      <object_component id="oc-56">
         <name>.debug_info</name>
         <load_address>0x7336</load_address>
         <run_address>0x7336</run_address>
         <size>0x1a4</size>
         <input_file_ref idref="fl-c0"/>
      </object_component>
      <object_component id="oc-160">
         <name>.debug_info</name>
         <load_address>0x74da</load_address>
         <run_address>0x74da</run_address>
         <size>0x3a2</size>
         <input_file_ref idref="fl-c1"/>
      </object_component>
      <object_component id="oc-15d">
         <name>.debug_info</name>
         <load_address>0x787c</load_address>
         <run_address>0x787c</run_address>
         <size>0x185</size>
         <input_file_ref idref="fl-c1"/>
      </object_component>
      <object_component id="oc-e3">
         <name>.debug_info</name>
         <load_address>0x7a01</load_address>
         <run_address>0x7a01</run_address>
         <size>0x117</size>
         <input_file_ref idref="fl-c1"/>
      </object_component>
      <object_component id="oc-e9">
         <name>.debug_info</name>
         <load_address>0x7b18</load_address>
         <run_address>0x7b18</run_address>
         <size>0x179</size>
         <input_file_ref idref="fl-c1"/>
      </object_component>
      <object_component id="oc-1cf">
         <name>.debug_info</name>
         <load_address>0x7c91</load_address>
         <run_address>0x7c91</run_address>
         <size>0x2be</size>
         <input_file_ref idref="fl-c2"/>
      </object_component>
      <object_component id="oc-135">
         <name>.debug_info</name>
         <load_address>0x7f4f</load_address>
         <run_address>0x7f4f</run_address>
         <size>0x113</size>
         <input_file_ref idref="fl-c2"/>
      </object_component>
      <object_component id="oc-1c8">
         <name>.debug_info</name>
         <load_address>0x8062</load_address>
         <run_address>0x8062</run_address>
         <size>0x123</size>
         <input_file_ref idref="fl-c2"/>
      </object_component>
      <object_component id="oc-147">
         <name>.debug_info</name>
         <load_address>0x8185</load_address>
         <run_address>0x8185</run_address>
         <size>0x3da</size>
         <input_file_ref idref="fl-c4"/>
      </object_component>
      <object_component id="oc-141">
         <name>.debug_info</name>
         <load_address>0x855f</load_address>
         <run_address>0x855f</run_address>
         <size>0x14c</size>
         <input_file_ref idref="fl-c4"/>
      </object_component>
      <object_component id="oc-13b">
         <name>.debug_info</name>
         <load_address>0x86ab</load_address>
         <run_address>0x86ab</run_address>
         <size>0x15b</size>
         <input_file_ref idref="fl-c4"/>
      </object_component>
      <object_component id="oc-d4">
         <name>.debug_info</name>
         <load_address>0x8806</load_address>
         <run_address>0x8806</run_address>
         <size>0x1a1</size>
         <input_file_ref idref="fl-c4"/>
      </object_component>
      <object_component id="oc-1e5">
         <name>.debug_info</name>
         <load_address>0x89a7</load_address>
         <run_address>0x89a7</run_address>
         <size>0xb2</size>
         <input_file_ref idref="fl-c4"/>
      </object_component>
      <object_component id="oc-8c">
         <name>.debug_info</name>
         <load_address>0x8a59</load_address>
         <run_address>0x8a59</run_address>
         <size>0x13f</size>
         <input_file_ref idref="fl-c5"/>
      </object_component>
      <object_component id="oc-38">
         <name>.debug_info</name>
         <load_address>0x8b98</load_address>
         <run_address>0x8b98</run_address>
         <size>0x111</size>
         <input_file_ref idref="fl-c6"/>
      </object_component>
      <object_component id="oc-163">
         <name>.debug_info</name>
         <load_address>0x8ca9</load_address>
         <run_address>0x8ca9</run_address>
         <size>0x547</size>
         <input_file_ref idref="fl-c7"/>
      </object_component>
      <object_component id="oc-ef">
         <name>.debug_info</name>
         <load_address>0x91f0</load_address>
         <run_address>0x91f0</run_address>
         <size>0x19b</size>
         <input_file_ref idref="fl-c7"/>
      </object_component>
      <object_component id="oc-1f0">
         <name>.debug_info</name>
         <load_address>0x938b</load_address>
         <run_address>0x938b</run_address>
         <size>0x39</size>
         <input_file_ref idref="fl-c7"/>
      </object_component>
      <object_component id="oc-2a1">
         <name>.debug_info</name>
         <load_address>0x93c4</load_address>
         <run_address>0x93c4</run_address>
         <size>0x39</size>
         <input_file_ref idref="fl-c7"/>
      </object_component>
      <object_component id="oc-1f5">
         <name>.debug_info</name>
         <load_address>0x93fd</load_address>
         <run_address>0x93fd</run_address>
         <size>0x39</size>
         <input_file_ref idref="fl-c7"/>
      </object_component>
      <object_component id="oc-1fa">
         <name>.debug_info</name>
         <load_address>0x9436</load_address>
         <run_address>0x9436</run_address>
         <size>0xcd</size>
         <input_file_ref idref="fl-c7"/>
      </object_component>
      <object_component id="oc-92">
         <name>.debug_info</name>
         <load_address>0x9503</load_address>
         <run_address>0x9503</run_address>
         <size>0x148</size>
         <input_file_ref idref="fl-c8"/>
      </object_component>
      <object_component id="oc-1bc">
         <name>.debug_info</name>
         <load_address>0x964b</load_address>
         <run_address>0x964b</run_address>
         <size>0x8a6</size>
         <input_file_ref idref="fl-ca"/>
      </object_component>
      <object_component id="oc-187">
         <name>.debug_info</name>
         <load_address>0x9ef1</load_address>
         <run_address>0x9ef1</run_address>
         <size>0x213</size>
         <input_file_ref idref="fl-ca"/>
      </object_component>
      <object_component id="oc-234">
         <name>.debug_info</name>
         <load_address>0xa104</load_address>
         <run_address>0xa104</run_address>
         <size>0x1a8</size>
         <input_file_ref idref="fl-ca"/>
      </object_component>
      <object_component id="oc-23a">
         <name>.debug_info</name>
         <load_address>0xa2ac</load_address>
         <run_address>0xa2ac</run_address>
         <size>0x210</size>
         <input_file_ref idref="fl-ca"/>
      </object_component>
      <object_component id="oc-192">
         <name>.debug_info</name>
         <load_address>0xa4bc</load_address>
         <run_address>0xa4bc</run_address>
         <size>0x3b0</size>
         <input_file_ref idref="fl-ca"/>
      </object_component>
      <object_component id="oc-241">
         <name>.debug_info</name>
         <load_address>0xa86c</load_address>
         <run_address>0xa86c</run_address>
         <size>0x2fa</size>
         <input_file_ref idref="fl-ca"/>
      </object_component>
      <object_component id="oc-247">
         <name>.debug_info</name>
         <load_address>0xab66</load_address>
         <run_address>0xab66</run_address>
         <size>0x20a</size>
         <input_file_ref idref="fl-ca"/>
      </object_component>
      <object_component id="oc-198">
         <name>.debug_info</name>
         <load_address>0xad70</load_address>
         <run_address>0xad70</run_address>
         <size>0x20a</size>
         <input_file_ref idref="fl-ca"/>
      </object_component>
      <object_component id="oc-19e">
         <name>.debug_info</name>
         <load_address>0xaf7a</load_address>
         <run_address>0xaf7a</run_address>
         <size>0x2f9</size>
         <input_file_ref idref="fl-ca"/>
      </object_component>
      <object_component id="oc-1a4">
         <name>.debug_info</name>
         <load_address>0xb273</load_address>
         <run_address>0xb273</run_address>
         <size>0x4a5</size>
         <input_file_ref idref="fl-ca"/>
      </object_component>
      <object_component id="oc-12f">
         <name>.debug_info</name>
         <load_address>0xb718</load_address>
         <run_address>0xb718</run_address>
         <size>0x5cd</size>
         <input_file_ref idref="fl-ca"/>
      </object_component>
      <object_component id="oc-1bd">
         <name>.debug_info</name>
         <load_address>0xbce5</load_address>
         <run_address>0xbce5</run_address>
         <size>0x86</size>
         <input_file_ref idref="fl-ca"/>
      </object_component>
      <object_component id="oc-276">
         <name>.debug_info</name>
         <load_address>0xbd6b</load_address>
         <run_address>0xbd6b</run_address>
         <size>0x39</size>
         <input_file_ref idref="fl-ca"/>
      </object_component>
      <object_component id="oc-2e4">
         <name>.debug_info</name>
         <load_address>0xbda4</load_address>
         <run_address>0xbda4</run_address>
         <size>0xb6</size>
         <input_file_ref idref="fl-ca"/>
      </object_component>
      <object_component id="oc-27b">
         <name>.debug_info</name>
         <load_address>0xbe5a</load_address>
         <run_address>0xbe5a</run_address>
         <size>0x46</size>
         <input_file_ref idref="fl-ca"/>
      </object_component>
      <object_component id="oc-1c2">
         <name>.debug_info</name>
         <load_address>0xbea0</load_address>
         <run_address>0xbea0</run_address>
         <size>0x46</size>
         <input_file_ref idref="fl-ca"/>
      </object_component>
      <object_component id="oc-271">
         <name>.debug_info</name>
         <load_address>0xbee6</load_address>
         <run_address>0xbee6</run_address>
         <size>0x2c</size>
         <input_file_ref idref="fl-ca"/>
      </object_component>
      <object_component id="oc-207">
         <name>.debug_info</name>
         <load_address>0xbf12</load_address>
         <run_address>0xbf12</run_address>
         <size>0x2ae</size>
         <input_file_ref idref="fl-cb"/>
      </object_component>
      <object_component id="oc-182">
         <name>.debug_info</name>
         <load_address>0xc1c0</load_address>
         <run_address>0xc1c0</run_address>
         <size>0x171</size>
         <input_file_ref idref="fl-cb"/>
      </object_component>
      <object_component id="oc-2b1">
         <name>.debug_info</name>
         <load_address>0xc331</load_address>
         <run_address>0xc331</run_address>
         <size>0xee</size>
         <input_file_ref idref="fl-cc"/>
      </object_component>
      <object_component id="oc-204">
         <name>.debug_info</name>
         <load_address>0xc41f</load_address>
         <run_address>0xc41f</run_address>
         <size>0xfa</size>
         <input_file_ref idref="fl-cc"/>
      </object_component>
      <object_component id="oc-1d3">
         <name>.debug_info</name>
         <load_address>0xc519</load_address>
         <run_address>0xc519</run_address>
         <size>0x139</size>
         <input_file_ref idref="fl-cd"/>
      </object_component>
      <object_component id="oc-138">
         <name>.debug_info</name>
         <load_address>0xc652</load_address>
         <run_address>0xc652</run_address>
         <size>0xf7</size>
         <input_file_ref idref="fl-cd"/>
      </object_component>
      <object_component id="oc-36f">
         <name>.debug_info</name>
         <load_address>0xc749</load_address>
         <run_address>0xc749</run_address>
         <size>0x184</size>
         <input_file_ref idref="fl-cd"/>
      </object_component>
      <object_component id="oc-2a0">
         <name>.debug_info</name>
         <load_address>0xc8cd</load_address>
         <run_address>0xc8cd</run_address>
         <size>0x378</size>
         <input_file_ref idref="fl-ce"/>
      </object_component>
      <object_component id="oc-1dd">
         <name>.debug_info</name>
         <load_address>0xcc45</load_address>
         <run_address>0xcc45</run_address>
         <size>0x1df</size>
         <input_file_ref idref="fl-ce"/>
      </object_component>
      <object_component id="oc-29e">
         <name>.debug_info</name>
         <load_address>0xce24</load_address>
         <run_address>0xce24</run_address>
         <size>0x3f1</size>
         <input_file_ref idref="fl-cf"/>
      </object_component>
      <object_component id="oc-1d6">
         <name>.debug_info</name>
         <load_address>0xd215</load_address>
         <run_address>0xd215</run_address>
         <size>0x2d7</size>
         <input_file_ref idref="fl-cf"/>
      </object_component>
      <object_component id="oc-2bf">
         <name>.debug_info</name>
         <load_address>0xd4ec</load_address>
         <run_address>0xd4ec</run_address>
         <size>0x290</size>
         <input_file_ref idref="fl-d0"/>
      </object_component>
      <object_component id="oc-227">
         <name>.debug_info</name>
         <load_address>0xd77c</load_address>
         <run_address>0xd77c</run_address>
         <size>0x1c2</size>
         <input_file_ref idref="fl-d0"/>
      </object_component>
      <object_component id="oc-262">
         <name>.debug_info</name>
         <load_address>0xd93e</load_address>
         <run_address>0xd93e</run_address>
         <size>0x28b</size>
         <input_file_ref idref="fl-d1"/>
      </object_component>
      <object_component id="oc-1aa">
         <name>.debug_info</name>
         <load_address>0xdbc9</load_address>
         <run_address>0xdbc9</run_address>
         <size>0x1ab</size>
         <input_file_ref idref="fl-d1"/>
      </object_component>
      <object_component id="oc-2f8">
         <name>.debug_info</name>
         <load_address>0xdd74</load_address>
         <run_address>0xdd74</run_address>
         <size>0x29a</size>
         <input_file_ref idref="fl-d2"/>
      </object_component>
      <object_component id="oc-28d">
         <name>.debug_info</name>
         <load_address>0xe00e</load_address>
         <run_address>0xe00e</run_address>
         <size>0x242</size>
         <input_file_ref idref="fl-d2"/>
      </object_component>
      <object_component id="oc-2d6">
         <name>.debug_info</name>
         <load_address>0xe250</load_address>
         <run_address>0xe250</run_address>
         <size>0x28f</size>
         <input_file_ref idref="fl-d3"/>
      </object_component>
      <object_component id="oc-25b">
         <name>.debug_info</name>
         <load_address>0xe4df</load_address>
         <run_address>0xe4df</run_address>
         <size>0x247</size>
         <input_file_ref idref="fl-d3"/>
      </object_component>
      <object_component id="oc-202">
         <name>.debug_info</name>
         <load_address>0xe726</load_address>
         <run_address>0xe726</run_address>
         <size>0x284</size>
         <input_file_ref idref="fl-d4"/>
      </object_component>
      <object_component id="oc-17b">
         <name>.debug_info</name>
         <load_address>0xe9aa</load_address>
         <run_address>0xe9aa</run_address>
         <size>0x22a</size>
         <input_file_ref idref="fl-d4"/>
      </object_component>
      <object_component id="oc-2ff">
         <name>.debug_info</name>
         <load_address>0xebd4</load_address>
         <run_address>0xebd4</run_address>
         <size>0x4c5</size>
         <input_file_ref idref="fl-d5"/>
      </object_component>
      <object_component id="oc-33d">
         <name>.debug_info</name>
         <load_address>0xf099</load_address>
         <run_address>0xf099</run_address>
         <size>0xf8</size>
         <input_file_ref idref="fl-d5"/>
      </object_component>
      <object_component id="oc-2fc">
         <name>.debug_info</name>
         <load_address>0xf191</load_address>
         <run_address>0xf191</run_address>
         <size>0xf8</size>
         <input_file_ref idref="fl-d5"/>
      </object_component>
      <object_component id="oc-298">
         <name>.debug_info</name>
         <load_address>0xf289</load_address>
         <run_address>0xf289</run_address>
         <size>0x184</size>
         <input_file_ref idref="fl-d5"/>
      </object_component>
      <object_component id="oc-343">
         <name>.debug_info</name>
         <load_address>0xf40d</load_address>
         <run_address>0xf40d</run_address>
         <size>0x120</size>
         <input_file_ref idref="fl-d5"/>
      </object_component>
      <object_component id="oc-348">
         <name>.debug_info</name>
         <load_address>0xf52d</load_address>
         <run_address>0xf52d</run_address>
         <size>0x2c</size>
         <input_file_ref idref="fl-d5"/>
      </object_component>
      <object_component id="oc-2c7">
         <name>.debug_info</name>
         <load_address>0xf559</load_address>
         <run_address>0xf559</run_address>
         <size>0x28f</size>
         <input_file_ref idref="fl-d6"/>
      </object_component>
      <object_component id="oc-24f">
         <name>.debug_info</name>
         <load_address>0xf7e8</load_address>
         <run_address>0xf7e8</run_address>
         <size>0x18a</size>
         <input_file_ref idref="fl-d6"/>
      </object_component>
      <object_component id="oc-30b">
         <name>.debug_info</name>
         <load_address>0xf972</load_address>
         <run_address>0xf972</run_address>
         <size>0x39</size>
         <input_file_ref idref="fl-d6"/>
      </object_component>
      <object_component id="oc-2c8">
         <name>.debug_info</name>
         <load_address>0xf9ab</load_address>
         <run_address>0xf9ab</run_address>
         <size>0x2c</size>
         <input_file_ref idref="fl-d6"/>
      </object_component>
      <object_component id="oc-2d4">
         <name>.debug_info</name>
         <load_address>0xf9d7</load_address>
         <run_address>0xf9d7</run_address>
         <size>0x2f2</size>
         <input_file_ref idref="fl-d7"/>
      </object_component>
      <object_component id="oc-257">
         <name>.debug_info</name>
         <load_address>0xfcc9</load_address>
         <run_address>0xfcc9</run_address>
         <size>0x21a</size>
         <input_file_ref idref="fl-d7"/>
      </object_component>
      <object_component id="oc-2d1">
         <name>.debug_info</name>
         <load_address>0xfee3</load_address>
         <run_address>0xfee3</run_address>
         <size>0x156</size>
         <input_file_ref idref="fl-d8"/>
      </object_component>
      <object_component id="oc-269">
         <name>.debug_info</name>
         <load_address>0x10039</load_address>
         <run_address>0x10039</run_address>
         <size>0x284</size>
         <input_file_ref idref="fl-d9"/>
      </object_component>
      <object_component id="oc-1b1">
         <name>.debug_info</name>
         <load_address>0x102bd</load_address>
         <run_address>0x102bd</run_address>
         <size>0x14f</size>
         <input_file_ref idref="fl-d9"/>
      </object_component>
      <object_component id="oc-2d9">
         <name>.debug_info</name>
         <load_address>0x1040c</load_address>
         <run_address>0x1040c</run_address>
         <size>0x46</size>
         <input_file_ref idref="fl-d9"/>
      </object_component>
      <object_component id="oc-264">
         <name>.debug_info</name>
         <load_address>0x10452</load_address>
         <run_address>0x10452</run_address>
         <size>0x39</size>
         <input_file_ref idref="fl-d9"/>
      </object_component>
      <object_component id="oc-22f">
         <name>.debug_info</name>
         <load_address>0x1048b</load_address>
         <run_address>0x1048b</run_address>
         <size>0x144</size>
         <input_file_ref idref="fl-da"/>
      </object_component>
      <object_component id="oc-18d">
         <name>.debug_info</name>
         <load_address>0x105cf</load_address>
         <run_address>0x105cf</run_address>
         <size>0x120</size>
         <input_file_ref idref="fl-db"/>
      </object_component>
      <object_component id="oc-21a">
         <name>.debug_info</name>
         <load_address>0x106ef</load_address>
         <run_address>0x106ef</run_address>
         <size>0x122</size>
         <input_file_ref idref="fl-db"/>
      </object_component>
      <object_component id="oc-215">
         <name>.debug_info</name>
         <load_address>0x10811</load_address>
         <run_address>0x10811</run_address>
         <size>0x132</size>
         <input_file_ref idref="fl-dc"/>
      </object_component>
      <object_component id="oc-210">
         <name>.debug_info</name>
         <load_address>0x10943</load_address>
         <run_address>0x10943</run_address>
         <size>0x132</size>
         <input_file_ref idref="fl-dd"/>
      </object_component>
      <object_component id="oc-21f">
         <name>.debug_info</name>
         <load_address>0x10a75</load_address>
         <run_address>0x10a75</run_address>
         <size>0x126</size>
         <input_file_ref idref="fl-de"/>
      </object_component>
      <object_component id="oc-22a">
         <name>.debug_info</name>
         <load_address>0x10b9b</load_address>
         <run_address>0x10b9b</run_address>
         <size>0x124</size>
         <input_file_ref idref="fl-df"/>
      </object_component>
      <object_component id="oc-209">
         <name>.debug_info</name>
         <load_address>0x10cbf</load_address>
         <run_address>0x10cbf</run_address>
         <size>0x12c</size>
         <input_file_ref idref="fl-e0"/>
      </object_component>
      <object_component id="oc-26e">
         <name>.debug_info</name>
         <load_address>0x10deb</load_address>
         <run_address>0x10deb</run_address>
         <size>0x27e</size>
         <input_file_ref idref="fl-e1"/>
      </object_component>
      <object_component id="oc-26b">
         <name>.debug_info</name>
         <load_address>0x11069</load_address>
         <run_address>0x11069</run_address>
         <size>0x103</size>
         <input_file_ref idref="fl-e1"/>
      </object_component>
      <object_component id="oc-1b6">
         <name>.debug_info</name>
         <load_address>0x1116c</load_address>
         <run_address>0x1116c</run_address>
         <size>0x143</size>
         <input_file_ref idref="fl-e1"/>
      </object_component>
      <object_component id="oc-2f6">
         <name>.debug_info</name>
         <load_address>0x112af</load_address>
         <run_address>0x112af</run_address>
         <size>0x2f5</size>
         <input_file_ref idref="fl-e2"/>
      </object_component>
      <object_component id="oc-286">
         <name>.debug_info</name>
         <load_address>0x115a4</load_address>
         <run_address>0x115a4</run_address>
         <size>0x191</size>
         <input_file_ref idref="fl-e2"/>
      </object_component>
      <object_component id="oc-331">
         <name>.debug_info</name>
         <load_address>0x11735</load_address>
         <run_address>0x11735</run_address>
         <size>0xbf</size>
         <input_file_ref idref="fl-e2"/>
      </object_component>
      <object_component id="oc-2fa">
         <name>.debug_info</name>
         <load_address>0x117f4</load_address>
         <run_address>0x117f4</run_address>
         <size>0x33c</size>
         <input_file_ref idref="fl-e3"/>
      </object_component>
      <object_component id="oc-292">
         <name>.debug_info</name>
         <load_address>0x11b30</load_address>
         <run_address>0x11b30</run_address>
         <size>0x17f</size>
         <input_file_ref idref="fl-e3"/>
      </object_component>
      <object_component id="oc-31c">
         <name>.debug_info</name>
         <load_address>0x11caf</load_address>
         <run_address>0x11caf</run_address>
         <size>0x319</size>
         <input_file_ref idref="fl-e4"/>
      </object_component>
      <object_component id="oc-2ea">
         <name>.debug_info</name>
         <load_address>0x11fc8</load_address>
         <run_address>0x11fc8</run_address>
         <size>0x1e1</size>
         <input_file_ref idref="fl-e4"/>
      </object_component>
      <object_component id="oc-34e">
         <name>.debug_info</name>
         <load_address>0x121a9</load_address>
         <run_address>0x121a9</run_address>
         <size>0x38c</size>
         <input_file_ref idref="fl-e5"/>
      </object_component>
      <object_component id="oc-316">
         <name>.debug_info</name>
         <load_address>0x12535</load_address>
         <run_address>0x12535</run_address>
         <size>0x18a</size>
         <input_file_ref idref="fl-e5"/>
      </object_component>
      <object_component id="oc-330">
         <name>.debug_info</name>
         <load_address>0x126bf</load_address>
         <run_address>0x126bf</run_address>
         <size>0x369</size>
         <input_file_ref idref="fl-e6"/>
      </object_component>
      <object_component id="oc-2f0">
         <name>.debug_info</name>
         <load_address>0x12a28</load_address>
         <run_address>0x12a28</run_address>
         <size>0x200</size>
         <input_file_ref idref="fl-e6"/>
      </object_component>
      <object_component id="oc-3c9">
         <name>.debug_info</name>
         <load_address>0x12c28</load_address>
         <run_address>0x12c28</run_address>
         <size>0x368</size>
         <input_file_ref idref="fl-e7"/>
      </object_component>
      <object_component id="oc-37b">
         <name>.debug_info</name>
         <load_address>0x12f90</load_address>
         <run_address>0x12f90</run_address>
         <size>0x1b1</size>
         <input_file_ref idref="fl-e7"/>
      </object_component>
      <object_component id="oc-3cf">
         <name>.debug_info</name>
         <load_address>0x13141</load_address>
         <run_address>0x13141</run_address>
         <size>0x36d</size>
         <input_file_ref idref="fl-e8"/>
      </object_component>
      <object_component id="oc-38d">
         <name>.debug_info</name>
         <load_address>0x134ae</load_address>
         <run_address>0x134ae</run_address>
         <size>0x205</size>
         <input_file_ref idref="fl-e8"/>
      </object_component>
      <object_component id="oc-3c5">
         <name>.debug_info</name>
         <load_address>0x136b3</load_address>
         <run_address>0x136b3</run_address>
         <size>0x398</size>
         <input_file_ref idref="fl-e9"/>
      </object_component>
      <object_component id="oc-375">
         <name>.debug_info</name>
         <load_address>0x13a4b</load_address>
         <run_address>0x13a4b</run_address>
         <size>0x201</size>
         <input_file_ref idref="fl-e9"/>
      </object_component>
      <object_component id="oc-3cb">
         <name>.debug_info</name>
         <load_address>0x13c4c</load_address>
         <run_address>0x13c4c</run_address>
         <size>0x36c</size>
         <input_file_ref idref="fl-ea"/>
      </object_component>
      <object_component id="oc-382">
         <name>.debug_info</name>
         <load_address>0x13fb8</load_address>
         <run_address>0x13fb8</run_address>
         <size>0x1f0</size>
         <input_file_ref idref="fl-ea"/>
      </object_component>
      <object_component id="oc-3d9">
         <name>.debug_info</name>
         <load_address>0x141a8</load_address>
         <run_address>0x141a8</run_address>
         <size>0x3ca</size>
         <input_file_ref idref="fl-eb"/>
      </object_component>
      <object_component id="oc-399">
         <name>.debug_info</name>
         <load_address>0x14572</load_address>
         <run_address>0x14572</run_address>
         <size>0x22b</size>
         <input_file_ref idref="fl-eb"/>
      </object_component>
      <object_component id="oc-3d1">
         <name>.debug_info</name>
         <load_address>0x1479d</load_address>
         <run_address>0x1479d</run_address>
         <size>0x38b</size>
         <input_file_ref idref="fl-ec"/>
      </object_component>
      <object_component id="oc-394">
         <name>.debug_info</name>
         <load_address>0x14b28</load_address>
         <run_address>0x14b28</run_address>
         <size>0x1bb</size>
         <input_file_ref idref="fl-ec"/>
      </object_component>
      <object_component id="oc-3cd">
         <name>.debug_info</name>
         <load_address>0x14ce3</load_address>
         <run_address>0x14ce3</run_address>
         <size>0x36d</size>
         <input_file_ref idref="fl-ed"/>
      </object_component>
      <object_component id="oc-387">
         <name>.debug_info</name>
         <load_address>0x15050</load_address>
         <run_address>0x15050</run_address>
         <size>0x1f5</size>
         <input_file_ref idref="fl-ed"/>
      </object_component>
      <object_component id="oc-3ea">
         <name>.debug_info</name>
         <load_address>0x15245</load_address>
         <run_address>0x15245</run_address>
         <size>0x2b0</size>
         <input_file_ref idref="fl-ee"/>
      </object_component>
      <object_component id="oc-3e7">
         <name>.debug_info</name>
         <load_address>0x154f5</load_address>
         <run_address>0x154f5</run_address>
         <size>0xfd</size>
[...]
         <name>_nop</name>
         <value>0xb43</value>
         <object_component_ref idref="oc-1c7"/>
      </symbol>
      <symbol id="sm-1b5">
         <name>_lock</name>
         <value>0x20000d10</value>
         <object_component_ref idref="oc-134"/>
      </symbol>
      <symbol id="sm-1b6">
         <name>_unlock</name>
         <value>0x20000d14</value>
         <object_component_ref idref="oc-134"/>
      </symbol>
      <symbol id="sm-1e3">
         <name>printf</name>
         <value>0x2651</value>
         <object_component_ref idref="oc-d3"/>
      </symbol>
      <symbol id="sm-1f2">
         <name>__aeabi_memset</name>
         <value>0x2343</value>
         <object_component_ref idref="oc-8b"/>
      </symbol>
      <symbol id="sm-1f3">
         <name>memset</name>
         <value>0x2349</value>
         <object_component_ref idref="oc-8b"/>
      </symbol>
      <symbol id="sm-1f4">
         <name>__aeabi_memset8</name>
         <value>0x2343</value>
         <object_component_ref idref="oc-8b"/>
      </symbol>
      <symbol id="sm-1f5">
         <name>__aeabi_memset4</name>
         <value>0x2343</value>
         <object_component_ref idref="oc-8b"/>
      </symbol>
      <symbol id="sm-1f6">
         <name>__aeabi_memclr8</name>
         <value>0x2341</value>
         <object_component_ref idref="oc-8b"/>
      </symbol>
      <symbol id="sm-1f7">
         <name>__aeabi_memclr4</name>
         <value>0x2341</value>
         <object_component_ref idref="oc-8b"/>
      </symbol>
      <symbol id="sm-1f8">
         <name>__aeabi_memclr</name>
         <value>0x2341</value>
         <object_component_ref idref="oc-8b"/>
      </symbol>
      <symbol id="sm-213">
         <name>memcpy</name>
         <value>0x2077</value>
         <object_component_ref idref="oc-37"/>
      </symbol>
      <symbol id="sm-214">
         <name>__aeabi_memcpy</name>
         <value>0x2077</value>
         <object_component_ref idref="oc-37"/>
      </symbol>
      <symbol id="sm-215">
         <name>__aeabi_memcpy8</name>
         <value>0x2077</value>
         <object_component_ref idref="oc-37"/>
      </symbol>
      <symbol id="sm-216">
         <name>__aeabi_memcpy4</name>
         <value>0x2077</value>
         <object_component_ref idref="oc-37"/>
      </symbol>
      <symbol id="sm-23e">
         <name>__TI_auto_init_nobinit_nopinit</name>
         <value>0x2bfd</value>
         <object_component_ref idref="oc-ee"/>
      </symbol>
      <symbol id="sm-248">
         <name>_system_pre_init</name>
         <value>0x303d</value>
         <object_component_ref idref="oc-91"/>
      </symbol>
      <symbol id="sm-3b3">
         <name>__TI_printfi</name>
         <value>0xe5</value>
         <object_component_ref idref="oc-12e"/>
      </symbol>
      <symbol id="sm-3c9">
         <name>atoi</name>
         <value>0x2a99</value>
         <object_component_ref idref="oc-180"/>
      </symbol>
      <symbol id="sm-3d4">
         <name>_ctypes_</name>
         <value>0x3044</value>
         <object_component_ref idref="oc-203"/>
      </symbol>
      <symbol id="sm-3e9">
         <name>__TI_tmpnams</name>
         <value>0x20000620</value>
      </symbol>
      <symbol id="sm-3ea">
         <name>__aeabi_stdout</name>
         <value>0x20000cf0</value>
         <object_component_ref idref="oc-36e"/>
      </symbol>
      <symbol id="sm-3eb">
         <name>__aeabi_stderr</name>
         <value>0x20000cf4</value>
         <object_component_ref idref="oc-36e"/>
      </symbol>
      <symbol id="sm-3ec">
         <name>__aeabi_stdin</name>
         <value>0x20000cec</value>
         <object_component_ref idref="oc-36e"/>
      </symbol>
      <symbol id="sm-3ed">
         <name>_ftable</name>
         <value>0x20000af8</value>
         <object_component_ref idref="oc-137"/>
      </symbol>
      <symbol id="sm-3ee">
         <name>__TI_ft_end</name>
         <value>0x20000ce8</value>
         <object_component_ref idref="oc-36e"/>
      </symbol>
      <symbol id="sm-403">
         <name>putc</name>
         <value>0x21a9</value>
         <object_component_ref idref="oc-1dc"/>
      </symbol>
      <symbol id="sm-404">
         <name>fputc</name>
         <value>0x21a9</value>
         <object_component_ref idref="oc-1dc"/>
      </symbol>
      <symbol id="sm-422">
         <name>fputs</name>
         <value>0x1af1</value>
         <object_component_ref idref="oc-1d5"/>
      </symbol>
      <symbol id="sm-431">
         <name>ltoa</name>
         <value>0x29a7</value>
         <object_component_ref idref="oc-223"/>
      </symbol>
      <symbol id="sm-441">
         <name>memccpy</name>
         <value>0x2f6d</value>
         <object_component_ref idref="oc-1a9"/>
      </symbol>
      <symbol id="sm-451">
         <name>memchr</name>
         <value>0x2f4d</value>
         <object_component_ref idref="oc-28b"/>
      </symbol>
      <symbol id="sm-461">
         <name>strchr</name>
         <value>0x2fa1</value>
         <object_component_ref idref="oc-25a"/>
      </symbol>
      <symbol id="sm-46f">
         <name>strlen</name>
         <value>0x2fdf</value>
         <object_component_ref idref="oc-17a"/>
      </symbol>
      <symbol id="sm-495">
         <name>_stream</name>
         <value>0x20000c60</value>
         <object_component_ref idref="oc-2fb"/>
      </symbol>
      <symbol id="sm-496">
         <name>_device</name>
         <value>0x20000be8</value>
         <object_component_ref idref="oc-33c"/>
      </symbol>
      <symbol id="sm-497">
         <name>write</name>
         <value>0x2f25</value>
         <object_component_ref idref="oc-297"/>
      </symbol>
      <symbol id="sm-4b7">
         <name>frexpl</name>
         <value>0x26b9</value>
         <object_component_ref idref="oc-24e"/>
      </symbol>
      <symbol id="sm-4b8">
         <name>frexp</name>
         <value>0x26b9</value>
         <object_component_ref idref="oc-24e"/>
      </symbol>
      <symbol id="sm-4d5">
         <name>scalbn</name>
         <value>0x1c05</value>
         <object_component_ref idref="oc-254"/>
      </symbol>
      <symbol id="sm-4d6">
         <name>scalbnl</name>
         <value>0x1c05</value>
         <object_component_ref idref="oc-254"/>
      </symbol>
      <symbol id="sm-4d7">
         <name>ldexpl</name>
         <value>0x1c05</value>
         <object_component_ref idref="oc-254"/>
      </symbol>
      <symbol id="sm-4d8">
         <name>ldexp</name>
         <value>0x1c05</value>
         <object_component_ref idref="oc-254"/>
      </symbol>
      <symbol id="sm-4e2">
         <name>copysign</name>
         <value>0x2fb7</value>
         <object_component_ref idref="oc-2cd"/>
      </symbol>
      <symbol id="sm-4e3">
         <name>copysignl</name>
         <value>0x2fb7</value>
         <object_component_ref idref="oc-2cd"/>
      </symbol>
      <symbol id="sm-4fc">
         <name>wcslen</name>
         <value>0x2ff3</value>
         <object_component_ref idref="oc-1af"/>
      </symbol>
      <symbol id="sm-513">
         <name>__aeabi_dsub</name>
         <value>0x15a5</value>
         <object_component_ref idref="oc-22e"/>
      </symbol>
      <symbol id="sm-514">
         <name>__aeabi_dadd</name>
         <value>0x15af</value>
         <object_component_ref idref="oc-22e"/>
      </symbol>
      <symbol id="sm-536">
         <name>__aeabi_cdcmpeq</name>
         <value>0x2235</value>
         <object_component_ref idref="oc-18c"/>
      </symbol>
      <symbol id="sm-537">
         <name>__aeabi_cdcmple</name>
         <value>0x2235</value>
         <object_component_ref idref="oc-18c"/>
      </symbol>
      <symbol id="sm-538">
         <name>__aeabi_cdrcmple</name>
         <value>0x22bb</value>
         <object_component_ref idref="oc-219"/>
      </symbol>
      <symbol id="sm-54c">
         <name>__aeabi_ddiv</name>
         <value>0x1899</value>
         <object_component_ref idref="oc-214"/>
      </symbol>
      <symbol id="sm-557">
         <name>__aeabi_dmul</name>
         <value>0x1d15</value>
         <object_component_ref idref="oc-20f"/>
      </symbol>
      <symbol id="sm-561">
         <name>__aeabi_d2iz</name>
         <value>0x2b2d</value>
         <object_component_ref idref="oc-21e"/>
      </symbol>
      <symbol id="sm-56b">
         <name>__aeabi_i2d</name>
         <value>0x2e79</value>
         <object_component_ref idref="oc-229"/>
      </symbol>
      <symbol id="sm-578">
         <name>__aeabi_uldivmod</name>
         <value>0x2113</value>
         <object_component_ref idref="oc-208"/>
      </symbol>
      <symbol id="sm-58e">
         <name>__aeabi_errno_addr</name>
         <value>0x302d</value>
         <object_component_ref idref="oc-1b5"/>
      </symbol>
      <symbol id="sm-58f">
         <name>errno</name>
         <value>0x20000d18</value>
         <object_component_ref idref="oc-26a"/>
      </symbol>
      <symbol id="sm-5a7">
         <name>__TI_wrt_ok</name>
         <value>0x2781</value>
         <object_component_ref idref="oc-285"/>
      </symbol>
      <symbol id="sm-5b7">
         <name>__TI_doflush</name>
         <value>0x2a4d</value>
         <object_component_ref idref="oc-291"/>
      </symbol>
      <symbol id="sm-5c9">
         <name>fseek</name>
         <value>0x271d</value>
         <object_component_ref idref="oc-2e9"/>
      </symbol>
      <symbol id="sm-5d9">
         <name>lseek</name>
         <value>0x2ed5</value>
         <object_component_ref idref="oc-315"/>
      </symbol>
      <symbol id="sm-5f5">
         <name>setvbuf</name>
         <value>0x1e11</value>
         <object_component_ref idref="oc-2ef"/>
      </symbol>
      <symbol id="sm-606">
         <name>HOSTclose</name>
         <value>0x2b75</value>
         <object_component_ref idref="oc-37a"/>
      </symbol>
      <symbol id="sm-617">
         <name>HOSTlseek</name>
         <value>0x2519</value>
         <object_component_ref idref="oc-38c"/>
      </symbol>
      <symbol id="sm-629">
         <name>parmbuf</name>
         <value>0x200006e8</value>
      </symbol>
      <symbol id="sm-62a">
         <name>HOSTopen</name>
         <value>0x27e5</value>
         <object_component_ref idref="oc-374"/>
      </symbol>
      <symbol id="sm-63b">
         <name>HOSTread</name>
         <value>0x28a1</value>
         <object_component_ref idref="oc-380"/>
      </symbol>
      <symbol id="sm-64c">
         <name>HOSTrename</name>
         <value>0x2581</value>
         <object_component_ref idref="oc-398"/>
      </symbol>
      <symbol id="sm-65d">
         <name>HOSTunlink</name>
         <value>0x2bb9</value>
         <object_component_ref idref="oc-392"/>
      </symbol>
      <symbol id="sm-66e">
         <name>HOSTwrite</name>
         <value>0x28f9</value>
         <object_component_ref idref="oc-386"/>
      </symbol>
      <symbol id="sm-692">
         <name>__TI_readmsg</name>
         <value>0x2e15</value>
         <object_component_ref idref="oc-3be"/>
      </symbol>
      <symbol id="sm-693">
         <name>C$$IO$$</name>
         <value>0x2d2f</value>
         <object_component_ref idref="oc-3b8"/>
      </symbol>
      <symbol id="sm-694">
         <name>__CIOBUF_</name>
         <value>0x20000500</value>
         <object_component_ref idref="oc-3e6"/>
      </symbol>
      <symbol id="sm-695">
         <name>__TI_writemsg</name>
         <value>0x2d01</value>
         <object_component_ref idref="oc-3b8"/>
      </symbol>
      <symbol id="sm-69f">
         <name>__aeabi_idiv0</name>
         <value>0x175b</value>
         <object_component_ref idref="oc-2b4"/>
      </symbol>
      <symbol id="sm-6a0">
         <name>__aeabi_ldiv0</name>
         <value>0x175b</value>
         <object_component_ref idref="oc-2b4"/>
      </symbol>
      <symbol id="sm-71b">
         <name>_sys_memory</name>
         <value>0x200006f8</value>
         <object_component_ref idref="oc-29"/>
      </symbol>
      <symbol id="sm-71c">
         <name>free</name>
         <value>0x1eed</value>
         <object_component_ref idref="oc-31d"/>
      </symbol>
      <symbol id="sm-71d">
         <name>malloc</name>
         <value>0x23bd</value>
         <object_component_ref idref="oc-323"/>
      </symbol>
      <symbol id="sm-71e">
         <name>minit</name>
         <value>0x2d71</value>
         <object_component_ref idref="oc-351"/>
      </symbol>
      <symbol id="sm-72e">
         <name>__TI_cleanup</name>
         <value>0x2de1</value>
         <object_component_ref idref="oc-329"/>
      </symbol>
      <symbol id="sm-73d">
         <name>strcpy</name>
         <value>0x2fcb</value>
         <object_component_ref idref="oc-3d2"/>
      </symbol>
      <symbol id="sm-752">
         <name>__TI_closefile</name>
         <value>0x2435</value>
         <object_component_ref idref="oc-368"/>
      </symbol>
      <symbol id="sm-775">
         <name>finddevice</name>
         <value>0x2e49</value>
         <object_component_ref idref="oc-404"/>
      </symbol>
      <symbol id="sm-776">
         <name>getdevice</name>
         <value>0x2c41</value>
         <object_component_ref idref="oc-3dc"/>
      </symbol>
      <symbol id="sm-786">
         <name>strcmp</name>
         <value>0x2f89</value>
         <object_component_ref idref="oc-41b"/>
      </symbol>
      <symbol id="sm-796">
         <name>strncpy</name>
         <value>0x2da9</value>
         <object_component_ref idref="oc-3fe"/>
      </symbol>
      <symbol id="sm-7a6">
         <name>unlink</name>
         <value>0x2ea9</value>
         <object_component_ref idref="oc-3ad"/>
      </symbol>
      <symbol id="sm-7ba">
         <name>close</name>
         <value>0x2845</value>
         <object_component_ref idref="oc-3a7"/>
      </symbol>
      <symbol id="sm-7bb">
         <name>__TI_static_base__</name>
         <value>0x0</value>
      </symbol>
      <symbol id="sm-7be">
         <name>__mpu_init</name>
         <value>0x0</value>
      </symbol>
      <symbol id="sm-7bf">
         <name>_system_post_cinit</name>
         <value>0x0</value>
      </symbol>
      <symbol id="sm-7c0">
         <name>NMI_Handler</name>
         <value>0x301f</value>
      </symbol>
      <symbol id="sm-7c1">
         <name>HardFault_Handler</name>
         <value>0x301f</value>
      </symbol>
      <symbol id="sm-7c2">
         <name>MemManage_Handler</name>
         <value>0x301f</value>
      </symbol>
      <symbol id="sm-7c3">
         <name>BusFault_Handler</name>
         <value>0x301f</value>
      </symbol>
      <symbol id="sm-7c4">
         <name>UsageFault_Handler</name>
         <value>0x301f</value>
      </symbol>
      <symbol id="sm-7c5">
         <name>SVC_Handler</name>
         <value>0x301f</value>
      </symbol>
      <symbol id="sm-7c6">
         <name>DebugMon_Handler</name>
         <value>0x301f</value>
      </symbol>
      <symbol id="sm-7c7">
         <name>PendSV_Handler</name>
         <value>0x301f</value>
      </symbol>
      <symbol id="sm-7c8">
         <name>SysTick_Handler</name>
         <value>0x301f</value>
      </symbol>
      <symbol id="sm-7c9">
         <name>PSS_IRQHandler</name>
         <value>0x301f</value>
      </symbol>
      <symbol id="sm-7ca">
         <name>CS_IRQHandler</name>
         <value>0x301f</value>
      </symbol>
      <symbol id="sm-7cb">
         <name>PCM_IRQHandler</name>
         <value>0x301f</value>
      </symbol>
      <symbol id="sm-7cc">
         <name>WDT_A_IRQHandler</name>
         <value>0x301f</value>
      </symbol>
      <symbol id="sm-7cd">
         <name>FPU_IRQHandler</name>
         <value>0x301f</value>
      </symbol>
      <symbol id="sm-7ce">
         <name>FLCTL_IRQHandler</name>
         <value>0x301f</value>
      </symbol>
      <symbol id="sm-7cf">
         <name>COMP_E0_IRQHandler</name>
         <value>0x301f</value>
      </symbol>
      <symbol id="sm-7d0">
         <name>COMP_E1_IRQHandler</name>
         <value>0x301f</value>
      </symbol>
      <symbol id="sm-7d1">
         <name>TA0_0_IRQHandler</name>
         <value>0x301f</value>
      </symbol>
      <symbol id="sm-7d2">
         <name>TA0_N_IRQHandler</name>
         <value>0x301f</value>
      </symbol>
      <symbol id="sm-7d3">
         <name>TA1_0_IRQHandler</name>
         <value>0x301f</value>
      </symbol>
      <symbol id="sm-7d4">
         <name>TA1_N_IRQHandler</name>
         <value>0x301f</value>
      </symbol>
      <symbol id="sm-7d5">
         <name>TA2_0_IRQHandler</name>
         <value>0x301f</value>
      </symbol>
      <symbol id="sm-7d6">
         <name>TA2_N_IRQHandler</name>
         <value>0x301f</value>
      </symbol>
      <symbol id="sm-7d7">
         <name>TA3_0_IRQHandler</name>
         <value>0x301f</value>
      </symbol>
      <symbol id="sm-7d8">
         <name>TA3_N_IRQHandler</name>
         <value>0x301f</value>
      </symbol>
      <symbol id="sm-7d9">
         <name>EUSCIA0_IRQHandler</name>
         <value>0x301f</value>
      </symbol>
      <symbol id="sm-7da">
         <name>EUSCIA1_IRQHandler</name>
         <value>0x301f</value>
      </symbol>
      <symbol id="sm-7db">
         <name>EUSCIA2_IRQHandler</name>
         <value>0x301f</value>
      </symbol>
      <symbol id="sm-7dc">
         <name>EUSCIA3_IRQHandler</name>
         <value>0x301f</value>
      </symbol>
      <symbol id="sm-7dd">
         <name>EUSCIB0_IRQHandler</name>
         <value>0x301f</value>
      </symbol>
      <symbol id="sm-7de">
         <name>EUSCIB1_IRQHandler</name>
         <value>0x301f</value>
      </symbol>
      <symbol id="sm-7df">
         <name>EUSCIB2_IRQHandler</name>
         <value>0x301f</value>
      </symbol>
      <symbol id="sm-7e0">
         <name>EUSCIB3_IRQHandler</name>
         <value>0x301f</value>
      </symbol>
      <symbol id="sm-7e1">
         <name>ADC14_IRQHandler</name>
         <value>0x301f</value>
      </symbol>
      <symbol id="sm-7e2">
         <name>T32_INT1_IRQHandler</name>
         <value>0x301f</value>
      </symbol>
      <symbol id="sm-7e3">
         <name>T32_INT2_IRQHandler</name>
         <value>0x301f</value>
      </symbol>
      <symbol id="sm-7e4">
         <name>T32_INTC_IRQHandler</name>
         <value>0x301f</value>
      </symbol>
      <symbol id="sm-7e5">
         <name>AES256_IRQHandler</name>
         <value>0x301f</value>
      </symbol>
      <symbol id="sm-7e6">
         <name>RTC_C_IRQHandler</name>
         <value>0x301f</value>
      </symbol>
      <symbol id="sm-7e7">
         <name>DMA_ERR_IRQHandler</name>
         <value>0x301f</value>
      </symbol>
      <symbol id="sm-7e8">
         <name>DMA_INT3_IRQHandler</name>
         <value>0x301f</value>
      </symbol>
      <symbol id="sm-7e9">
         <name>DMA_INT2_IRQHandler</name>
         <value>0x301f</value>
      </symbol>
      <symbol id="sm-7ea">
         <name>DMA_INT1_IRQHandler</name>
         <value>0x301f</value>
      </symbol>
      <symbol id="sm-7eb">
         <name>DMA_INT0_IRQHandler</name>
         <value>0x301f</value>
      </symbol>
      <symbol id="sm-7ec">
         <name>PORT1_IRQHandler</name>
         <value>0x301f</value>
      </symbol>
      <symbol id="sm-7ed">
         <name>PORT2_IRQHandler</name>
         <value>0x301f</value>
      </symbol>
      <symbol id="sm-7ee">
         <name>PORT3_IRQHandler</name>
         <value>0x301f</value>
      </symbol>
      <symbol id="sm-7ef">
         <name>PORT4_IRQHandler</name>
         <value>0x301f</value>
      </symbol>
      <symbol id="sm-7f0">
         <name>PORT5_IRQHandler</name>
         <value>0x301f</value>
      </symbol>
      <symbol id="sm-7f1">
         <name>PORT6_IRQHandler</name>
         <value>0x301f</value>
      </symbol>
      <symbol id="sm-7f2">
         <name>remove</name>
         <value>0x2ea9</value>
      </symbol>
   </symbol_table>
   <title>Link successful</title>
</link_info>
