******************************************************************************
                  TI ARM Linker Unix v18.1.2                   
******************************************************************************
>> Linked Mon Nov 26 11:36:02 2018

OUTPUT FILE NAME:   <tester.out>
ENTRY POINT SYMBOL: "_c_int00_noargs"  address: 000005b1


MEMORY CONFIGURATION

         name            origin    length      used     unused   attr    fill
----------------------  --------  ---------  --------  --------  ----  --------
  MAIN                  00000000   00040000  00000628  0003f9d8  R  X
  INFO                  00200000   00004000  00000000  00004000  R  X
  SRAM_CODE             01000000   00010000  00000208  0000fdf8  RW X
  SRAM_DATA             20000000   00010000  00000208  0000fdf8  RW  


SEGMENT ALLOCATION MAP

run origin  load origin   length   init length attrs members
----------  ----------- ---------- ----------- ----- -------
00000000    00000000    0000062c   0000062c    r-x
  00000000    00000000    000000e4   000000e4    r-- .intvecs
  000000e4    000000e4    00000528   00000528    r-x .text
  00000610    00000610    0000001c   0000001c    r-- .cinit
20000000    20000000    00000008   00000000    rw-
  20000000    20000000    00000008   00000000    rw- .data
2000fe00    2000fe00    00000200   00000000    rw-
  2000fe00    2000fe00    00000200   00000000    rw- .stack


SECTION ALLOCATION MAP

 output                                  attributes/
section   page    origin      length       input sections
--------  ----  ----------  ----------   ----------------
.intvecs   0    00000000    000000e4     
                  00000000    000000e4     startup_msp432p401r_ccs.obj (.intvecs:retain)

.text      0    000000e4    00000528     
                  000000e4    00000334     system_msp432p401r.obj (.text)
                  00000418    0000009c     rtsv7M4_T_le_v4SPD16_eabi.lib : memcpy_t2.asm.obj (.text)
                  000004b4    00000068                                   : copy_decompress_lzss.c.obj (.text:decompress:lzss:__TI_decompress_lzss)
                  0000051c    00000050     main.obj (.text)
                  0000056c    00000044     rtsv7M4_T_le_v4SPD16_eabi.lib : autoinit.c.obj (.text:__TI_auto_init_nobinit_nopinit:__TI_auto_init_nobinit_nopinit)
                  000005b0    00000038                                   : boot_cortex_m.c.obj (.text:_c_int00_noargs:_c_int00_noargs)
                  000005e8    0000000e                                   : copy_decompress_none.c.obj (.text:decompress:none:__TI_decompress_none)
                  000005f6    0000000e     startup_msp432p401r_ccs.obj (.text)
                  00000604    00000004     rtsv7M4_T_le_v4SPD16_eabi.lib : pre_init.c.obj (.text:_system_pre_init)
                  00000608    00000004                                   : exit.c.obj (.text:abort:abort)

.cinit     0    00000610    0000001c     
                  00000610    0000000b     (.cinit..data.load) [load image, compression = lzss]
                  0000061b    00000001     --HOLE-- [fill = 0]
                  0000061c    00000008     (__TI_handler_table)
                  00000624    00000008     (__TI_cinit_table)

.init_array 
*          0    00000000    00000000     UNINITIALIZED

.binit     0    00000000    00000000     

.data      0    20000000    00000008     UNINITIALIZED
                  20000000    00000004     main.obj (.data)
                  20000004    00000004     system_msp432p401r.obj (.data)

.stack     0    2000fe00    00000200     UNINITIALIZED
                  2000fe00    00000004     rtsv7M4_T_le_v4SPD16_eabi.lib : boot_cortex_m.c.obj (.stack)
                  2000fe04    000001fc     --HOLE--

MODULE SUMMARY

       Module                        code   ro data   rw data
       ------                        ----   -------   -------
    ./
       system_msp432p401r.obj        820    0         8      
       startup_msp432p401r_ccs.obj   14     228       0      
       main.obj                      80     0         8      
    +--+-----------------------------+------+---------+---------+
       Total:                        914    228       16     
                                                             
    /Applications/ti/ccsv8/tools/compiler/ti-cgt-arm_18.1.2.LTS/lib/rtsv7M4_T_le_v4SPD16_eabi.lib
       memcpy_t2.asm.obj             156    0         0      
       copy_decompress_lzss.c.obj    104    0         0      
       autoinit.c.obj                68     0         0      
       boot_cortex_m.c.obj           56     0         0      
       copy_decompress_none.c.obj    14     0         0      
       exit.c.obj                    4      0         0      
       pre_init.c.obj                4      0         0      
    +--+-----------------------------+------+---------+---------+
       Total:                        406    0         0      
                                                             
       Stack:                        0      0         1024   
       Linker Generated:             0      27        0      
    +--+-----------------------------+------+---------+---------+
       Grand Total:                  1320   255       1040   


LINKER GENERATED COPY TABLES

__TI_cinit_table @ 00000624 records: 1, size/record: 8, table size: 8
	.data: load addr=00000610, load size=0000000b bytes, run addr=20000000, run size=00000008 bytes, compression=lzss


LINKER GENERATED HANDLER TABLE

__TI_handler_table @ 0000061c records: 2, size/record: 4, table size: 8
	index: 0, handler: __TI_decompress_lzss
	index: 1, handler: __TI_decompress_none


GLOBAL SYMBOLS: SORTED ALPHABETICALLY BY Name 

address   name                          
-------   ----                          
00000603  ADC14_IRQHandler              
00000603  AES256_IRQHandler             
00000603  BusFault_Handler              
00000609  C$$EXIT                       
00000603  COMP_E0_IRQHandler            
00000603  COMP_E1_IRQHandler            
00000603  CS_IRQHandler                 
00000603  DMA_ERR_IRQHandler            
00000603  DMA_INT0_IRQHandler           
00000603  DMA_INT1_IRQHandler           
00000603  DMA_INT2_IRQHandler           
00000603  DMA_INT3_IRQHandler           
00000603  DebugMon_Handler              
00000603  Default_Handler               
00000603  EUSCIA0_IRQHandler            
00000603  EUSCIA1_IRQHandler            
00000603  EUSCIA2_IRQHandler            
00000603  EUSCIA3_IRQHandler            
00000603  EUSCIB0_IRQHandler            
00000603  EUSCIB1_IRQHandler            
00000603  EUSCIB2_IRQHandler            
00000603  EUSCIB3_IRQHandler            
00000603  FLCTL_IRQHandler              
00000603  FPU_IRQHandler                
00000603  HardFault_Handler             
00000603  MemManage_Handler             
00000603  NMI_Handler                   
00000603  PCM_IRQHandler                
00000603  PORT1_IRQHandler              
00000603  PORT2_IRQHandler              
00000603  PORT3_IRQHandler              
00000603  PORT4_IRQHandler              
00000603  PORT5_IRQHandler              
00000603  PORT6_IRQHandler              
00000603  PSS_IRQHandler                
00000603  PendSV_Handler                
00000603  RTC_C_IRQHandler              
000005f7  Reset_Handler                 
00000603  SVC_Handler                   
00000603  SysTick_Handler               
20000004  SystemCoreClock               
000000e5  SystemCoreClockUpdate         
0000035d  SystemInit                    
00000603  T32_INT1_IRQHandler           
00000603  T32_INT2_IRQHandler           
00000603  T32_INTC_IRQHandler           
00000603  TA0_0_IRQHandler              
00000603  TA0_N_IRQHandler              
00000603  TA1_0_IRQHandler              
00000603  TA1_N_IRQHandler              
00000603  TA2_0_IRQHandler              
00000603  TA2_N_IRQHandler              
00000603  TA3_0_IRQHandler              
00000603  TA3_N_IRQHandler              
00000603  UsageFault_Handler            
4000480c  WDTCTL_SYM                    
00000603  WDT_A_IRQHandler              
20010000  __STACK_END                   
00000200  __STACK_SIZE                  
00000624  __TI_CINIT_Base               
0000062c  __TI_CINIT_Limit              
0000061c  __TI_Handler_Table_Base       
00000624  __TI_Handler_Table_Limit      
0000056d  __TI_auto_init_nobinit_nopinit
000004b5  __TI_decompress_lzss          
000005e9  __TI_decompress_none          
ffffffff  __TI_pprof_out_hndl           
ffffffff  __TI_prof_data_size           
ffffffff  __TI_prof_data_start          
00000000  __TI_static_base__            
00000419  __aeabi_memcpy                
00000419  __aeabi_memcpy4               
00000419  __aeabi_memcpy8               
ffffffff  __binit__                     
ffffffff  __c_args__                    
UNDEFED   __mpu_init                    
2000fe00  __stack                       
000005b1  _c_int00_noargs               
UNDEFED   _system_post_cinit            
00000605  _system_pre_init              
00000609  abort                         
ffffffff  binit                         
20000000  count                         
00000000  interruptVectors              
0000051d  main                          
00000419  memcpy                        


GLOBAL SYMBOLS: SORTED BY Symbol Address 

address   name                          
-------   ----                          
00000000  __TI_static_base__            
00000000  interruptVectors              
000000e5  SystemCoreClockUpdate         
00000200  __STACK_SIZE                  
0000035d  SystemInit                    
00000419  __aeabi_memcpy                
00000419  __aeabi_memcpy4               
00000419  __aeabi_memcpy8               
00000419  memcpy                        
000004b5  __TI_decompress_lzss          
0000051d  main                          
0000056d  __TI_auto_init_nobinit_nopinit
000005b1  _c_int00_noargs               
000005e9  __TI_decompress_none          
000005f7  Reset_Handler                 
00000603  ADC14_IRQHandler              
00000603  AES256_IRQHandler             
00000603  BusFault_Handler              
00000603  COMP_E0_IRQHandler            
00000603  COMP_E1_IRQHandler            
00000603  CS_IRQHandler                 
00000603  DMA_ERR_IRQHandler            
00000603  DMA_INT0_IRQHandler           
00000603  DMA_INT1_IRQHandler           
00000603  DMA_INT2_IRQHandler           
00000603  DMA_INT3_IRQHandler           
00000603  DebugMon_Handler              
00000603  Default_Handler               
00000603  EUSCIA0_IRQHandler            
00000603  EUSCIA1_IRQHandler            
00000603  EUSCIA2_IRQHandler            
00000603  EUSCIA3_IRQHandler            
00000603  EUSCIB0_IRQHandler            
00000603  EUSCIB1_IRQHandler            
00000603  EUSCIB2_IRQHandler            
00000603  EUSCIB3_IRQHandler            
00000603  FLCTL_IRQHandler              
00000603  FPU_IRQHandler                
00000603  HardFault_Handler             
00000603  MemManage_Handler             
00000603  NMI_Handler                   
00000603  PCM_IRQHandler                
00000603  PORT1_IRQHandler              
00000603  PORT2_IRQHandler              
00000603  PORT3_IRQHandler              
00000603  PORT4_IRQHandler              
00000603  PORT5_IRQHandler              
00000603  PORT6_IRQHandler              
00000603  PSS_IRQHandler                
00000603  PendSV_Handler                
00000603  RTC_C_IRQHandler              
00000603  SVC_Handler                   
00000603  SysTick_Handler               
00000603  T32_INT1_IRQHandler           
00000603  T32_INT2_IRQHandler           
00000603  T32_INTC_IRQHandler           
00000603  TA0_0_IRQHandler              
00000603  TA0_N_IRQHandler              
00000603  TA1_0_IRQHandler              
00000603  TA1_N_IRQHandler              
00000603  TA2_0_IRQHandler              
00000603  TA2_N_IRQHandler              
00000603  TA3_0_IRQHandler              
00000603  TA3_N_IRQHandler              
00000603  UsageFault_Handler            
00000603  WDT_A_IRQHandler              
00000605  _system_pre_init              
00000609  C$$EXIT                       
00000609  abort                         
0000061c  __TI_Handler_Table_Base       
00000624  __TI_CINIT_Base               
00000624  __TI_Handler_Table_Limit      
0000062c  __TI_CINIT_Limit              
20000000  count                         
20000004  SystemCoreClock               
2000fe00  __stack                       
20010000  __STACK_END                   
4000480c  WDTCTL_SYM                    
ffffffff  __TI_pprof_out_hndl           
ffffffff  __TI_prof_data_size           
ffffffff  __TI_prof_data_start          
ffffffff  __binit__                     
ffffffff  __c_args__                    
ffffffff  binit                         
UNDEFED   __mpu_init                    
UNDEFED   _system_post_cinit            

[86 symbols]
