******************************************************************************
                  TI ARM Linker Unix v18.1.2                   
******************************************************************************
>> Linked Mon Nov 12 12:45:24 2018

OUTPUT FILE NAME:   <Lab04.out>
ENTRY POINT SYMBOL: "_c_int00_noargs"  address: 00002d39


MEMORY CONFIGURATION

         name            origin    length      used     unused   attr    fill
----------------------  --------  ---------  --------  --------  ----  --------
  MAIN                  00000000   00040000  0000324d  0003cdb3  R  X
  INFO                  00200000   00004000  00000000  00004000  R  X
  SRAM_CODE             01000000   00010000  00000a68  0000f598  RW X
  SRAM_DATA             20000000   00010000  00000a68  0000f598  RW  


SEGMENT ALLOCATION MAP

run origin  load origin   length   init length attrs members
----------  ----------- ---------- ----------- ----- -------
00000000    00000000    00003250   00003250    r-x
  00000000    00000000    000000e4   000000e4    r-- .intvecs
  000000e4    000000e4    00002fa0   00002fa0    r-x .text
  00003084    00003084    00000101   00000101    r-- .const
  00003188    00003188    000000c8   000000c8    r-- .cinit
20000000    20000000    00000868   00000000    rw-
  20000000    20000000    00000400   00000000    rw- .sysmem
  20000400    20000400    00000244   00000000    rw- .bss
  20000644    20000644    00000224   00000000    rw- .data
2000fe00    2000fe00    00000200   00000000    rw-
  2000fe00    2000fe00    00000200   00000000    rw- .stack


SECTION ALLOCATION MAP

 output                                  attributes/
section   page    origin      length       input sections
--------  ----  ----------  ----------   ----------------
.intvecs   0    00000000    000000e4     
                  00000000    000000e4     startup_msp432p401r_ccs.obj (.intvecs:retain)

.text      0    000000e4    00002fa0     
                  000000e4    00000a5e     rtsv7M4_T_le_v4SPD16_eabi.lib : _printfi.c.obj (.text:__TI_printfi)
                  00000b42    00000002                                   : _lock.c.obj (.text:_nop)
                  00000b44    00000334     system_msp432p401r.obj (.text)
                  00000e78    00000280     main.obj (.text)
                  000010f8    00000270     rtsv7M4_T_le_v4SPD16_eabi.lib : _printfi.c.obj (.text:_pconv_a)
                  00001368    000001d0                                   : _printfi.c.obj (.text:_pconv_g)
                  00001538    000001b6                                   : fd_add_t2.asm.obj (.text)
                  000016ee    00000002                                   : div0.asm.obj (.text)
                  000016f0    0000013c                                   : _printfi.c.obj (.text:_pconv_e)
                  0000182c    00000136                                   : fd_div_t2.asm.obj (.text)
                  00001962    00000002     --HOLE-- [fill = 0]
                  00001964    00000120                                   : _printfi.c.obj (.text:fcvt)
                  00001a84    00000114                                   : fputs.c.obj (.text:fputs)
                  00001b98    00000110                                   : s_scalbn.c.obj (.text:scalbn)
                  00001ca8    000000fc                                   : fd_mul_t2.asm.obj (.text)
                  00001da4    000000dc                                   : setvbuf.c.obj (.text:setvbuf)
                  00001e80    000000d8                                   : memory.c.obj (.text:free)
                  00001f58    000000b1                                   : _printfi.c.obj (.text:_ltostr)
                  00002009    00000001     --HOLE-- [fill = 0]
                  0000200a    0000009c                                   : memcpy_t2.asm.obj (.text)
                  000020a6    00000096                                   : ull_div_t2.asm.obj (.text)
                  0000213c    0000008c                                   : fputc.c.obj (.text:fputc)
                  000021c8    00000086                                   : fd_cmp_t2.asm.obj (.text:__aeabi_cdcmple)
                  0000224e    00000086                                   : fd_cmp_t2.asm.obj (.text:__aeabi_cdrcmple)
                  000022d4    0000007a                                   : memset_t2.asm.obj (.text)
                  0000234e    00000002     --HOLE-- [fill = 0]
                  00002350    00000078                                   : memory.c.obj (.text:malloc)
                  000023c8    00000074                                   : fclose.c.obj (.text:__TI_closefile)
                  0000243c    0000006e                                   : _printfi.c.obj (.text:_mcpy)
                  000024aa    0000006e                                   : fd_tos_t2.asm.obj (.text)
                  00002518    00000068                                   : hostlseek.c.obj (.text:HOSTlseek)
                  00002580    00000068                                   : hostrename.c.obj (.text:HOSTrename)
                  000025e8    00000068                                   : copy_decompress_lzss.c.obj (.text:decompress:lzss:__TI_decompress_lzss)
                  00002650    00000068                                   : printf.c.obj (.text:printf)
                  000026b8    00000064                                   : s_frexp.c.obj (.text:frexp)
                  0000271c    00000064                                   : fseek.c.obj (.text:fseek)
                  00002780    00000062                                   : _io_perm.c.obj (.text:__TI_wrt_ok)
                  000027e2    00000002     --HOLE-- [fill = 0]
                  000027e4    00000060                                   : hostopen.c.obj (.text:HOSTopen)
                  00002844    0000005c                                   : close.c.obj (.text:close)
                  000028a0    00000058                                   : hostread.c.obj (.text:HOSTread)
                  000028f8    00000058                                   : hostwrite.c.obj (.text:HOSTwrite)
                  00002950    00000056                                   : _printfi.c.obj (.text:_pconv_f)
                  000029a6    00000054                                   : ltoa.c.obj (.text:ltoa)
                  000029fa    00000052                                   : _printfi.c.obj (.text:_ecpy)
                  00002a4c    0000004c                                   : fflush.c.obj (.text:__TI_doflush)
                  00002a98    0000004c                                   : atoi.c.obj (.text:atoi)
                  00002ae4    00000048                                   : exit.c.obj (.text:exit)
                  00002b2c    00000048                                   : fd_toi_t2.asm.obj (.text)
                  00002b74    00000044                                   : hostclose.c.obj (.text:HOSTclose)
                  00002bb8    00000044                                   : hostunlink.c.obj (.text:HOSTunlink)
                  00002bfc    00000044                                   : autoinit.c.obj (.text:__TI_auto_init_nobinit_nopinit:__TI_auto_init_nobinit_nopinit)
                  00002c40    00000044                                   : getdevice.c.obj (.text:getdevice)
                  00002c84    0000003e                                   : _printfi.c.obj (.text:_fcpy)
                  00002cc2    00000002     --HOLE-- [fill = 0]
                  00002cc4    0000003c                                   : memory.c.obj (.text:minsert)
                  00002d00    00000038                                   : trgmsg.c.obj (.text:__TI_writemsg)
                  00002d38    00000038                                   : boot_cortex_m.c.obj (.text:_c_int00_noargs:_c_int00_noargs)
                  00002d70    00000038                                   : memory.c.obj (.text:minit)
                  00002da8    00000038                                   : fs_tod_t2.asm.obj (.text)
                  00002de0    00000036                                   : strncpy.c.obj (.text:strncpy)
                  00002e16    00000002     --HOLE-- [fill = 0]
                  00002e18    00000034                                   : fopen.c.obj (.text:__TI_cleanup)
                  00002e4c    00000034                                   : trgmsg.c.obj (.text:__TI_readmsg)
                  00002e80    00000030                                   : getdevice.c.obj (.text:finddevice)
                  00002eb0    0000002e                                   : i_tofd_t2.asm.obj (.text)
                  00002ede    00000002     --HOLE-- [fill = 0]
                  00002ee0    0000002c                                   : unlink.c.obj (.text:unlink)
                  00002f0c    00000028                                   : lseek.c.obj (.text:lseek)
                  00002f34    00000028                                   : memory.c.obj (.text:mremove)
                  00002f5c    00000028                                   : write.c.obj (.text:write)
                  00002f84    00000020                                   : memchr.c.obj (.text:memchr)
                  00002fa4    0000001c                                   : memccpy.c.obj (.text:memccpy)
                  00002fc0    00000018                                   : strcmp.c.obj (.text:strcmp)
                  00002fd8    00000016                                   : strchr.c.obj (.text:strchr)
                  00002fee    00000014                                   : s_copysign.c.obj (.text:copysign)
                  00003002    00000014                                   : strcpy.c.obj (.text:strcpy)
                  00003016    00000014                                   : strlen.c.obj (.text:strlen)
                  0000302a    00000012                                   : copy_zero_init.c.obj (.text:decompress:ZI:__TI_zero_init_nomemset:__TI_zero_init_nomemset)
                  0000303c    00000012                                   : wcslen.c.obj (.text:wcslen)
                  0000304e    0000000e                                   : copy_decompress_none.c.obj (.text:decompress:none:__TI_decompress_none)
                  0000305c    0000000e     startup_msp432p401r_ccs.obj (.text)
                  0000306a    00000002     --HOLE-- [fill = 0]
                  0000306c    00000008     rtsv7M4_T_le_v4SPD16_eabi.lib : errno.c.obj (.text:__aeabi_errno_addr)
                  00003074    00000004                                   : printf.c.obj (.text:_outc)
                  00003078    00000004                                   : printf.c.obj (.text:_outs)
                  0000307c    00000004                                   : pre_init.c.obj (.text:_system_pre_init)
                  00003080    00000004                                   : exit.c.obj (.text:abort:abort)

.const     0    00003084    00000101     
                  00003084    00000101     rtsv7M4_T_le_v4SPD16_eabi.lib : ctype.c.obj (.const:.string:_ctypes_)

.cinit     0    00003188    000000c8     
                  00003188    0000009f     (.cinit..data.load) [load image, compression = lzss]
                  00003227    00000001     --HOLE-- [fill = 0]
                  00003228    0000000c     (__TI_handler_table)
                  00003234    00000004     --HOLE-- [fill = 0]
                  00003238    00000008     (.cinit..bss.load) [load image, compression = zero_init]
                  00003240    00000010     (__TI_cinit_table)

.init_array 
*          0    00000000    00000000     UNINITIALIZED

.binit     0    00000000    00000000     

.sysmem    0    20000000    00000400     UNINITIALIZED
                  20000000    00000008     rtsv7M4_T_le_v4SPD16_eabi.lib : memory.c.obj (.sysmem)
                  20000008    000003f8     --HOLE--

.bss       0    20000400    00000244     UNINITIALIZED
                  20000400    00000120     rtsv7M4_T_le_v4SPD16_eabi.lib : trgmsg.c.obj (.bss:_CIOBUF_)
                  20000520    000000a0     (.common:__TI_tmpnams)
                  200005c0    00000028     (.common:adc)
                  200005e8    00000028     (.common:percent)
                  20000610    00000028     (.common:voltages)
                  20000638    00000008     (.common:parmbuf)
                  20000640    00000004     (.common:i)

.data      0    20000644    00000224     UNINITIALIZED
                  20000644    000000f0     rtsv7M4_T_le_v4SPD16_eabi.lib : defs.c.obj (.data:_ftable)
                  20000734    00000078                                   : write.c.obj (.data:_device)
                  200007ac    00000050                                   : write.c.obj (.data:_stream)
                  200007fc    00000034     main.obj (.data)
                  20000830    00000010     rtsv7M4_T_le_v4SPD16_eabi.lib : defs.c.obj (.data)
                  20000840    0000000c                                   : exit.c.obj (.data:$O1$$)
                  2000084c    0000000c                                   : memory.c.obj (.data:$O1$$)
                  20000858    00000008                                   : _lock.c.obj (.data:$O1$$)
                  20000860    00000004                                   : errno.c.obj (.data)
                  20000864    00000004     system_msp432p401r.obj (.data)

.stack     0    2000fe00    00000200     UNINITIALIZED
                  2000fe00    00000004     rtsv7M4_T_le_v4SPD16_eabi.lib : boot_cortex_m.c.obj (.stack)
                  2000fe04    000001fc     --HOLE--

MODULE SUMMARY

       Module                        code    ro data   rw data
       ------                        ----    -------   -------
    ./
       main.obj                      640     0         352    
       system_msp432p401r.obj        820     0         8      
       startup_msp432p401r_ccs.obj   14      228       0      
    +--+-----------------------------+-------+---------+---------+
       Total:                        1474    228       360    
                                                              
    /Applications/ti/ccsv8/tools/compiler/ti-cgt-arm_18.1.2.LTS/lib/rtsv7M4_T_le_v4SPD16_eabi.lib
       _printfi.c.obj                4863    0         0      
       defs.c.obj                    0       0         832    
       trgmsg.c.obj                  108     0         576    
       memory.c.obj                  492     0         24     
       write.c.obj                   40      0         400    
       fd_add_t2.asm.obj             438     0         0      
       fd_div_t2.asm.obj             310     0         0      
       fputs.c.obj                   276     0         0      
       s_scalbn.c.obj                272     0         0      
       fd_cmp_t2.asm.obj             268     0         0      
       ctype.c.obj                   0       257       0      
       fd_mul_t2.asm.obj             252     0         0      
       setvbuf.c.obj                 220     0         0      
       memcpy_t2.asm.obj             156     0         0      
       ull_div_t2.asm.obj            150     0         0      
       fputc.c.obj                   140     0         0      
       memset_t2.asm.obj             122     0         0      
       fclose.c.obj                  116     0         0      
       getdevice.c.obj               116     0         0      
       hostopen.c.obj                96      0         16     
       printf.c.obj                  112     0         0      
       fd_tos_t2.asm.obj             110     0         0      
       copy_decompress_lzss.c.obj    104     0         0      
       hostlseek.c.obj               104     0         0      
       hostrename.c.obj              104     0         0      
       exit.c.obj                    76      0         24     
       fseek.c.obj                   100     0         0      
       s_frexp.c.obj                 100     0         0      
       _io_perm.c.obj                98      0         0      
       close.c.obj                   92      0         0      
       hostread.c.obj                88      0         0      
       hostwrite.c.obj               88      0         0      
       ltoa.c.obj                    84      0         0      
       atoi.c.obj                    76      0         0      
       fflush.c.obj                  76      0         0      
       fd_toi_t2.asm.obj             72      0         0      
       autoinit.c.obj                68      0         0      
       hostclose.c.obj               68      0         0      
       hostunlink.c.obj              68      0         0      
       boot_cortex_m.c.obj           56      0         0      
       fs_tod_t2.asm.obj             56      0         0      
       strncpy.c.obj                 54      0         0      
       fopen.c.obj                   52      0         0      
       i_tofd_t2.asm.obj             46      0         0      
       unlink.c.obj                  44      0         0      
       lseek.c.obj                   40      0         0      
       memchr.c.obj                  32      0         0      
       memccpy.c.obj                 28      0         0      
       strcmp.c.obj                  24      0         0      
       strchr.c.obj                  22      0         0      
       s_copysign.c.obj              20      0         0      
       strcpy.c.obj                  20      0         0      
       strlen.c.obj                  20      0         0      
       _lock.c.obj                   2       0         16     
       copy_zero_init.c.obj          18      0         0      
       wcslen.c.obj                  18      0         0      
       errno.c.obj                   8       0         8      
       copy_decompress_none.c.obj    14      0         0      
       pre_init.c.obj                4       0         0      
       div0.asm.obj                  2       0         0      
    +--+-----------------------------+-------+---------+---------+
       Total:                        10703   257       1896   
                                                              
       Heap:                         0       0         2048   
       Stack:                        0       0         1024   
       Linker Generated:             0       195       0      
    +--+-----------------------------+-------+---------+---------+
       Grand Total:                  12177   680       5328   


LINKER GENERATED COPY TABLES

__TI_cinit_table @ 00003240 records: 2, size/record: 8, table size: 16
	.data: load addr=00003188, load size=0000009f bytes, run addr=20000644, run size=00000224 bytes, compression=lzss
	.bss: load addr=00003238, load size=00000008 bytes, run addr=20000400, run size=00000244 bytes, compression=zero_init


LINKER GENERATED HANDLER TABLE

__TI_handler_table @ 00003228 records: 3, size/record: 4, table size: 12
	index: 0, handler: __TI_decompress_lzss
	index: 1, handler: __TI_decompress_none
	index: 2, handler: __TI_zero_init


GLOBAL SYMBOLS: SORTED ALPHABETICALLY BY Name 

address   name                             
-------   ----                             
00003069  ADC14_IRQHandler                 
00003069  AES256_IRQHandler                
00003069  BusFault_Handler                 
00003081  C$$EXIT                          
00002d2f  C$$IO$$                          
00003069  COMP_E0_IRQHandler               
00003069  COMP_E1_IRQHandler               
00003069  CS_IRQHandler                    
00003069  DMA_ERR_IRQHandler               
00003069  DMA_INT0_IRQHandler              
00003069  DMA_INT1_IRQHandler              
00003069  DMA_INT2_IRQHandler              
00003069  DMA_INT3_IRQHandler              
00003069  DebugMon_Handler                 
00003069  Default_Handler                  
00003069  EUSCIA0_IRQHandler               
00003069  EUSCIA1_IRQHandler               
00003069  EUSCIA2_IRQHandler               
00003069  EUSCIA3_IRQHandler               
00003069  EUSCIB0_IRQHandler               
00003069  EUSCIB1_IRQHandler               
00003069  EUSCIB2_IRQHandler               
00003069  EUSCIB3_IRQHandler               
00003069  FLCTL_IRQHandler                 
00003069  FPU_IRQHandler                   
00002b75  HOSTclose                        
00002519  HOSTlseek                        
000027e5  HOSTopen                         
000028a1  HOSTread                         
00002581  HOSTrename                       
00002bb9  HOSTunlink                       
000028f9  HOSTwrite                        
00003069  HardFault_Handler                
00003069  MemManage_Handler                
00003069  NMI_Handler                      
00003069  PCM_IRQHandler                   
00003069  PORT1_IRQHandler                 
00003069  PORT2_IRQHandler                 
00003069  PORT3_IRQHandler                 
00003069  PORT4_IRQHandler                 
00003069  PORT5_IRQHandler                 
00003069  PORT6_IRQHandler                 
00003069  PSS_IRQHandler                   
00003069  PendSV_Handler                   
00003069  RTC_C_IRQHandler                 
0000305d  Reset_Handler                    
00003069  SVC_Handler                      
00003069  SysTick_Handler                  
20000864  SystemCoreClock                  
00000b45  SystemCoreClockUpdate            
00000dbd  SystemInit                       
00003069  T32_INT1_IRQHandler              
00003069  T32_INT2_IRQHandler              
00003069  T32_INTC_IRQHandler              
00003069  TA0_0_IRQHandler                 
00003069  TA0_N_IRQHandler                 
00003069  TA1_0_IRQHandler                 
00003069  TA1_N_IRQHandler                 
00003069  TA2_0_IRQHandler                 
00003069  TA2_N_IRQHandler                 
00003069  TA3_0_IRQHandler                 
00003069  TA3_N_IRQHandler                 
00003069  UsageFault_Handler               
4000480c  WDTCTL_SYM                       
00003069  WDT_A_IRQHandler                 
20000400  __CIOBUF_                        
20010000  __STACK_END                      
00000200  __STACK_SIZE                     
00000400  __SYSMEM_SIZE                    
00003240  __TI_CINIT_Base                  
00003250  __TI_CINIT_Limit                 
00003228  __TI_Handler_Table_Base          
00003234  __TI_Handler_Table_Limit         
00002bfd  __TI_auto_init_nobinit_nopinit   
00002e19  __TI_cleanup                     
20000840  __TI_cleanup_ptr                 
000023c9  __TI_closefile                   
000025e9  __TI_decompress_lzss             
0000304f  __TI_decompress_none             
00002a4d  __TI_doflush                     
20000844  __TI_dtors_ptr                   
20000848  __TI_enable_exit_profile_output  
20000830  __TI_ft_end                      
ffffffff  __TI_pprof_out_hndl              
000000e5  __TI_printfi                     
ffffffff  __TI_prof_data_size              
ffffffff  __TI_prof_data_start             
00002e4d  __TI_readmsg                     
00000000  __TI_static_base__               
20000520  __TI_tmpnams                     
00002d01  __TI_writemsg                    
00002781  __TI_wrt_ok                      
0000302b  __TI_zero_init_nomemset          
000021c9  __aeabi_cdcmpeq                  
000021c9  __aeabi_cdcmple                  
0000224f  __aeabi_cdrcmple                 
000024ab  __aeabi_d2f                      
00002b2d  __aeabi_d2iz                     
00001543  __aeabi_dadd                     
0000182d  __aeabi_ddiv                     
00001ca9  __aeabi_dmul                     
00001539  __aeabi_dsub                     
0000306d  __aeabi_errno_addr               
00002da9  __aeabi_f2d                      
00002eb1  __aeabi_i2d                      
000016ef  __aeabi_idiv0                    
000016ef  __aeabi_ldiv0                    
000022d5  __aeabi_memclr                   
000022d5  __aeabi_memclr4                  
000022d5  __aeabi_memclr8                  
0000200b  __aeabi_memcpy                   
0000200b  __aeabi_memcpy4                  
0000200b  __aeabi_memcpy8                  
000022d7  __aeabi_memset                   
000022d7  __aeabi_memset4                  
000022d7  __aeabi_memset8                  
2000083c  __aeabi_stderr                   
20000834  __aeabi_stdin                    
20000838  __aeabi_stdout                   
000020a7  __aeabi_uldivmod                 
ffffffff  __binit__                        
ffffffff  __c_args__                       
UNDEFED   __mpu_init                       
2000fe00  __stack                          
00002d39  _c_int00_noargs                  
00003084  _ctypes_                         
20000734  _device                          
20000644  _ftable                          
20000858  _lock                            
00000b43  _nop                             
200007ac  _stream                          
20000000  _sys_memory                      
UNDEFED   _system_post_cinit               
0000307d  _system_pre_init                 
2000085c  _unlock                          
00003081  abort                            
200005c0  adc                              
200007fc  adc14_control_register_0         
20000800  adc14_control_register_1         
20000810  adc14_interrupt_enable_0_register
20000814  adc14_interrupt_enable_1_register
2000080c  adc14_interrupt_flag_0_register  
20000804  adc14_memory_control_register_0  
20000808  adc14_memory_register_0          
00002a99  atoi                             
ffffffff  binit                            
00002845  close                            
00002fef  copysign                         
00002fef  copysignl                        
2000082c  count                            
20000860  errno                            
00002ae5  exit                             
00002e81  finddevice                       
0000213d  fputc                            
00001a85  fputs                            
00001e81  free                             
000026b9  frexp                            
000026b9  frexpl                           
0000271d  fseek                            
00002c41  getdevice                        
20000640  i                                
00000000  interruptVectors                 
00001b99  ldexp                            
00001b99  ldexpl                           
00002f0d  lseek                            
000029a7  ltoa                             
00000e79  main                             
00002351  malloc                           
00002fa5  memccpy                          
00002f85  memchr                           
0000200b  memcpy                           
000022dd  memset                           
00002d71  minit                            
20000638  parmbuf                          
200005e8  percent                          
20000818  period                           
00002651  printf                           
0000213d  putc                             
00002ee1  remove                           
00001b99  scalbn                           
00001b99  scalbnl                          
00001da5  setvbuf                          
00002fd9  strchr                           
00002fc1  strcmp                           
00003003  strcpy                           
00003017  strlen                           
00002de1  strncpy                          
20000828  systick_calibration_reg          
2000081c  systick_control_reg              
20000824  systick_current_value_reg        
20000820  systick_reload_value_reg         
00002ee1  unlink                           
20000610  voltages                         
0000303d  wcslen                           
00002f5d  write                            


GLOBAL SYMBOLS: SORTED BY Symbol Address 

address   name                             
-------   ----                             
00000000  __TI_static_base__               
00000000  interruptVectors                 
000000e5  __TI_printfi                     
00000200  __STACK_SIZE                     
00000400  __SYSMEM_SIZE                    
00000b43  _nop                             
00000b45  SystemCoreClockUpdate            
00000dbd  SystemInit                       
00000e79  main                             
00001539  __aeabi_dsub                     
00001543  __aeabi_dadd                     
000016ef  __aeabi_idiv0                    
000016ef  __aeabi_ldiv0                    
0000182d  __aeabi_ddiv                     
00001a85  fputs                            
00001b99  ldexp                            
00001b99  ldexpl                           
00001b99  scalbn                           
00001b99  scalbnl                          
00001ca9  __aeabi_dmul                     
00001da5  setvbuf                          
00001e81  free                             
0000200b  __aeabi_memcpy                   
0000200b  __aeabi_memcpy4                  
0000200b  __aeabi_memcpy8                  
0000200b  memcpy                           
000020a7  __aeabi_uldivmod                 
0000213d  fputc                            
0000213d  putc                             
000021c9  __aeabi_cdcmpeq                  
000021c9  __aeabi_cdcmple                  
0000224f  __aeabi_cdrcmple                 
000022d5  __aeabi_memclr                   
000022d5  __aeabi_memclr4                  
000022d5  __aeabi_memclr8                  
000022d7  __aeabi_memset                   
000022d7  __aeabi_memset4                  
000022d7  __aeabi_memset8                  
000022dd  memset                           
00002351  malloc                           
000023c9  __TI_closefile                   
000024ab  __aeabi_d2f                      
00002519  HOSTlseek                        
00002581  HOSTrename                       
000025e9  __TI_decompress_lzss             
00002651  printf                           
000026b9  frexp                            
000026b9  frexpl                           
0000271d  fseek                            
00002781  __TI_wrt_ok                      
000027e5  HOSTopen                         
00002845  close                            
000028a1  HOSTread                         
000028f9  HOSTwrite                        
000029a7  ltoa                             
00002a4d  __TI_doflush                     
00002a99  atoi                             
00002ae5  exit                             
00002b2d  __aeabi_d2iz                     
00002b75  HOSTclose                        
00002bb9  HOSTunlink                       
00002bfd  __TI_auto_init_nobinit_nopinit   
00002c41  getdevice                        
00002d01  __TI_writemsg                    
00002d2f  C$$IO$$                          
00002d39  _c_int00_noargs                  
00002d71  minit                            
00002da9  __aeabi_f2d                      
00002de1  strncpy                          
00002e19  __TI_cleanup                     
00002e4d  __TI_readmsg                     
00002e81  finddevice                       
00002eb1  __aeabi_i2d                      
00002ee1  remove                           
00002ee1  unlink                           
00002f0d  lseek                            
00002f5d  write                            
00002f85  memchr                           
00002fa5  memccpy                          
00002fc1  strcmp                           
00002fd9  strchr                           
00002fef  copysign                         
00002fef  copysignl                        
00003003  strcpy                           
00003017  strlen                           
0000302b  __TI_zero_init_nomemset          
0000303d  wcslen                           
0000304f  __TI_decompress_none             
0000305d  Reset_Handler                    
00003069  ADC14_IRQHandler                 
00003069  AES256_IRQHandler                
00003069  BusFault_Handler                 
00003069  COMP_E0_IRQHandler               
00003069  COMP_E1_IRQHandler               
00003069  CS_IRQHandler                    
00003069  DMA_ERR_IRQHandler               
00003069  DMA_INT0_IRQHandler              
00003069  DMA_INT1_IRQHandler              
00003069  DMA_INT2_IRQHandler              
00003069  DMA_INT3_IRQHandler              
00003069  DebugMon_Handler                 
00003069  Default_Handler                  
00003069  EUSCIA0_IRQHandler               
00003069  EUSCIA1_IRQHandler               
00003069  EUSCIA2_IRQHandler               
00003069  EUSCIA3_IRQHandler               
00003069  EUSCIB0_IRQHandler               
00003069  EUSCIB1_IRQHandler               
00003069  EUSCIB2_IRQHandler               
00003069  EUSCIB3_IRQHandler               
00003069  FLCTL_IRQHandler                 
00003069  FPU_IRQHandler                   
00003069  HardFault_Handler                
00003069  MemManage_Handler                
00003069  NMI_Handler                      
00003069  PCM_IRQHandler                   
00003069  PORT1_IRQHandler                 
00003069  PORT2_IRQHandler                 
00003069  PORT3_IRQHandler                 
00003069  PORT4_IRQHandler                 
00003069  PORT5_IRQHandler                 
00003069  PORT6_IRQHandler                 
00003069  PSS_IRQHandler                   
00003069  PendSV_Handler                   
00003069  RTC_C_IRQHandler                 
00003069  SVC_Handler                      
00003069  SysTick_Handler                  
00003069  T32_INT1_IRQHandler              
00003069  T32_INT2_IRQHandler              
00003069  T32_INTC_IRQHandler              
00003069  TA0_0_IRQHandler                 
00003069  TA0_N_IRQHandler                 
00003069  TA1_0_IRQHandler                 
00003069  TA1_N_IRQHandler                 
00003069  TA2_0_IRQHandler                 
00003069  TA2_N_IRQHandler                 
00003069  TA3_0_IRQHandler                 
00003069  TA3_N_IRQHandler                 
00003069  UsageFault_Handler               
00003069  WDT_A_IRQHandler                 
0000306d  __aeabi_errno_addr               
0000307d  _system_pre_init                 
00003081  C$$EXIT                          
00003081  abort                            
00003084  _ctypes_                         
00003228  __TI_Handler_Table_Base          
00003234  __TI_Handler_Table_Limit         
00003240  __TI_CINIT_Base                  
00003250  __TI_CINIT_Limit                 
20000000  _sys_memory                      
20000400  __CIOBUF_                        
20000520  __TI_tmpnams                     
200005c0  adc                              
200005e8  percent                          
20000610  voltages                         
20000638  parmbuf                          
20000640  i                                
20000644  _ftable                          
20000734  _device                          
200007ac  _stream                          
200007fc  adc14_control_register_0         
20000800  adc14_control_register_1         
20000804  adc14_memory_control_register_0  
20000808  adc14_memory_register_0          
2000080c  adc14_interrupt_flag_0_register  
20000810  adc14_interrupt_enable_0_register
20000814  adc14_interrupt_enable_1_register
20000818  period                           
2000081c  systick_control_reg              
20000820  systick_reload_value_reg         
20000824  systick_current_value_reg        
20000828  systick_calibration_reg          
2000082c  count                            
20000830  __TI_ft_end                      
20000834  __aeabi_stdin                    
20000838  __aeabi_stdout                   
2000083c  __aeabi_stderr                   
20000840  __TI_cleanup_ptr                 
20000844  __TI_dtors_ptr                   
20000848  __TI_enable_exit_profile_output  
20000858  _lock                            
2000085c  _unlock                          
20000860  errno                            
20000864  SystemCoreClock                  
2000fe00  __stack                          
20010000  __STACK_END                      
4000480c  WDTCTL_SYM                       
ffffffff  __TI_pprof_out_hndl              
ffffffff  __TI_prof_data_size              
ffffffff  __TI_prof_data_start             
ffffffff  __binit__                        
ffffffff  __c_args__                       
ffffffff  binit                            
UNDEFED   __mpu_init                       
UNDEFED   _system_post_cinit               

[195 symbols]
