<?xml version="1.0" encoding="ISO-8859-1" ?>
<link_info>
   <banner>TI ARM Linker Unix v18.1.2.LTS</banner>
   <copyright>Copyright (c) 1996-2017 Texas Instruments Incorporated</copyright>
   <link_time>0x5bec64a3</link_time>
   <link_errors>0x0</link_errors>
   <output_file>Lab02.out</output_file>
   <entry_point>
      <name>_c_int00_noargs</name>
      <address>0x2b59</address>
   </entry_point>
   <input_file_list>
      <input_file id="fl-1">
         <path>./</path>
         <kind>object</kind>
         <file>main.obj</file>
         <name>main.obj</name>
      </input_file>
      <input_file id="fl-2">
         <path>./</path>
         <kind>object</kind>
         <file>startup_msp432p401r_ccs.obj</file>
         <name>startup_msp432p401r_ccs.obj</name>
      </input_file>
      <input_file id="fl-3">
         <path>./</path>
         <kind>object</kind>
         <file>system_msp432p401r.obj</file>
         <name>system_msp432p401r.obj</name>
      </input_file>
      <input_file id="fl-7">
         <kind>object</kind>
         <file>&lt;internal&gt;</file>
         <name>&lt;internal&gt;</name>
      </input_file>
      <input_file id="fl-bd">
         <path>/Applications/ti/ccsv8/tools/compiler/ti-cgt-arm_18.1.2.LTS/lib/</path>
         <kind>archive</kind>
         <file>rtsv7M4_T_le_v4SPD16_eabi.lib</file>
         <name>copy_zero_init.c.obj</name>
      </input_file>
      <input_file id="fl-be">
         <path>/Applications/ti/ccsv8/tools/compiler/ti-cgt-arm_18.1.2.LTS/lib/</path>
         <kind>archive</kind>
         <file>rtsv7M4_T_le_v4SPD16_eabi.lib</file>
         <name>copy_decompress_none.c.obj</name>
      </input_file>
      <input_file id="fl-bf">
         <path>/Applications/ti/ccsv8/tools/compiler/ti-cgt-arm_18.1.2.LTS/lib/</path>
         <kind>archive</kind>
         <file>rtsv7M4_T_le_v4SPD16_eabi.lib</file>
         <name>copy_decompress_lzss.c.obj</name>
      </input_file>
      <input_file id="fl-c0">
         <path>/Applications/ti/ccsv8/tools/compiler/ti-cgt-arm_18.1.2.LTS/lib/</path>
         <kind>archive</kind>
         <file>rtsv7M4_T_le_v4SPD16_eabi.lib</file>
         <name>boot_cortex_m.c.obj</name>
      </input_file>
      <input_file id="fl-c1">
         <path>/Applications/ti/ccsv8/tools/compiler/ti-cgt-arm_18.1.2.LTS/lib/</path>
         <kind>archive</kind>
         <file>rtsv7M4_T_le_v4SPD16_eabi.lib</file>
         <name>exit.c.obj</name>
      </input_file>
      <input_file id="fl-c2">
         <path>/Applications/ti/ccsv8/tools/compiler/ti-cgt-arm_18.1.2.LTS/lib/</path>
         <kind>archive</kind>
         <file>rtsv7M4_T_le_v4SPD16_eabi.lib</file>
         <name>_lock.c.obj</name>
      </input_file>
      <input_file id="fl-c3">
         <path>/Applications/ti/ccsv8/tools/compiler/ti-cgt-arm_18.1.2.LTS/lib/</path>
         <kind>archive</kind>
         <file>rtsv7M4_T_le_v4SPD16_eabi.lib</file>
         <name>args_main.c.obj</name>
      </input_file>
      <input_file id="fl-c4">
         <path>/Applications/ti/ccsv8/tools/compiler/ti-cgt-arm_18.1.2.LTS/lib/</path>
         <kind>archive</kind>
         <file>rtsv7M4_T_le_v4SPD16_eabi.lib</file>
         <name>printf.c.obj</name>
      </input_file>
      <input_file id="fl-c5">
         <path>/Applications/ti/ccsv8/tools/compiler/ti-cgt-arm_18.1.2.LTS/lib/</path>
         <kind>archive</kind>
         <file>rtsv7M4_T_le_v4SPD16_eabi.lib</file>
         <name>memset_t2.asm.obj</name>
      </input_file>
      <input_file id="fl-c6">
         <path>/Applications/ti/ccsv8/tools/compiler/ti-cgt-arm_18.1.2.LTS/lib/</path>
         <kind>archive</kind>
         <file>rtsv7M4_T_le_v4SPD16_eabi.lib</file>
         <name>memcpy_t2.asm.obj</name>
      </input_file>
      <input_file id="fl-c7">
         <path>/Applications/ti/ccsv8/tools/compiler/ti-cgt-arm_18.1.2.LTS/lib/</path>
         <kind>archive</kind>
         <file>rtsv7M4_T_le_v4SPD16_eabi.lib</file>
         <name>autoinit.c.obj</name>
      </input_file>
      <input_file id="fl-c8">
         <path>/Applications/ti/ccsv8/tools/compiler/ti-cgt-arm_18.1.2.LTS/lib/</path>
         <kind>archive</kind>
         <file>rtsv7M4_T_le_v4SPD16_eabi.lib</file>
         <name>pre_init.c.obj</name>
      </input_file>
      <input_file id="fl-c9">
         <path>/Applications/ti/ccsv8/tools/compiler/ti-cgt-arm_18.1.2.LTS/lib/</path>
         <kind>archive</kind>
         <file>rtsv7M4_T_le_v4SPD16_eabi.lib</file>
         <name>cpy_tbl.c.obj</name>
      </input_file>
      <input_file id="fl-ca">
         <path>/Applications/ti/ccsv8/tools/compiler/ti-cgt-arm_18.1.2.LTS/lib/</path>
         <kind>archive</kind>
         <file>rtsv7M4_T_le_v4SPD16_eabi.lib</file>
         <name>_printfi.c.obj</name>
      </input_file>
      <input_file id="fl-cb">
         <path>/Applications/ti/ccsv8/tools/compiler/ti-cgt-arm_18.1.2.LTS/lib/</path>
         <kind>archive</kind>
         <file>rtsv7M4_T_le_v4SPD16_eabi.lib</file>
         <name>atoi.c.obj</name>
      </input_file>
      <input_file id="fl-cc">
         <path>/Applications/ti/ccsv8/tools/compiler/ti-cgt-arm_18.1.2.LTS/lib/</path>
         <kind>archive</kind>
         <file>rtsv7M4_T_le_v4SPD16_eabi.lib</file>
         <name>ctype.c.obj</name>
      </input_file>
      <input_file id="fl-cd">
         <path>/Applications/ti/ccsv8/tools/compiler/ti-cgt-arm_18.1.2.LTS/lib/</path>
         <kind>archive</kind>
         <file>rtsv7M4_T_le_v4SPD16_eabi.lib</file>
         <name>defs.c.obj</name>
      </input_file>
      <input_file id="fl-ce">
         <path>/Applications/ti/ccsv8/tools/compiler/ti-cgt-arm_18.1.2.LTS/lib/</path>
         <kind>archive</kind>
         <file>rtsv7M4_T_le_v4SPD16_eabi.lib</file>
         <name>fputc.c.obj</name>
      </input_file>
      <input_file id="fl-cf">
         <path>/Applications/ti/ccsv8/tools/compiler/ti-cgt-arm_18.1.2.LTS/lib/</path>
         <kind>archive</kind>
         <file>rtsv7M4_T_le_v4SPD16_eabi.lib</file>
         <name>fputs.c.obj</name>
      </input_file>
      <input_file id="fl-d0">
         <path>/Applications/ti/ccsv8/tools/compiler/ti-cgt-arm_18.1.2.LTS/lib/</path>
         <kind>archive</kind>
         <file>rtsv7M4_T_le_v4SPD16_eabi.lib</file>
         <name>ltoa.c.obj</name>
      </input_file>
      <input_file id="fl-d1">
         <path>/Applications/ti/ccsv8/tools/compiler/ti-cgt-arm_18.1.2.LTS/lib/</path>
         <kind>archive</kind>
         <file>rtsv7M4_T_le_v4SPD16_eabi.lib</file>
         <name>memccpy.c.obj</name>
      </input_file>
      <input_file id="fl-d2">
         <path>/Applications/ti/ccsv8/tools/compiler/ti-cgt-arm_18.1.2.LTS/lib/</path>
         <kind>archive</kind>
         <file>rtsv7M4_T_le_v4SPD16_eabi.lib</file>
         <name>memchr.c.obj</name>
      </input_file>
      <input_file id="fl-d3">
         <path>/Applications/ti/ccsv8/tools/compiler/ti-cgt-arm_18.1.2.LTS/lib/</path>
         <kind>archive</kind>
         <file>rtsv7M4_T_le_v4SPD16_eabi.lib</file>
         <name>strchr.c.obj</name>
      </input_file>
      <input_file id="fl-d4">
         <path>/Applications/ti/ccsv8/tools/compiler/ti-cgt-arm_18.1.2.LTS/lib/</path>
         <kind>archive</kind>
         <file>rtsv7M4_T_le_v4SPD16_eabi.lib</file>
         <name>strlen.c.obj</name>
      </input_file>
      <input_file id="fl-d5">
         <path>/Applications/ti/ccsv8/tools/compiler/ti-cgt-arm_18.1.2.LTS/lib/</path>
         <kind>archive</kind>
         <file>rtsv7M4_T_le_v4SPD16_eabi.lib</file>
         <name>write.c.obj</name>
      </input_file>
      <input_file id="fl-d6">
         <path>/Applications/ti/ccsv8/tools/compiler/ti-cgt-arm_18.1.2.LTS/lib/</path>
         <kind>archive</kind>
         <file>rtsv7M4_T_le_v4SPD16_eabi.lib</file>
         <name>s_frexp.c.obj</name>
      </input_file>
      <input_file id="fl-d7">
         <path>/Applications/ti/ccsv8/tools/compiler/ti-cgt-arm_18.1.2.LTS/lib/</path>
         <kind>archive</kind>
         <file>rtsv7M4_T_le_v4SPD16_eabi.lib</file>
         <name>s_scalbn.c.obj</name>
      </input_file>
      <input_file id="fl-d8">
         <path>/Applications/ti/ccsv8/tools/compiler/ti-cgt-arm_18.1.2.LTS/lib/</path>
         <kind>archive</kind>
         <file>rtsv7M4_T_le_v4SPD16_eabi.lib</file>
         <name>s_copysign.c.obj</name>
      </input_file>
      <input_file id="fl-d9">
         <path>/Applications/ti/ccsv8/tools/compiler/ti-cgt-arm_18.1.2.LTS/lib/</path>
         <kind>archive</kind>
         <file>rtsv7M4_T_le_v4SPD16_eabi.lib</file>
         <name>wcslen.c.obj</name>
      </input_file>
      <input_file id="fl-da">
         <path>/Applications/ti/ccsv8/tools/compiler/ti-cgt-arm_18.1.2.LTS/lib/</path>
         <kind>archive</kind>
         <file>rtsv7M4_T_le_v4SPD16_eabi.lib</file>
         <name>fd_add_t2.asm.obj</name>
      </input_file>
      <input_file id="fl-db">
         <path>/Applications/ti/ccsv8/tools/compiler/ti-cgt-arm_18.1.2.LTS/lib/</path>
         <kind>archive</kind>
         <file>rtsv7M4_T_le_v4SPD16_eabi.lib</file>
         <name>fd_cmp_t2.asm.obj</name>
      </input_file>
      <input_file id="fl-dc">
         <path>/Applications/ti/ccsv8/tools/compiler/ti-cgt-arm_18.1.2.LTS/lib/</path>
         <kind>archive</kind>
         <file>rtsv7M4_T_le_v4SPD16_eabi.lib</file>
         <name>fd_div_t2.asm.obj</name>
      </input_file>
      <input_file id="fl-dd">
         <path>/Applications/ti/ccsv8/tools/compiler/ti-cgt-arm_18.1.2.LTS/lib/</path>
         <kind>archive</kind>
         <file>rtsv7M4_T_le_v4SPD16_eabi.lib</file>
         <name>fd_mul_t2.asm.obj</name>
      </input_file>
      <input_file id="fl-de">
         <path>/Applications/ti/ccsv8/tools/compiler/ti-cgt-arm_18.1.2.LTS/lib/</path>
         <kind>archive</kind>
         <file>rtsv7M4_T_le_v4SPD16_eabi.lib</file>
         <name>fd_toi_t2.asm.obj</name>
      </input_file>
      <input_file id="fl-df">
         <path>/Applications/ti/ccsv8/tools/compiler/ti-cgt-arm_18.1.2.LTS/lib/</path>
         <kind>archive</kind>
         <file>rtsv7M4_T_le_v4SPD16_eabi.lib</file>
         <name>i_tofd_t2.asm.obj</name>
      </input_file>
      <input_file id="fl-e0">
         <path>/Applications/ti/ccsv8/tools/compiler/ti-cgt-arm_18.1.2.LTS/lib/</path>
         <kind>archive</kind>
         <file>rtsv7M4_T_le_v4SPD16_eabi.lib</file>
         <name>ull_div_t2.asm.obj</name>
      </input_file>
      <input_file id="fl-e1">
         <path>/Applications/ti/ccsv8/tools/compiler/ti-cgt-arm_18.1.2.LTS/lib/</path>
         <kind>archive</kind>
         <file>rtsv7M4_T_le_v4SPD16_eabi.lib</file>
         <name>errno.c.obj</name>
      </input_file>
      <input_file id="fl-e2">
         <path>/Applications/ti/ccsv8/tools/compiler/ti-cgt-arm_18.1.2.LTS/lib/</path>
         <kind>archive</kind>
         <file>rtsv7M4_T_le_v4SPD16_eabi.lib</file>
         <name>_io_perm.c.obj</name>
      </input_file>
      <input_file id="fl-e3">
         <path>/Applications/ti/ccsv8/tools/compiler/ti-cgt-arm_18.1.2.LTS/lib/</path>
         <kind>archive</kind>
         <file>rtsv7M4_T_le_v4SPD16_eabi.lib</file>
         <name>fflush.c.obj</name>
      </input_file>
      <input_file id="fl-e4">
         <path>/Applications/ti/ccsv8/tools/compiler/ti-cgt-arm_18.1.2.LTS/lib/</path>
         <kind>archive</kind>
         <file>rtsv7M4_T_le_v4SPD16_eabi.lib</file>
         <name>fseek.c.obj</name>
      </input_file>
      <input_file id="fl-e5">
         <path>/Applications/ti/ccsv8/tools/compiler/ti-cgt-arm_18.1.2.LTS/lib/</path>
         <kind>archive</kind>
         <file>rtsv7M4_T_le_v4SPD16_eabi.lib</file>
         <name>lseek.c.obj</name>
      </input_file>
      <input_file id="fl-e6">
         <path>/Applications/ti/ccsv8/tools/compiler/ti-cgt-arm_18.1.2.LTS/lib/</path>
         <kind>archive</kind>
         <file>rtsv7M4_T_le_v4SPD16_eabi.lib</file>
         <name>setvbuf.c.obj</name>
      </input_file>
      <input_file id="fl-e7">
         <path>/Applications/ti/ccsv8/tools/compiler/ti-cgt-arm_18.1.2.LTS/lib/</path>
         <kind>archive</kind>
         <file>rtsv7M4_T_le_v4SPD16_eabi.lib</file>
         <name>hostclose.c.obj</name>
      </input_file>
      <input_file id="fl-e8">
         <path>/Applications/ti/ccsv8/tools/compiler/ti-cgt-arm_18.1.2.LTS/lib/</path>
         <kind>archive</kind>
         <file>rtsv7M4_T_le_v4SPD16_eabi.lib</file>
         <name>hostlseek.c.obj</name>
      </input_file>
      <input_file id="fl-e9">
         <path>/Applications/ti/ccsv8/tools/compiler/ti-cgt-arm_18.1.2.LTS/lib/</path>
         <kind>archive</kind>
         <file>rtsv7M4_T_le_v4SPD16_eabi.lib</file>
         <name>hostopen.c.obj</name>
      </input_file>
      <input_file id="fl-ea">
         <path>/Applications/ti/ccsv8/tools/compiler/ti-cgt-arm_18.1.2.LTS/lib/</path>
         <kind>archive</kind>
         <file>rtsv7M4_T_le_v4SPD16_eabi.lib</file>
         <name>hostread.c.obj</name>
      </input_file>
      <input_file id="fl-eb">
         <path>/Applications/ti/ccsv8/tools/compiler/ti-cgt-arm_18.1.2.LTS/lib/</path>
         <kind>archive</kind>
         <file>rtsv7M4_T_le_v4SPD16_eabi.lib</file>
         <name>hostrename.c.obj</name>
      </input_file>
      <input_file id="fl-ec">
         <path>/Applications/ti/ccsv8/tools/compiler/ti-cgt-arm_18.1.2.LTS/lib/</path>
         <kind>archive</kind>
         <file>rtsv7M4_T_le_v4SPD16_eabi.lib</file>
         <name>hostunlink.c.obj</name>
      </input_file>
      <input_file id="fl-ed">
         <path>/Applications/ti/ccsv8/tools/compiler/ti-cgt-arm_18.1.2.LTS/lib/</path>
         <kind>archive</kind>
         <file>rtsv7M4_T_le_v4SPD16_eabi.lib</file>
         <name>hostwrite.c.obj</name>
      </input_file>
      <input_file id="fl-ee">
         <path>/Applications/ti/ccsv8/tools/compiler/ti-cgt-arm_18.1.2.LTS/lib/</path>
         <kind>archive</kind>
         <file>rtsv7M4_T_le_v4SPD16_eabi.lib</file>
         <name>trgmsg.c.obj</name>
      </input_file>
      <input_file id="fl-ef">
         <path>/Applications/ti/ccsv8/tools/compiler/ti-cgt-arm_18.1.2.LTS/lib/</path>
         <kind>archive</kind>
         <file>rtsv7M4_T_le_v4SPD16_eabi.lib</file>
         <name>div0.asm.obj</name>
      </input_file>
      <input_file id="fl-f0">
         <path>/Applications/ti/ccsv8/tools/compiler/ti-cgt-arm_18.1.2.LTS/lib/</path>
         <kind>archive</kind>
         <file>rtsv7M4_T_le_v4SPD16_eabi.lib</file>
         <name>memory.c.obj</name>
      </input_file>
      <input_file id="fl-f1">
         <path>/Applications/ti/ccsv8/tools/compiler/ti-cgt-arm_18.1.2.LTS/lib/</path>
         <kind>archive</kind>
         <file>rtsv7M4_T_le_v4SPD16_eabi.lib</file>
         <name>fopen.c.obj</name>
      </input_file>
      <input_file id="fl-f2">
         <path>/Applications/ti/ccsv8/tools/compiler/ti-cgt-arm_18.1.2.LTS/lib/</path>
         <kind>archive</kind>
         <file>rtsv7M4_T_le_v4SPD16_eabi.lib</file>
         <name>open.c.obj</name>
      </input_file>
      <input_file id="fl-f3">
         <path>/Applications/ti/ccsv8/tools/compiler/ti-cgt-arm_18.1.2.LTS/lib/</path>
         <kind>archive</kind>
         <file>rtsv7M4_T_le_v4SPD16_eabi.lib</file>
         <name>strcpy.c.obj</name>
      </input_file>
      <input_file id="fl-f4">
         <path>/Applications/ti/ccsv8/tools/compiler/ti-cgt-arm_18.1.2.LTS/lib/</path>
         <kind>archive</kind>
         <file>rtsv7M4_T_le_v4SPD16_eabi.lib</file>
         <name>fclose.c.obj</name>
      </input_file>
      <input_file id="fl-f5">
         <path>/Applications/ti/ccsv8/tools/compiler/ti-cgt-arm_18.1.2.LTS/lib/</path>
         <kind>archive</kind>
         <file>rtsv7M4_T_le_v4SPD16_eabi.lib</file>
         <name>getdevice.c.obj</name>
      </input_file>
      <input_file id="fl-f6">
         <path>/Applications/ti/ccsv8/tools/compiler/ti-cgt-arm_18.1.2.LTS/lib/</path>
         <kind>archive</kind>
         <file>rtsv7M4_T_le_v4SPD16_eabi.lib</file>
         <name>remove.c.obj</name>
      </input_file>
      <input_file id="fl-f7">
         <path>/Applications/ti/ccsv8/tools/compiler/ti-cgt-arm_18.1.2.LTS/lib/</path>
         <kind>archive</kind>
         <file>rtsv7M4_T_le_v4SPD16_eabi.lib</file>
         <name>strcmp.c.obj</name>
      </input_file>
      <input_file id="fl-f8">
         <path>/Applications/ti/ccsv8/tools/compiler/ti-cgt-arm_18.1.2.LTS/lib/</path>
         <kind>archive</kind>
         <file>rtsv7M4_T_le_v4SPD16_eabi.lib</file>
         <name>strncpy.c.obj</name>
      </input_file>
      <input_file id="fl-f9">
         <path>/Applications/ti/ccsv8/tools/compiler/ti-cgt-arm_18.1.2.LTS/lib/</path>
         <kind>archive</kind>
         <file>rtsv7M4_T_le_v4SPD16_eabi.lib</file>
         <name>unlink.c.obj</name>
      </input_file>
      <input_file id="fl-fa">
         <path>/Applications/ti/ccsv8/tools/compiler/ti-cgt-arm_18.1.2.LTS/lib/</path>
         <kind>archive</kind>
         <file>rtsv7M4_T_le_v4SPD16_eabi.lib</file>
         <name>close.c.obj</name>
      </input_file>
   </input_file_list>
   <object_component_list>
      <object_component id="oc-23">
         <name>.intvecs:retain</name>
         <load_address>0x0</load_address>
         <run_address>0x0</run_address>
         <size>0xe4</size>
         <input_file_ref idref="fl-2"/>
      </object_component>
      <object_component id="oc-12b">
         <name>.text:__TI_printfi</name>
         <load_address>0xe4</load_address>
         <run_address>0xe4</run_address>
         <size>0xa5e</size>
         <input_file_ref idref="fl-ca"/>
      </object_component>
      <object_component id="oc-1c4">
         <name>.text:_nop</name>
         <load_address>0xb42</load_address>
         <run_address>0xb42</run_address>
         <size>0x2</size>
         <input_file_ref idref="fl-c2"/>
      </object_component>
      <object_component id="oc-a9">
         <name>.text</name>
         <load_address>0xb44</load_address>
         <run_address>0xb44</run_address>
         <size>0x334</size>
         <input_file_ref idref="fl-3"/>
      </object_component>
      <object_component id="oc-1a0">
         <name>.text:_pconv_a</name>
         <load_address>0xe78</load_address>
         <run_address>0xe78</run_address>
         <size>0x270</size>
         <input_file_ref idref="fl-ca"/>
      </object_component>
      <object_component id="oc-18e">
         <name>.text:_pconv_g</name>
         <load_address>0x10e8</load_address>
         <run_address>0x10e8</run_address>
         <size>0x1d0</size>
         <input_file_ref idref="fl-ca"/>
      </object_component>
      <object_component id="oc-22b">
         <name>.text</name>
         <load_address>0x12b8</load_address>
         <run_address>0x12b8</run_address>
         <size>0x1b6</size>
         <input_file_ref idref="fl-da"/>
      </object_component>
      <object_component id="oc-2b1">
         <name>.text</name>
         <load_address>0x146e</load_address>
         <run_address>0x146e</run_address>
         <size>0x2</size>
         <input_file_ref idref="fl-ef"/>
      </object_component>
      <object_component id="oc-19a">
         <name>.text:_pconv_e</name>
         <load_address>0x1470</load_address>
         <run_address>0x1470</run_address>
         <size>0x13c</size>
         <input_file_ref idref="fl-ca"/>
      </object_component>
      <object_component id="oc-211">
         <name>.text</name>
         <load_address>0x15ac</load_address>
         <run_address>0x15ac</run_address>
         <size>0x136</size>
         <input_file_ref idref="fl-dc"/>
      </object_component>
      <object_component id="oc-23d">
         <name>.text:fcvt</name>
         <load_address>0x16e4</load_address>
         <run_address>0x16e4</run_address>
         <size>0x120</size>
         <input_file_ref idref="fl-ca"/>
      </object_component>
      <object_component id="oc-1d2">
         <name>.text:fputs</name>
         <load_address>0x1804</load_address>
         <run_address>0x1804</run_address>
         <size>0x114</size>
         <input_file_ref idref="fl-cf"/>
      </object_component>
      <object_component id="oc-251">
         <name>.text:scalbn</name>
         <load_address>0x1918</load_address>
         <run_address>0x1918</run_address>
         <size>0x110</size>
         <input_file_ref idref="fl-d7"/>
      </object_component>
      <object_component id="oc-97">
         <name>.text</name>
         <load_address>0x1a28</load_address>
         <run_address>0x1a28</run_address>
         <size>0x10c</size>
         <input_file_ref idref="fl-1"/>
      </object_component>
      <object_component id="oc-20c">
         <name>.text</name>
         <load_address>0x1b34</load_address>
         <run_address>0x1b34</run_address>
         <size>0xfc</size>
         <input_file_ref idref="fl-dd"/>
      </object_component>
      <object_component id="oc-2ec">
         <name>.text:setvbuf</name>
         <load_address>0x1c30</load_address>
         <run_address>0x1c30</run_address>
         <size>0xdc</size>
         <input_file_ref idref="fl-e6"/>
      </object_component>
      <object_component id="oc-31a">
         <name>.text:free</name>
         <load_address>0x1d0c</load_address>
         <run_address>0x1d0c</run_address>
         <size>0xd8</size>
         <input_file_ref idref="fl-f0"/>
      </object_component>
      <object_component id="oc-183">
         <name>.text:_ltostr</name>
         <load_address>0x1de4</load_address>
         <run_address>0x1de4</run_address>
         <size>0xb1</size>
         <input_file_ref idref="fl-ca"/>
      </object_component>
      <object_component id="oc-37">
         <name>.text</name>
         <load_address>0x1e96</load_address>
         <run_address>0x1e96</run_address>
         <size>0x9c</size>
         <input_file_ref idref="fl-c6"/>
      </object_component>
      <object_component id="oc-205">
         <name>.text</name>
         <load_address>0x1f32</load_address>
         <run_address>0x1f32</run_address>
         <size>0x96</size>
         <input_file_ref idref="fl-e0"/>
      </object_component>
      <object_component id="oc-1d9">
         <name>.text:fputc</name>
         <load_address>0x1fc8</load_address>
         <run_address>0x1fc8</run_address>
         <size>0x8c</size>
         <input_file_ref idref="fl-ce"/>
      </object_component>
      <object_component id="oc-189">
         <name>.text:__aeabi_cdcmple</name>
         <load_address>0x2054</load_address>
         <run_address>0x2054</run_address>
         <size>0x86</size>
         <input_file_ref idref="fl-db"/>
      </object_component>
      <object_component id="oc-216">
         <name>.text:__aeabi_cdrcmple</name>
         <load_address>0x20da</load_address>
         <run_address>0x20da</run_address>
         <size>0x86</size>
         <input_file_ref idref="fl-db"/>
      </object_component>
      <object_component id="oc-8b">
         <name>.text</name>
         <load_address>0x2160</load_address>
         <run_address>0x2160</run_address>
         <size>0x7a</size>
         <input_file_ref idref="fl-c5"/>
      </object_component>
      <object_component id="oc-320">
         <name>.text:malloc</name>
         <load_address>0x21dc</load_address>
         <run_address>0x21dc</run_address>
         <size>0x78</size>
         <input_file_ref idref="fl-f0"/>
      </object_component>
      <object_component id="oc-365">
         <name>.text:__TI_closefile</name>
         <load_address>0x2254</load_address>
         <run_address>0x2254</run_address>
         <size>0x74</size>
         <input_file_ref idref="fl-f4"/>
      </object_component>
      <object_component id="oc-236">
         <name>.text:_mcpy</name>
         <load_address>0x22c8</load_address>
         <run_address>0x22c8</run_address>
         <size>0x6e</size>
         <input_file_ref idref="fl-ca"/>
      </object_component>
      <object_component id="oc-389">
         <name>.text:HOSTlseek</name>
         <load_address>0x2338</load_address>
         <run_address>0x2338</run_address>
         <size>0x68</size>
         <input_file_ref idref="fl-e8"/>
      </object_component>
      <object_component id="oc-395">
         <name>.text:HOSTrename</name>
         <load_address>0x23a0</load_address>
         <run_address>0x23a0</run_address>
         <size>0x68</size>
         <input_file_ref idref="fl-eb"/>
      </object_component>
      <object_component id="oc-14">
         <name>.text:decompress:lzss:__TI_decompress_lzss</name>
         <load_address>0x2408</load_address>
         <run_address>0x2408</run_address>
         <size>0x68</size>
         <input_file_ref idref="fl-bf"/>
      </object_component>
      <object_component id="oc-d3">
         <name>.text:printf</name>
         <load_address>0x2470</load_address>
         <run_address>0x2470</run_address>
         <size>0x68</size>
         <input_file_ref idref="fl-c4"/>
      </object_component>
      <object_component id="oc-24b">
         <name>.text:frexp</name>
         <load_address>0x24d8</load_address>
         <run_address>0x24d8</run_address>
         <size>0x64</size>
         <input_file_ref idref="fl-d6"/>
      </object_component>
      <object_component id="oc-2e6">
         <name>.text:fseek</name>
         <load_address>0x253c</load_address>
         <run_address>0x253c</run_address>
         <size>0x64</size>
         <input_file_ref idref="fl-e4"/>
      </object_component>
      <object_component id="oc-282">
         <name>.text:__TI_wrt_ok</name>
         <load_address>0x25a0</load_address>
         <run_address>0x25a0</run_address>
         <size>0x62</size>
         <input_file_ref idref="fl-e2"/>
      </object_component>
      <object_component id="oc-371">
         <name>.text:HOSTopen</name>
         <load_address>0x2604</load_address>
         <run_address>0x2604</run_address>
         <size>0x60</size>
         <input_file_ref idref="fl-e9"/>
      </object_component>
      <object_component id="oc-3a4">
         <name>.text:close</name>
         <load_address>0x2664</load_address>
         <run_address>0x2664</run_address>
         <size>0x5c</size>
         <input_file_ref idref="fl-fa"/>
      </object_component>
      <object_component id="oc-37d">
         <name>.text:HOSTread</name>
         <load_address>0x26c0</load_address>
         <run_address>0x26c0</run_address>
         <size>0x58</size>
         <input_file_ref idref="fl-ea"/>
      </object_component>
      <object_component id="oc-383">
         <name>.text:HOSTwrite</name>
         <load_address>0x2718</load_address>
         <run_address>0x2718</run_address>
         <size>0x58</size>
         <input_file_ref idref="fl-ed"/>
      </object_component>
      <object_component id="oc-194">
         <name>.text:_pconv_f</name>
         <load_address>0x2770</load_address>
         <run_address>0x2770</run_address>
         <size>0x56</size>
         <input_file_ref idref="fl-ca"/>
      </object_component>
      <object_component id="oc-220">
         <name>.text:ltoa</name>
         <load_address>0x27c6</load_address>
         <run_address>0x27c6</run_address>
         <size>0x54</size>
         <input_file_ref idref="fl-d0"/>
      </object_component>
      <object_component id="oc-230">
         <name>.text:_ecpy</name>
         <load_address>0x281a</load_address>
         <run_address>0x281a</run_address>
         <size>0x52</size>
         <input_file_ref idref="fl-ca"/>
      </object_component>
      <object_component id="oc-28e">
         <name>.text:__TI_doflush</name>
         <load_address>0x286c</load_address>
         <run_address>0x286c</run_address>
         <size>0x4c</size>
         <input_file_ref idref="fl-e3"/>
      </object_component>
      <object_component id="oc-17d">
         <name>.text:atoi</name>
         <load_address>0x28b8</load_address>
         <run_address>0x28b8</run_address>
         <size>0x4c</size>
         <input_file_ref idref="fl-cb"/>
      </object_component>
      <object_component id="oc-e3">
         <name>.text:exit</name>
         <load_address>0x2904</load_address>
         <run_address>0x2904</run_address>
         <size>0x48</size>
         <input_file_ref idref="fl-c1"/>
      </object_component>
      <object_component id="oc-21b">
         <name>.text</name>
         <load_address>0x294c</load_address>
         <run_address>0x294c</run_address>
         <size>0x48</size>
         <input_file_ref idref="fl-de"/>
      </object_component>
      <object_component id="oc-377">
         <name>.text:HOSTclose</name>
         <load_address>0x2994</load_address>
         <run_address>0x2994</run_address>
         <size>0x44</size>
         <input_file_ref idref="fl-e7"/>
      </object_component>
      <object_component id="oc-38f">
         <name>.text:HOSTunlink</name>
         <load_address>0x29d8</load_address>
         <run_address>0x29d8</run_address>
         <size>0x44</size>
         <input_file_ref idref="fl-ec"/>
      </object_component>
      <object_component id="oc-e9">
         <name>.text:__TI_auto_init_nobinit_nopinit:__TI_auto_init_nobinit_nopinit</name>
         <load_address>0x2a1c</load_address>
         <run_address>0x2a1c</run_address>
         <size>0x44</size>
         <input_file_ref idref="fl-c7"/>
      </object_component>
      <object_component id="oc-3d9">
         <name>.text:getdevice</name>
         <load_address>0x2a60</load_address>
         <run_address>0x2a60</run_address>
         <size>0x44</size>
         <input_file_ref idref="fl-f5"/>
      </object_component>
      <object_component id="oc-243">
         <name>.text:_fcpy</name>
         <load_address>0x2aa4</load_address>
         <run_address>0x2aa4</run_address>
         <size>0x3e</size>
         <input_file_ref idref="fl-ca"/>
      </object_component>
      <object_component id="oc-35a">
         <name>.text:minsert</name>
         <load_address>0x2ae4</load_address>
         <run_address>0x2ae4</run_address>
         <size>0x3c</size>
         <input_file_ref idref="fl-f0"/>
      </object_component>
      <object_component id="oc-3b5">
         <name>.text:__TI_writemsg</name>
         <load_address>0x2b20</load_address>
         <run_address>0x2b20</run_address>
         <size>0x38</size>
         <input_file_ref idref="fl-ee"/>
      </object_component>
      <object_component id="oc-55">
         <name>.text:_c_int00_noargs:_c_int00_noargs</name>
         <load_address>0x2b58</load_address>
         <run_address>0x2b58</run_address>
         <size>0x38</size>
         <input_file_ref idref="fl-c0"/>
      </object_component>
      <object_component id="oc-34e">
         <name>.text:minit</name>
         <load_address>0x2b90</load_address>
         <run_address>0x2b90</run_address>
         <size>0x38</size>
         <input_file_ref idref="fl-f0"/>
      </object_component>
      <object_component id="oc-3fb">
         <name>.text:strncpy</name>
         <load_address>0x2bc8</load_address>
         <run_address>0x2bc8</run_address>
         <size>0x36</size>
         <input_file_ref idref="fl-f8"/>
      </object_component>
      <object_component id="oc-326">
         <name>.text:__TI_cleanup</name>
         <load_address>0x2c00</load_address>
         <run_address>0x2c00</run_address>
         <size>0x34</size>
         <input_file_ref idref="fl-f1"/>
      </object_component>
      <object_component id="oc-3bb">
         <name>.text:__TI_readmsg</name>
         <load_address>0x2c34</load_address>
         <run_address>0x2c34</run_address>
         <size>0x34</size>
         <input_file_ref idref="fl-ee"/>
      </object_component>
      <object_component id="oc-401">
         <name>.text:finddevice</name>
         <load_address>0x2c68</load_address>
         <run_address>0x2c68</run_address>
         <size>0x30</size>
         <input_file_ref idref="fl-f5"/>
      </object_component>
      <object_component id="oc-226">
         <name>.text</name>
         <load_address>0x2c98</load_address>
         <run_address>0x2c98</run_address>
         <size>0x2e</size>
         <input_file_ref idref="fl-df"/>
      </object_component>
      <object_component id="oc-3aa">
         <name>.text:unlink</name>
         <load_address>0x2cc8</load_address>
         <run_address>0x2cc8</run_address>
         <size>0x2c</size>
         <input_file_ref idref="fl-f9"/>
      </object_component>
      <object_component id="oc-312">
         <name>.text:lseek</name>
         <load_address>0x2cf4</load_address>
         <run_address>0x2cf4</run_address>
         <size>0x28</size>
         <input_file_ref idref="fl-e5"/>
      </object_component>
      <object_component id="oc-354">
         <name>.text:mremove</name>
         <load_address>0x2d1c</load_address>
         <run_address>0x2d1c</run_address>
         <size>0x28</size>
         <input_file_ref idref="fl-f0"/>
      </object_component>
      <object_component id="oc-294">
         <name>.text:write</name>
         <load_address>0x2d44</load_address>
         <run_address>0x2d44</run_address>
         <size>0x28</size>
         <input_file_ref idref="fl-d5"/>
      </object_component>
      <object_component id="oc-288">
         <name>.text:memchr</name>
         <load_address>0x2d6c</load_address>
         <run_address>0x2d6c</run_address>
         <size>0x20</size>
         <input_file_ref idref="fl-d2"/>
      </object_component>
      <object_component id="oc-1a6">
         <name>.text:memccpy</name>
         <load_address>0x2d8c</load_address>
         <run_address>0x2d8c</run_address>
         <size>0x1c</size>
         <input_file_ref idref="fl-d1"/>
      </object_component>
      <object_component id="oc-418">
         <name>.text:strcmp</name>
         <load_address>0x2da8</load_address>
         <run_address>0x2da8</run_address>
         <size>0x18</size>
         <input_file_ref idref="fl-f7"/>
      </object_component>
      <object_component id="oc-257">
         <name>.text:strchr</name>
         <load_address>0x2dc0</load_address>
         <run_address>0x2dc0</run_address>
         <size>0x16</size>
         <input_file_ref idref="fl-d3"/>
      </object_component>
      <object_component id="oc-2ca">
         <name>.text:copysign</name>
         <load_address>0x2dd6</load_address>
         <run_address>0x2dd6</run_address>
         <size>0x14</size>
         <input_file_ref idref="fl-d8"/>
      </object_component>
      <object_component id="oc-3cf">
         <name>.text:strcpy</name>
         <load_address>0x2dea</load_address>
         <run_address>0x2dea</run_address>
         <size>0x14</size>
         <input_file_ref idref="fl-f3"/>
      </object_component>
      <object_component id="oc-177">
         <name>.text:strlen</name>
         <load_address>0x2dfe</load_address>
         <run_address>0x2dfe</run_address>
         <size>0x14</size>
         <input_file_ref idref="fl-d4"/>
      </object_component>
      <object_component id="oc-43">
         <name>.text:decompress:ZI:__TI_zero_init_nomemset:__TI_zero_init_nomemset</name>
         <load_address>0x2e12</load_address>
         <run_address>0x2e12</run_address>
         <size>0x12</size>
         <input_file_ref idref="fl-bd"/>
      </object_component>
      <object_component id="oc-1ac">
         <name>.text:wcslen</name>
         <load_address>0x2e24</load_address>
         <run_address>0x2e24</run_address>
         <size>0x12</size>
         <input_file_ref idref="fl-d9"/>
      </object_component>
      <object_component id="oc-1a">
         <name>.text:decompress:none:__TI_decompress_none</name>
         <load_address>0x2e36</load_address>
         <run_address>0x2e36</run_address>
         <size>0xe</size>
         <input_file_ref idref="fl-be"/>
      </object_component>
      <object_component id="oc-67">
         <name>.text</name>
         <load_address>0x2e44</load_address>
         <run_address>0x2e44</run_address>
         <size>0xe</size>
         <input_file_ref idref="fl-2"/>
      </object_component>
      <object_component id="oc-1b2">
         <name>.text:__aeabi_errno_addr</name>
         <load_address>0x2e54</load_address>
         <run_address>0x2e54</run_address>
         <size>0x8</size>
         <input_file_ref idref="fl-e1"/>
      </object_component>
      <object_component id="oc-13d">
         <name>.text:_outc</name>
         <load_address>0x2e5c</load_address>
         <run_address>0x2e5c</run_address>
         <size>0x4</size>
         <input_file_ref idref="fl-c4"/>
      </object_component>
      <object_component id="oc-137">
         <name>.text:_outs</name>
         <load_address>0x2e60</load_address>
         <run_address>0x2e60</run_address>
         <size>0x4</size>
         <input_file_ref idref="fl-c4"/>
      </object_component>
      <object_component id="oc-91">
         <name>.text:_system_pre_init</name>
         <load_address>0x2e64</load_address>
         <run_address>0x2e64</run_address>
         <size>0x4</size>
         <input_file_ref idref="fl-c8"/>
      </object_component>
      <object_component id="oc-dd">
         <name>.text:abort:abort</name>
         <load_address>0x2e68</load_address>
         <run_address>0x2e68</run_address>
         <size>0x4</size>
         <input_file_ref idref="fl-c1"/>
      </object_component>
      <object_component id="oc-200">
         <name>.const:.string:_ctypes_</name>
         <load_address>0x2e6c</load_address>
         <run_address>0x2e6c</run_address>
         <size>0x101</size>
         <input_file_ref idref="fl-cc"/>
      </object_component>
      <object_component id="oc-456">
         <name>.cinit..data.load</name>
         <load_address>0x2f70</load_address>
         <run_address>0x2f70</run_address>
         <size>0x86</size>
      </object_component>
      <object_component id="oc-454">
         <name>__TI_handler_table</name>
         <load_address>0x2ff8</load_address>
         <run_address>0x2ff8</run_address>
         <size>0xc</size>
      </object_component>
      <object_component id="oc-457">
         <name>.cinit..bss.load</name>
         <load_address>0x3008</load_address>
         <run_address>0x3008</run_address>
         <size>0x8</size>
      </object_component>
      <object_component id="oc-455">
         <name>__TI_cinit_table</name>
         <load_address>0x3010</load_address>
         <run_address>0x3010</run_address>
         <size>0x10</size>
      </object_component>
      <object_component id="oc-429">
         <name>.binit</name>
         <load_address>0x0</load_address>
         <run_address>0x0</run_address>
         <size>0x0</size>
      </object_component>
      <object_component id="oc-d9">
         <name>.data</name>
         <load_address>0x200005b8</load_address>
         <run_address>0x200005b8</run_address>
         <size>0x1c</size>
         <input_file_ref idref="fl-1"/>
      </object_component>
      <object_component id="oc-11b">
         <name>.data</name>
         <load_address>0x20000608</load_address>
         <run_address>0x20000608</run_address>
         <size>0x4</size>
         <input_file_ref idref="fl-3"/>
      </object_component>
      <object_component id="oc-14d">
         <name>.data:$O1$$</name>
         <load_address>0x200005e4</load_address>
         <run_address>0x200005e4</run_address>
         <size>0xc</size>
         <input_file_ref idref="fl-c1"/>
      </object_component>
      <object_component id="oc-131">
         <name>.data:$O1$$</name>
         <load_address>0x200005fc</load_address>
         <run_address>0x200005fc</run_address>
         <size>0x8</size>
         <input_file_ref idref="fl-c2"/>
      </object_component>
      <object_component id="oc-134">
         <name>.data:_ftable</name>
         <load_address>0x20000400</load_address>
         <run_address>0x20000400</run_address>
         <size>0xf0</size>
         <input_file_ref idref="fl-cd"/>
      </object_component>
      <object_component id="oc-36b">
         <name>.data</name>
         <load_address>0x200005d4</load_address>
         <run_address>0x200005d4</run_address>
         <size>0x10</size>
         <input_file_ref idref="fl-cd"/>
      </object_component>
      <object_component id="oc-339">
         <name>.data:_device</name>
         <load_address>0x200004f0</load_address>
         <run_address>0x200004f0</run_address>
         <size>0x78</size>
         <input_file_ref idref="fl-d5"/>
      </object_component>
      <object_component id="oc-2f8">
         <name>.data:_stream</name>
         <load_address>0x20000568</load_address>
         <run_address>0x20000568</run_address>
         <size>0x50</size>
         <input_file_ref idref="fl-d5"/>
      </object_component>
      <object_component id="oc-267">
         <name>.data</name>
         <load_address>0x20000604</load_address>
         <run_address>0x20000604</run_address>
         <size>0x4</size>
         <input_file_ref idref="fl-e1"/>
      </object_component>
      <object_component id="oc-360">
         <name>.data:$O1$$</name>
         <load_address>0x200005f0</load_address>
         <run_address>0x200005f0</run_address>
         <size>0xc</size>
         <input_file_ref idref="fl-f0"/>
      </object_component>
      <object_component id="oc-3e3">
         <name>.bss:_CIOBUF_</name>
         <uninitialized>true</uninitialized>
         <run_address>0x2000060c</run_address>
         <size>0x120</size>
         <input_file_ref idref="fl-ee"/>
      </object_component>
      <object_component id="oc-3b0">
         <name>.common:__TI_tmpnams</name>
         <uninitialized>true</uninitialized>
         <run_address>0x2000072c</run_address>
         <size>0xa0</size>
      </object_component>
      <object_component id="oc-3c1">
         <name>.common:parmbuf</name>
         <uninitialized>true</uninitialized>
         <run_address>0x200007cc</run_address>
         <size>0x8</size>
      </object_component>
      <object_component id="oc-29">
         <name>.sysmem</name>
         <uninitialized>true</uninitialized>
         <run_address>0x20000000</run_address>
         <size>0x8</size>
         <input_file_ref idref="fl-f0"/>
      </object_component>
      <object_component id="oc-459">
         <name>.sysmem</name>
         <uninitialized>true</uninitialized>
         <run_address>0x20000000</run_address>
         <size>0x0</size>
      </object_component>
      <object_component id="oc-26">
         <name>.stack</name>
         <uninitialized>true</uninitialized>
         <run_address>0x2000fe00</run_address>
         <size>0x4</size>
         <input_file_ref idref="fl-c0"/>
      </object_component>
      <object_component id="oc-458">
         <name>.stack</name>
         <uninitialized>true</uninitialized>
         <run_address>0x2000fe00</run_address>
         <size>0x0</size>
      </object_component>
      <object_component id="oc-129">
         <name>.debug_info</name>
         <load_address>0x0</load_address>
         <run_address>0x0</run_address>
         <size>0x580</size>
         <input_file_ref idref="fl-1"/>
      </object_component>
      <object_component id="oc-da">
         <name>.debug_info</name>
         <load_address>0x580</load_address>
         <run_address>0x580</run_address>
         <size>0x224</size>
         <input_file_ref idref="fl-1"/>
      </object_component>
      <object_component id="oc-98">
         <name>.debug_info</name>
         <load_address>0x7a4</load_address>
         <run_address>0x7a4</run_address>
         <size>0xf3</size>
         <input_file_ref idref="fl-1"/>
      </object_component>
      <object_component id="oc-16d">
         <name>.debug_info</name>
         <load_address>0x897</load_address>
         <run_address>0x897</run_address>
         <size>0x37e2</size>
         <input_file_ref idref="fl-1"/>
      </object_component>
      <object_component id="oc-b2">
         <name>.debug_info</name>
         <load_address>0x4079</load_address>
         <run_address>0x4079</run_address>
         <size>0x26b</size>
         <input_file_ref idref="fl-1"/>
      </object_component>
      <object_component id="oc-172">
         <name>.debug_info</name>
         <load_address>0x42e4</load_address>
         <run_address>0x42e4</run_address>
         <size>0x1055</size>
         <input_file_ref idref="fl-1"/>
      </object_component>
      <object_component id="oc-32">
         <name>.debug_info</name>
         <load_address>0x5339</load_address>
         <run_address>0x5339</run_address>
         <size>0x84</size>
         <input_file_ref idref="fl-1"/>
      </object_component>
      <object_component id="oc-124">
         <name>.debug_info</name>
         <load_address>0x53bd</load_address>
         <run_address>0x53bd</run_address>
         <size>0x297</size>
         <input_file_ref idref="fl-1"/>
      </object_component>
      <object_component id="oc-11f">
         <name>.debug_info</name>
         <load_address>0x5654</load_address>
         <run_address>0x5654</run_address>
         <size>0xbb</size>
         <input_file_ref idref="fl-1"/>
      </object_component>
      <object_component id="oc-145">
         <name>.debug_info</name>
         <load_address>0x570f</load_address>
         <run_address>0x570f</run_address>
         <size>0x2c</size>
         <input_file_ref idref="fl-1"/>
      </object_component>
      <object_component id="oc-6f">
         <name>.debug_info</name>
         <load_address>0x573b</load_address>
         <run_address>0x573b</run_address>
         <size>0x2c1</size>
         <input_file_ref idref="fl-2"/>
      </object_component>
      <object_component id="oc-24">
         <name>.debug_info</name>
         <load_address>0x59fc</load_address>
         <run_address>0x59fc</run_address>
         <size>0xed</size>
         <input_file_ref idref="fl-2"/>
      </object_component>
      <object_component id="oc-68">
         <name>.debug_info</name>
         <load_address>0x5ae9</load_address>
         <run_address>0x5ae9</run_address>
         <size>0x1b4</size>
         <input_file_ref idref="fl-2"/>
      </object_component>
      <object_component id="oc-11c">
         <name>.debug_info</name>
         <load_address>0x5c9d</load_address>
         <run_address>0x5c9d</run_address>
         <size>0xe6</size>
         <input_file_ref idref="fl-3"/>
      </object_component>
      <object_component id="oc-aa">
         <name>.debug_info</name>
         <load_address>0x5d83</load_address>
         <run_address>0x5d83</run_address>
         <size>0x258</size>
         <input_file_ref idref="fl-3"/>
      </object_component>
      <object_component id="oc-8a">
         <name>.debug_info</name>
         <load_address>0x5fdb</load_address>
         <run_address>0x5fdb</run_address>
         <size>0x313</size>
         <input_file_ref idref="fl-bd"/>
      </object_component>
      <object_component id="oc-44">
         <name>.debug_info</name>
         <load_address>0x62ee</load_address>
         <run_address>0x62ee</run_address>
         <size>0x1b4</size>
         <input_file_ref idref="fl-bd"/>
      </object_component>
      <object_component id="oc-85">
         <name>.debug_info</name>
         <load_address>0x64a2</load_address>
         <run_address>0x64a2</run_address>
         <size>0x46</size>
         <input_file_ref idref="fl-bd"/>
      </object_component>
      <object_component id="oc-ca">
         <name>.debug_info</name>
         <load_address>0x64e8</load_address>
         <run_address>0x64e8</run_address>
         <size>0x2c</size>
         <input_file_ref idref="fl-bd"/>
      </object_component>
      <object_component id="oc-42">
         <name>.debug_info</name>
         <load_address>0x6514</load_address>
         <run_address>0x6514</run_address>
         <size>0x29d</size>
         <input_file_ref idref="fl-be"/>
      </object_component>
      <object_component id="oc-1b">
         <name>.debug_info</name>
         <load_address>0x67b1</load_address>
         <run_address>0x67b1</run_address>
         <size>0x1df</size>
         <input_file_ref idref="fl-be"/>
      </object_component>
      <object_component id="oc-3d">
         <name>.debug_info</name>
         <load_address>0x6990</load_address>
         <run_address>0x6990</run_address>
         <size>0x46</size>
         <input_file_ref idref="fl-be"/>
      </object_component>
      <object_component id="oc-7d">
         <name>.debug_info</name>
         <load_address>0x69d6</load_address>
         <run_address>0x69d6</run_address>
         <size>0x2c</size>
         <input_file_ref idref="fl-be"/>
      </object_component>
      <object_component id="oc-7b">
         <name>.debug_info</name>
         <load_address>0x6a02</load_address>
         <run_address>0x6a02</run_address>
         <size>0x293</size>
         <input_file_ref idref="fl-bf"/>
      </object_component>
      <object_component id="oc-15">
         <name>.debug_info</name>
         <load_address>0x6c95</load_address>
         <run_address>0x6c95</run_address>
         <size>0x245</size>
         <input_file_ref idref="fl-bf"/>
      </object_component>
      <object_component id="oc-2d">
         <name>.debug_info</name>
         <load_address>0x6eda</load_address>
         <run_address>0x6eda</run_address>
         <size>0x60</size>
         <input_file_ref idref="fl-bf"/>
      </object_component>
      <object_component id="oc-c3">
         <name>.debug_info</name>
         <load_address>0x6f3a</load_address>
         <run_address>0x6f3a</run_address>
         <size>0x46</size>
         <input_file_ref idref="fl-bf"/>
      </object_component>
      <object_component id="oc-76">
         <name>.debug_info</name>
         <load_address>0x6f80</load_address>
         <run_address>0x6f80</run_address>
         <size>0x39</size>
         <input_file_ref idref="fl-bf"/>
      </object_component>
      <object_component id="oc-27">
         <name>.debug_info</name>
         <load_address>0x6fb9</load_address>
         <run_address>0x6fb9</run_address>
         <size>0x100</size>
         <input_file_ref idref="fl-c0"/>
      </object_component>
      <object_component id="oc-56">
         <name>.debug_info</name>
         <load_address>0x70b9</load_address>
         <run_address>0x70b9</run_address>
         <size>0x1a4</size>
         <input_file_ref idref="fl-c0"/>
      </object_component>
      <object_component id="oc-151">
         <name>.debug_info</name>
         <load_address>0x725d</load_address>
         <run_address>0x725d</run_address>
         <size>0x3a2</size>
         <input_file_ref idref="fl-c1"/>
      </object_component>
      <object_component id="oc-14e">
         <name>.debug_info</name>
         <load_address>0x75ff</load_address>
         <run_address>0x75ff</run_address>
         <size>0x185</size>
         <input_file_ref idref="fl-c1"/>
      </object_component>
      <object_component id="oc-de">
         <name>.debug_info</name>
         <load_address>0x7784</load_address>
         <run_address>0x7784</run_address>
         <size>0x117</size>
         <input_file_ref idref="fl-c1"/>
      </object_component>
      <object_component id="oc-e4">
         <name>.debug_info</name>
         <load_address>0x789b</load_address>
         <run_address>0x789b</run_address>
         <size>0x179</size>
         <input_file_ref idref="fl-c1"/>
      </object_component>
      <object_component id="oc-1cc">
         <name>.debug_info</name>
         <load_address>0x7a14</load_address>
         <run_address>0x7a14</run_address>
         <size>0x2be</size>
         <input_file_ref idref="fl-c2"/>
      </object_component>
      <object_component id="oc-132">
         <name>.debug_info</name>
         <load_address>0x7cd2</load_address>
         <run_address>0x7cd2</run_address>
         <size>0x113</size>
         <input_file_ref idref="fl-c2"/>
      </object_component>
      <object_component id="oc-1c5">
         <name>.debug_info</name>
         <load_address>0x7de5</load_address>
         <run_address>0x7de5</run_address>
         <size>0x123</size>
         <input_file_ref idref="fl-c2"/>
      </object_component>
      <object_component id="oc-144">
         <name>.debug_info</name>
         <load_address>0x7f08</load_address>
         <run_address>0x7f08</run_address>
         <size>0x3da</size>
         <input_file_ref idref="fl-c4"/>
      </object_component>
      <object_component id="oc-13e">
         <name>.debug_info</name>
         <load_address>0x82e2</load_address>
         <run_address>0x82e2</run_address>
         <size>0x14c</size>
         <input_file_ref idref="fl-c4"/>
      </object_component>
      <object_component id="oc-138">
         <name>.debug_info</name>
         <load_address>0x842e</load_address>
         <run_address>0x842e</run_address>
         <size>0x15b</size>
         <input_file_ref idref="fl-c4"/>
      </object_component>
      <object_component id="oc-d4">
         <name>.debug_info</name>
         <load_address>0x8589</load_address>
         <run_address>0x8589</run_address>
         <size>0x1a1</size>
         <input_file_ref idref="fl-c4"/>
      </object_component>
      <object_component id="oc-1e2">
         <name>.debug_info</name>
         <load_address>0x872a</load_address>
         <run_address>0x872a</run_address>
         <size>0xb2</size>
         <input_file_ref idref="fl-c4"/>
      </object_component>
      <object_component id="oc-8c">
         <name>.debug_info</name>
         <load_address>0x87dc</load_address>
         <run_address>0x87dc</run_address>
         <size>0x13f</size>
         <input_file_ref idref="fl-c5"/>
      </object_component>
      <object_component id="oc-38">
         <name>.debug_info</name>
         <load_address>0x891b</load_address>
         <run_address>0x891b</run_address>
         <size>0x111</size>
         <input_file_ref idref="fl-c6"/>
      </object_component>
      <object_component id="oc-154">
         <name>.debug_info</name>
         <load_address>0x8a2c</load_address>
         <run_address>0x8a2c</run_address>
         <size>0x547</size>
         <input_file_ref idref="fl-c7"/>
      </object_component>
      <object_component id="oc-ea">
         <name>.debug_info</name>
         <load_address>0x8f73</load_address>
         <run_address>0x8f73</run_address>
         <size>0x19b</size>
         <input_file_ref idref="fl-c7"/>
      </object_component>
      <object_component id="oc-1ed">
         <name>.debug_info</name>
         <load_address>0x910e</load_address>
         <run_address>0x910e</run_address>
         <size>0x39</size>
         <input_file_ref idref="fl-c7"/>
      </object_component>
      <object_component id="oc-29e">
         <name>.debug_info</name>
         <load_address>0x9147</load_address>
         <run_address>0x9147</run_address>
         <size>0x39</size>
         <input_file_ref idref="fl-c7"/>
      </object_component>
      <object_component id="oc-1f2">
         <name>.debug_info</name>
         <load_address>0x9180</load_address>
         <run_address>0x9180</run_address>
         <size>0x39</size>
         <input_file_ref idref="fl-c7"/>
      </object_component>
      <object_component id="oc-1f7">
         <name>.debug_info</name>
         <load_address>0x91b9</load_address>
         <run_address>0x91b9</run_address>
         <size>0xcd</size>
         <input_file_ref idref="fl-c7"/>
      </object_component>
      <object_component id="oc-92">
         <name>.debug_info</name>
         <load_address>0x9286</load_address>
         <run_address>0x9286</run_address>
         <size>0x148</size>
         <input_file_ref idref="fl-c8"/>
      </object_component>
      <object_component id="oc-1b9">
         <name>.debug_info</name>
         <load_address>0x93ce</load_address>
         <run_address>0x93ce</run_address>
         <size>0x8a6</size>
         <input_file_ref idref="fl-ca"/>
      </object_component>
      <object_component id="oc-184">
         <name>.debug_info</name>
         <load_address>0x9c74</load_address>
         <run_address>0x9c74</run_address>
         <size>0x213</size>
         <input_file_ref idref="fl-ca"/>
      </object_component>
      <object_component id="oc-231">
         <name>.debug_info</name>
         <load_address>0x9e87</load_address>
         <run_address>0x9e87</run_address>
         <size>0x1a8</size>
         <input_file_ref idref="fl-ca"/>
      </object_component>
      <object_component id="oc-237">
         <name>.debug_info</name>
         <load_address>0xa02f</load_address>
         <run_address>0xa02f</run_address>
         <size>0x210</size>
         <input_file_ref idref="fl-ca"/>
      </object_component>
      <object_component id="oc-18f">
         <name>.debug_info</name>
         <load_address>0xa23f</load_address>
         <run_address>0xa23f</run_address>
         <size>0x3b0</size>
         <input_file_ref idref="fl-ca"/>
      </object_component>
      <object_component id="oc-23e">
         <name>.debug_info</name>
         <load_address>0xa5ef</load_address>
         <run_address>0xa5ef</run_address>
         <size>0x2fa</size>
         <input_file_ref idref="fl-ca"/>
      </object_component>
      <object_component id="oc-244">
         <name>.debug_info</name>
         <load_address>0xa8e9</load_address>
         <run_address>0xa8e9</run_address>
         <size>0x20a</size>
         <input_file_ref idref="fl-ca"/>
      </object_component>
      <object_component id="oc-195">
         <name>.debug_info</name>
         <load_address>0xaaf3</load_address>
         <run_address>0xaaf3</run_address>
         <size>0x20a</size>
         <input_file_ref idref="fl-ca"/>
      </object_component>
      <object_component id="oc-19b">
         <name>.debug_info</name>
         <load_address>0xacfd</load_address>
         <run_address>0xacfd</run_address>
         <size>0x2f9</size>
         <input_file_ref idref="fl-ca"/>
      </object_component>
      <object_component id="oc-1a1">
         <name>.debug_info</name>
         <load_address>0xaff6</load_address>
         <run_address>0xaff6</run_address>
         <size>0x4a5</size>
         <input_file_ref idref="fl-ca"/>
      </object_component>
      <object_component id="oc-12c">
         <name>.debug_info</name>
         <load_address>0xb49b</load_address>
         <run_address>0xb49b</run_address>
         <size>0x5cd</size>
         <input_file_ref idref="fl-ca"/>
      </object_component>
      <object_component id="oc-1ba">
         <name>.debug_info</name>
         <load_address>0xba68</load_address>
         <run_address>0xba68</run_address>
         <size>0x86</size>
         <input_file_ref idref="fl-ca"/>
      </object_component>
      <object_component id="oc-273">
         <name>.debug_info</name>
         <load_address>0xbaee</load_address>
         <run_address>0xbaee</run_address>
         <size>0x39</size>
         <input_file_ref idref="fl-ca"/>
      </object_component>
      <object_component id="oc-2e1">
         <name>.debug_info</name>
         <load_address>0xbb27</load_address>
         <run_address>0xbb27</run_address>
         <size>0xb6</size>
         <input_file_ref idref="fl-ca"/>
      </object_component>
      <object_component id="oc-278">
         <name>.debug_info</name>
         <load_address>0xbbdd</load_address>
         <run_address>0xbbdd</run_address>
         <size>0x46</size>
         <input_file_ref idref="fl-ca"/>
      </object_component>
      <object_component id="oc-1bf">
         <name>.debug_info</name>
         <load_address>0xbc23</load_address>
         <run_address>0xbc23</run_address>
         <size>0x46</size>
         <input_file_ref idref="fl-ca"/>
      </object_component>
      <object_component id="oc-26e">
         <name>.debug_info</name>
         <load_address>0xbc69</load_address>
         <run_address>0xbc69</run_address>
         <size>0x2c</size>
         <input_file_ref idref="fl-ca"/>
      </object_component>
      <object_component id="oc-204">
         <name>.debug_info</name>
         <load_address>0xbc95</load_address>
         <run_address>0xbc95</run_address>
         <size>0x2ae</size>
         <input_file_ref idref="fl-cb"/>
      </object_component>
      <object_component id="oc-17e">
         <name>.debug_info</name>
         <load_address>0xbf43</load_address>
         <run_address>0xbf43</run_address>
         <size>0x171</size>
         <input_file_ref idref="fl-cb"/>
      </object_component>
      <object_component id="oc-2ae">
         <name>.debug_info</name>
         <load_address>0xc0b4</load_address>
         <run_address>0xc0b4</run_address>
         <size>0xee</size>
         <input_file_ref idref="fl-cc"/>
      </object_component>
      <object_component id="oc-201">
         <name>.debug_info</name>
         <load_address>0xc1a2</load_address>
         <run_address>0xc1a2</run_address>
         <size>0xfa</size>
         <input_file_ref idref="fl-cc"/>
      </object_component>
      <object_component id="oc-1d0">
         <name>.debug_info</name>
         <load_address>0xc29c</load_address>
         <run_address>0xc29c</run_address>
         <size>0x139</size>
         <input_file_ref idref="fl-cd"/>
      </object_component>
      <object_component id="oc-135">
         <name>.debug_info</name>
         <load_address>0xc3d5</load_address>
         <run_address>0xc3d5</run_address>
         <size>0xf7</size>
         <input_file_ref idref="fl-cd"/>
      </object_component>
      <object_component id="oc-36c">
         <name>.debug_info</name>
         <load_address>0xc4cc</load_address>
         <run_address>0xc4cc</run_address>
         <size>0x184</size>
         <input_file_ref idref="fl-cd"/>
      </object_component>
      <object_component id="oc-29d">
         <name>.debug_info</name>
         <load_address>0xc650</load_address>
         <run_address>0xc650</run_address>
         <size>0x378</size>
         <input_file_ref idref="fl-ce"/>
      </object_component>
      <object_component id="oc-1da">
         <name>.debug_info</name>
         <load_address>0xc9c8</load_address>
         <run_address>0xc9c8</run_address>
         <size>0x1df</size>
         <input_file_ref idref="fl-ce"/>
      </object_component>
      <object_component id="oc-29b">
         <name>.debug_info</name>
         <load_address>0xcba7</load_address>
         <run_address>0xcba7</run_address>
         <size>0x3f1</size>
         <input_file_ref idref="fl-cf"/>
      </object_component>
      <object_component id="oc-1d3">
         <name>.debug_info</name>
         <load_address>0xcf98</load_address>
         <run_address>0xcf98</run_address>
         <size>0x2d7</size>
         <input_file_ref idref="fl-cf"/>
      </object_component>
      <object_component id="oc-2bc">
         <name>.debug_info</name>
         <load_address>0xd26f</load_address>
         <run_address>0xd26f</run_address>
         <size>0x290</size>
         <input_file_ref idref="fl-d0"/>
      </object_component>
      <object_component id="oc-221">
         <name>.debug_info</name>
         <load_address>0xd4ff</load_address>
         <run_address>0xd4ff</run_address>
         <size>0x1c2</size>
         <input_file_ref idref="fl-d0"/>
      </object_component>
      <object_component id="oc-25f">
         <name>.debug_info</name>
         <load_address>0xd6c1</load_address>
         <run_address>0xd6c1</run_address>
         <size>0x28b</size>
         <input_file_ref idref="fl-d1"/>
      </object_component>
      <object_component id="oc-1a7">
         <name>.debug_info</name>
         <load_address>0xd94c</load_address>
         <run_address>0xd94c</run_address>
         <size>0x1ab</size>
         <input_file_ref idref="fl-d1"/>
      </object_component>
      <object_component id="oc-2f5">
         <name>.debug_info</name>
         <load_address>0xdaf7</load_address>
         <run_address>0xdaf7</run_address>
         <size>0x29a</size>
         <input_file_ref idref="fl-d2"/>
      </object_component>
      <object_component id="oc-289">
         <name>.debug_info</name>
         <load_address>0xdd91</load_address>
         <run_address>0xdd91</run_address>
         <size>0x242</size>
         <input_file_ref idref="fl-d2"/>
      </object_component>
      <object_component id="oc-2d3">
         <name>.debug_info</name>
         <load_address>0xdfd3</load_address>
         <run_address>0xdfd3</run_address>
         <size>0x28f</size>
         <input_file_ref idref="fl-d3"/>
      </object_component>
      <object_component id="oc-258">
         <name>.debug_info</name>
         <load_address>0xe262</load_address>
         <run_address>0xe262</run_address>
         <size>0x247</size>
         <input_file_ref idref="fl-d3"/>
      </object_component>
      <object_component id="oc-1ff">
         <name>.debug_info</name>
         <load_address>0xe4a9</load_address>
         <run_address>0xe4a9</run_address>
         <size>0x284</size>
         <input_file_ref idref="fl-d4"/>
      </object_component>
      <object_component id="oc-178">
         <name>.debug_info</name>
         <load_address>0xe72d</load_address>
         <run_address>0xe72d</run_address>
         <size>0x22a</size>
         <input_file_ref idref="fl-d4"/>
      </object_component>
      <object_component id="oc-2fc">
         <name>.debug_info</name>
         <load_address>0xe957</load_address>
         <run_address>0xe957</run_address>
         <size>0x4c5</size>
         <input_file_ref idref="fl-d5"/>
      </object_component>
      <object_component id="oc-33a">
         <name>.debug_info</name>
         <load_address>0xee1c</load_address>
         <run_address>0xee1c</run_address>
         <size>0xf8</size>
         <input_file_ref idref="fl-d5"/>
      </object_component>
      <object_component id="oc-2f9">
         <name>.debug_info</name>
         <load_address>0xef14</load_address>
         <run_address>0xef14</run_address>
         <size>0xf8</size>
         <input_file_ref idref="fl-d5"/>
      </object_component>
      <object_component id="oc-295">
         <name>.debug_info</name>
         <load_address>0xf00c</load_address>
         <run_address>0xf00c</run_address>
         <size>0x184</size>
         <input_file_ref idref="fl-d5"/>
      </object_component>
      <object_component id="oc-340">
         <name>.debug_info</name>
         <load_address>0xf190</load_address>
         <run_address>0xf190</run_address>
         <size>0x120</size>
         <input_file_ref idref="fl-d5"/>
      </object_component>
      <object_component id="oc-345">
         <name>.debug_info</name>
         <load_address>0xf2b0</load_address>
         <run_address>0xf2b0</run_address>
         <size>0x2c</size>
         <input_file_ref idref="fl-d5"/>
      </object_component>
      <object_component id="oc-2c4">
         <name>.debug_info</name>
         <load_address>0xf2dc</load_address>
         <run_address>0xf2dc</run_address>
         <size>0x28f</size>
         <input_file_ref idref="fl-d6"/>
      </object_component>
      <object_component id="oc-24c">
         <name>.debug_info</name>
         <load_address>0xf56b</load_address>
         <run_address>0xf56b</run_address>
         <size>0x18a</size>
         <input_file_ref idref="fl-d6"/>
      </object_component>
      <object_component id="oc-308">
         <name>.debug_info</name>
         <load_address>0xf6f5</load_address>
         <run_address>0xf6f5</run_address>
         <size>0x39</size>
         <input_file_ref idref="fl-d6"/>
      </object_component>
      <object_component id="oc-2c5">
         <name>.debug_info</name>
         <load_address>0xf72e</load_address>
         <run_address>0xf72e</run_address>
         <size>0x2c</size>
         <input_file_ref idref="fl-d6"/>
      </object_component>
      <object_component id="oc-2d1">
         <name>.debug_info</name>
         <load_address>0xf75a</load_address>
         <run_address>0xf75a</run_address>
         <size>0x2f2</size>
         <input_file_ref idref="fl-d7"/>
      </object_component>
      <object_component id="oc-252">
         <name>.debug_info</name>
         <load_address>0xfa4c</load_address>
         <run_address>0xfa4c</run_address>
         <size>0x21a</size>
         <input_file_ref idref="fl-d7"/>
      </object_component>
      <object_component id="oc-2cc">
         <name>.debug_info</name>
         <load_address>0xfc66</load_address>
         <run_address>0xfc66</run_address>
         <size>0x156</size>
         <input_file_ref idref="fl-d8"/>
      </object_component>
      <object_component id="oc-266">
         <name>.debug_info</name>
         <load_address>0xfdbc</load_address>
         <run_address>0xfdbc</run_address>
         <size>0x284</size>
         <input_file_ref idref="fl-d9"/>
      </object_component>
      <object_component id="oc-1ae">
         <name>.debug_info</name>
         <load_address>0x10040</load_address>
         <run_address>0x10040</run_address>
         <size>0x14f</size>
         <input_file_ref idref="fl-d9"/>
      </object_component>
      <object_component id="oc-2d6">
         <name>.debug_info</name>
         <load_address>0x1018f</load_address>
         <run_address>0x1018f</run_address>
         <size>0x46</size>
         <input_file_ref idref="fl-d9"/>
      </object_component>
      <object_component id="oc-261">
         <name>.debug_info</name>
         <load_address>0x101d5</load_address>
         <run_address>0x101d5</run_address>
         <size>0x39</size>
         <input_file_ref idref="fl-d9"/>
      </object_component>
      <object_component id="oc-22e">
         <name>.debug_info</name>
         <load_address>0x1020e</load_address>
         <run_address>0x1020e</run_address>
         <size>0x144</size>
         <input_file_ref idref="fl-da"/>
      </object_component>
      <object_component id="oc-18a">
         <name>.debug_info</name>
         <load_address>0x10352</load_address>
         <run_address>0x10352</run_address>
         <size>0x120</size>
         <input_file_ref idref="fl-db"/>
      </object_component>
      <object_component id="oc-217">
         <name>.debug_info</name>
         <load_address>0x10472</load_address>
         <run_address>0x10472</run_address>
         <size>0x122</size>
         <input_file_ref idref="fl-db"/>
      </object_component>
      <object_component id="oc-212">
         <name>.debug_info</name>
         <load_address>0x10594</load_address>
         <run_address>0x10594</run_address>
         <size>0x132</size>
         <input_file_ref idref="fl-dc"/>
      </object_component>
      <object_component id="oc-20d">
         <name>.debug_info</name>
         <load_address>0x106c6</load_address>
         <run_address>0x106c6</run_address>
         <size>0x132</size>
         <input_file_ref idref="fl-dd"/>
      </object_component>
      <object_component id="oc-21c">
         <name>.debug_info</name>
         <load_address>0x107f8</load_address>
         <run_address>0x107f8</run_address>
         <size>0x126</size>
         <input_file_ref idref="fl-de"/>
      </object_component>
      <object_component id="oc-227">
         <name>.debug_info</name>
         <load_address>0x1091e</load_address>
         <run_address>0x1091e</run_address>
         <size>0x124</size>
         <input_file_ref idref="fl-df"/>
      </object_component>
      <object_component id="oc-206">
         <name>.debug_info</name>
         <load_address>0x10a42</load_address>
         <run_address>0x10a42</run_address>
         <size>0x12c</size>
         <input_file_ref idref="fl-e0"/>
      </object_component>
      <object_component id="oc-26b">
         <name>.debug_info</name>
         <load_address>0x10b6e</load_address>
         <run_address>0x10b6e</run_address>
         <size>0x27e</size>
         <input_file_ref idref="fl-e1"/>
      </object_component>
      <object_component id="oc-268">
         <name>.debug_info</name>
         <load_address>0x10dec</load_address>
         <run_address>0x10dec</run_address>
         <size>0x103</size>
         <input_file_ref idref="fl-e1"/>
      </object_component>
      <object_component id="oc-1b3">
         <name>.debug_info</name>
         <load_address>0x10eef</load_address>
         <run_address>0x10eef</run_address>
         <size>0x143</size>
         <input_file_ref idref="fl-e1"/>
      </object_component>
      <object_component id="oc-2f3">
         <name>.debug_info</name>
         <load_address>0x11032</load_address>
         <run_address>0x11032</run_address>
         <size>0x2f5</size>
         <input_file_ref idref="fl-e2"/>
      </object_component>
      <object_component id="oc-283">
         <name>.debug_info</name>
         <load_address>0x11327</load_address>
         <run_address>0x11327</run_address>
         <size>0x191</size>
         <input_file_ref idref="fl-e2"/>
      </object_component>
      <object_component id="oc-32e">
         <name>.debug_info</name>
         <load_address>0x114b8</load_address>
         <run_address>0x114b8</run_address>
         <size>0xbf</size>
         <input_file_ref idref="fl-e2"/>
      </object_component>
      <object_component id="oc-2f7">
         <name>.debug_info</name>
         <load_address>0x11577</load_address>
         <run_address>0x11577</run_address>
         <size>0x33c</size>
         <input_file_ref idref="fl-e3"/>
      </object_component>
      <object_component id="oc-28f">
         <name>.debug_info</name>
         <load_address>0x118b3</load_address>
         <run_address>0x118b3</run_address>
         <size>0x17f</size>
         <input_file_ref idref="fl-e3"/>
      </object_component>
      <object_component id="oc-319">
         <name>.debug_info</name>
         <load_address>0x11a32</load_address>
         <run_address>0x11a32</run_address>
         <size>0x319</size>
         <input_file_ref idref="fl-e4"/>
      </object_component>
      <object_component id="oc-2e7">
         <name>.debug_info</name>
         <load_address>0x11d4b</load_address>
         <run_address>0x11d4b</run_address>
         <size>0x1e1</size>
         <input_file_ref idref="fl-e4"/>
      </object_component>
      <object_component id="oc-34b">
         <name>.debug_info</name>
         <load_address>0x11f2c</load_address>
         <run_address>0x11f2c</run_address>
         <size>0x38c</size>
         <input_file_ref idref="fl-e5"/>
      </object_component>
      <object_component id="oc-315">
         <name>.debug_info</name>
         <load_address>0x122b8</load_address>
         <run_address>0x122b8</run_address>
         <size>0x18a</size>
         <input_file_ref idref="fl-e5"/>
      </object_component>
      <object_component id="oc-32d">
         <name>.debug_info</name>
         <load_address>0x12442</load_address>
         <run_address>0x12442</run_address>
         <size>0x369</size>
         <input_file_ref idref="fl-e6"/>
      </object_component>
      <object_component id="oc-2ed">
         <name>.debug_info</name>
         <load_address>0x127ab</load_address>
         <run_address>0x127ab</run_address>
         <size>0x200</size>
         <input_file_ref idref="fl-e6"/>
      </object_component>
      <object_component id="oc-3c6">
         <name>.debug_info</name>
         <load_address>0x129ab</load_address>
         <run_address>0x129ab</run_address>
         <size>0x368</size>
         <input_file_ref idref="fl-e7"/>
      </object_component>
      <object_component id="oc-378">
         <name>.debug_info</name>
         <load_address>0x12d13</load_address>
         <run_address>0x12d13</run_address>
         <size>0x1b1</size>
         <input_file_ref idref="fl-e7"/>
      </object_component>
      <object_component id="oc-3cc">
         <name>.debug_info</name>
         <load_address>0x12ec4</load_address>
         <run_address>0x12ec4</run_address>
         <size>0x36d</size>
         <input_file_ref idref="fl-e8"/>
      </object_component>
      <object_component id="oc-38a">
         <name>.debug_info</name>
         <load_address>0x13231</load_address>
         <run_address>0x13231</run_address>
         <size>0x205</size>
         <input_file_ref idref="fl-e8"/>
      </object_component>
      <object_component id="oc-3c2">
         <name>.debug_info</name>
         <load_address>0x13436</load_address>
         <run_address>0x13436</run_address>
         <size>0x398</size>
         <input_file_ref idref="fl-e9"/>
      </object_component>
      <object_component id="oc-373">
         <name>.debug_info</name>
         <load_address>0x137ce</load_address>
         <run_address>0x137ce</run_address>
         <size>0x201</size>
         <input_file_ref idref="fl-e9"/>
      </object_component>
      <object_component id="oc-3c8">
         <name>.debug_info</name>
         <load_address>0x139cf</load_address>
         <run_address>0x139cf</run_address>
         <size>0x36c</size>
         <input_file_ref idref="fl-ea"/>
      </object_component>
      <object_component id="oc-37f">
         <name>.debug_info</name>
         <load_address>0x13d3b</load_address>
         <run_address>0x13d3b</run_address>
         <size>0x1f0</size>
         <input_file_ref idref="fl-ea"/>
      </object_component>
      <object_component id="oc-3d6">
         <name>.debug_info</name>
         <load_address>0x13f2b</load_address>
         <run_address>0x13f2b</run_address>
         <size>0x3ca</size>
         <input_file_ref idref="fl-eb"/>
      </object_component>
      <object_component id="oc-396">
         <name>.debug_info</name>
         <load_address>0x142f5</load_address>
         <run_address>0x142f5</run_address>
         <size>0x22b</size>
         <input_file_ref idref="fl-eb"/>
      </object_component>
      <object_component id="oc-3ce">
         <name>.debug_info</name>
         <load_address>0x14520</load_address>
         <run_address>0x14520</run_address>
         <size>0x38b</size>
         <input_file_ref idref="fl-ec"/>
      </object_component>
      <object_component id="oc-390">
         <name>.debug_info</name>
         <load_address>0x148ab</load_address>
         <run_address>0x148ab</run_address>
         <size>0x1bb</size>
         <input_file_ref idref="fl-ec"/>
      </object_component>
      <object_component id="oc-3ca">
         <name>.debug_info</name>
         <load_address>0x14a66</load_address>
         <run_address>0x14a66</run_address>
         <size>0x36d</size>
         <input_file_ref idref="fl-ed"/>
      </object_component>
      <object_component id="oc-385">
         <name>.debug_info</name>
         <load_address>0x14dd3</load_address>
         <run_address>0x14dd3</run_address>
         <size>0x1f5</size>
         <input_file_ref idref="fl-ed"/>
      </object_component>
      <object_component id="oc-3e7">
         <name>.debug_info</name>
         <load_address>0x14fc8</load_address>
         <run_address>0x14fc8</run_address>
         <size>0x2b0</size>
         <input_file_ref idref="fl-ee"/>
      </object_component>
      <object_component id="oc-3e4">
         <name>.debug_info</name>
         <load_address>0x15278</load_address>
         <run_address>0x15278</run_address>
         <size>0xfd</size>
         <input_file_ref idref="fl-ee"/>
      </object_component>
      <object_component id="oc-3b6">
         <name>.debug_info</name>
         <load_address>0x15375</load_address>
         <run_address>0x15375</run_address>
         <size>0x1d4</size>
         <input_file_ref idref="fl-ee"/>
      </object_component>
      <object_component id="oc-3bc">
         <name>.debug_info</name>
         <load_address>0x15549</load_address>
         <run_address>0x15549</run_address>
         <size>0x18f</size>
         <input_file_ref idref="fl-ee"/>
      </object_component>
      <object_component id="oc-2b3">
[...]
         <name>_nop</name>
         <value>0xb43</value>
         <object_component_ref idref="oc-1c4"/>
      </symbol>
      <symbol id="sm-18a">
         <name>_lock</name>
         <value>0x200005fc</value>
         <object_component_ref idref="oc-131"/>
      </symbol>
      <symbol id="sm-18b">
         <name>_unlock</name>
         <value>0x20000600</value>
         <object_component_ref idref="oc-131"/>
      </symbol>
      <symbol id="sm-1b8">
         <name>printf</name>
         <value>0x2471</value>
         <object_component_ref idref="oc-d3"/>
      </symbol>
      <symbol id="sm-1c7">
         <name>__aeabi_memset</name>
         <value>0x2163</value>
         <object_component_ref idref="oc-8b"/>
      </symbol>
      <symbol id="sm-1c8">
         <name>memset</name>
         <value>0x2169</value>
         <object_component_ref idref="oc-8b"/>
      </symbol>
      <symbol id="sm-1c9">
         <name>__aeabi_memset8</name>
         <value>0x2163</value>
         <object_component_ref idref="oc-8b"/>
      </symbol>
      <symbol id="sm-1ca">
         <name>__aeabi_memset4</name>
         <value>0x2163</value>
         <object_component_ref idref="oc-8b"/>
      </symbol>
      <symbol id="sm-1cb">
         <name>__aeabi_memclr8</name>
         <value>0x2161</value>
         <object_component_ref idref="oc-8b"/>
      </symbol>
      <symbol id="sm-1cc">
         <name>__aeabi_memclr4</name>
         <value>0x2161</value>
         <object_component_ref idref="oc-8b"/>
      </symbol>
      <symbol id="sm-1cd">
         <name>__aeabi_memclr</name>
         <value>0x2161</value>
         <object_component_ref idref="oc-8b"/>
      </symbol>
      <symbol id="sm-1e8">
         <name>memcpy</name>
         <value>0x1e97</value>
         <object_component_ref idref="oc-37"/>
      </symbol>
      <symbol id="sm-1e9">
         <name>__aeabi_memcpy</name>
         <value>0x1e97</value>
         <object_component_ref idref="oc-37"/>
      </symbol>
      <symbol id="sm-1ea">
         <name>__aeabi_memcpy8</name>
         <value>0x1e97</value>
         <object_component_ref idref="oc-37"/>
      </symbol>
      <symbol id="sm-1eb">
         <name>__aeabi_memcpy4</name>
         <value>0x1e97</value>
         <object_component_ref idref="oc-37"/>
      </symbol>
      <symbol id="sm-213">
         <name>__TI_auto_init_nobinit_nopinit</name>
         <value>0x2a1d</value>
         <object_component_ref idref="oc-e9"/>
      </symbol>
      <symbol id="sm-21d">
         <name>_system_pre_init</name>
         <value>0x2e65</value>
         <object_component_ref idref="oc-91"/>
      </symbol>
      <symbol id="sm-388">
         <name>__TI_printfi</name>
         <value>0xe5</value>
         <object_component_ref idref="oc-12b"/>
      </symbol>
      <symbol id="sm-39e">
         <name>atoi</name>
         <value>0x28b9</value>
         <object_component_ref idref="oc-17d"/>
      </symbol>
      <symbol id="sm-3a9">
         <name>_ctypes_</name>
         <value>0x2e6c</value>
         <object_component_ref idref="oc-200"/>
      </symbol>
      <symbol id="sm-3be">
         <name>__TI_tmpnams</name>
         <value>0x2000072c</value>
      </symbol>
      <symbol id="sm-3bf">
         <name>__aeabi_stdout</name>
         <value>0x200005dc</value>
         <object_component_ref idref="oc-36b"/>
      </symbol>
      <symbol id="sm-3c0">
         <name>__aeabi_stderr</name>
         <value>0x200005e0</value>
         <object_component_ref idref="oc-36b"/>
      </symbol>
      <symbol id="sm-3c1">
         <name>__aeabi_stdin</name>
         <value>0x200005d8</value>
         <object_component_ref idref="oc-36b"/>
      </symbol>
      <symbol id="sm-3c2">
         <name>_ftable</name>
         <value>0x20000400</value>
         <object_component_ref idref="oc-134"/>
      </symbol>
      <symbol id="sm-3c3">
         <name>__TI_ft_end</name>
         <value>0x200005d4</value>
         <object_component_ref idref="oc-36b"/>
      </symbol>
      <symbol id="sm-3d8">
         <name>putc</name>
         <value>0x1fc9</value>
         <object_component_ref idref="oc-1d9"/>
      </symbol>
      <symbol id="sm-3d9">
         <name>fputc</name>
         <value>0x1fc9</value>
         <object_component_ref idref="oc-1d9"/>
      </symbol>
      <symbol id="sm-3f7">
         <name>fputs</name>
         <value>0x1805</value>
         <object_component_ref idref="oc-1d2"/>
      </symbol>
      <symbol id="sm-406">
         <name>ltoa</name>
         <value>0x27c7</value>
         <object_component_ref idref="oc-220"/>
      </symbol>
      <symbol id="sm-416">
         <name>memccpy</name>
         <value>0x2d8d</value>
         <object_component_ref idref="oc-1a6"/>
      </symbol>
      <symbol id="sm-426">
         <name>memchr</name>
         <value>0x2d6d</value>
         <object_component_ref idref="oc-288"/>
      </symbol>
      <symbol id="sm-436">
         <name>strchr</name>
         <value>0x2dc1</value>
         <object_component_ref idref="oc-257"/>
      </symbol>
      <symbol id="sm-444">
         <name>strlen</name>
         <value>0x2dff</value>
         <object_component_ref idref="oc-177"/>
      </symbol>
      <symbol id="sm-46a">
         <name>_stream</name>
         <value>0x20000568</value>
         <object_component_ref idref="oc-2f8"/>
      </symbol>
      <symbol id="sm-46b">
         <name>_device</name>
         <value>0x200004f0</value>
         <object_component_ref idref="oc-339"/>
      </symbol>
      <symbol id="sm-46c">
         <name>write</name>
         <value>0x2d45</value>
         <object_component_ref idref="oc-294"/>
      </symbol>
      <symbol id="sm-48c">
         <name>frexpl</name>
         <value>0x24d9</value>
         <object_component_ref idref="oc-24b"/>
      </symbol>
      <symbol id="sm-48d">
         <name>frexp</name>
         <value>0x24d9</value>
         <object_component_ref idref="oc-24b"/>
      </symbol>
      <symbol id="sm-4aa">
         <name>scalbn</name>
         <value>0x1919</value>
         <object_component_ref idref="oc-251"/>
      </symbol>
      <symbol id="sm-4ab">
         <name>scalbnl</name>
         <value>0x1919</value>
         <object_component_ref idref="oc-251"/>
      </symbol>
      <symbol id="sm-4ac">
         <name>ldexpl</name>
         <value>0x1919</value>
         <object_component_ref idref="oc-251"/>
      </symbol>
      <symbol id="sm-4ad">
         <name>ldexp</name>
         <value>0x1919</value>
         <object_component_ref idref="oc-251"/>
      </symbol>
      <symbol id="sm-4b7">
         <name>copysign</name>
         <value>0x2dd7</value>
         <object_component_ref idref="oc-2ca"/>
      </symbol>
      <symbol id="sm-4b8">
         <name>copysignl</name>
         <value>0x2dd7</value>
         <object_component_ref idref="oc-2ca"/>
      </symbol>
      <symbol id="sm-4d1">
         <name>wcslen</name>
         <value>0x2e25</value>
         <object_component_ref idref="oc-1ac"/>
      </symbol>
      <symbol id="sm-4e8">
         <name>__aeabi_dsub</name>
         <value>0x12b9</value>
         <object_component_ref idref="oc-22b"/>
      </symbol>
      <symbol id="sm-4e9">
         <name>__aeabi_dadd</name>
         <value>0x12c3</value>
         <object_component_ref idref="oc-22b"/>
      </symbol>
      <symbol id="sm-50b">
         <name>__aeabi_cdcmpeq</name>
         <value>0x2055</value>
         <object_component_ref idref="oc-189"/>
      </symbol>
      <symbol id="sm-50c">
         <name>__aeabi_cdcmple</name>
         <value>0x2055</value>
         <object_component_ref idref="oc-189"/>
      </symbol>
      <symbol id="sm-50d">
         <name>__aeabi_cdrcmple</name>
         <value>0x20db</value>
         <object_component_ref idref="oc-216"/>
      </symbol>
      <symbol id="sm-521">
         <name>__aeabi_ddiv</name>
         <value>0x15ad</value>
         <object_component_ref idref="oc-211"/>
      </symbol>
      <symbol id="sm-52c">
         <name>__aeabi_dmul</name>
         <value>0x1b35</value>
         <object_component_ref idref="oc-20c"/>
      </symbol>
      <symbol id="sm-536">
         <name>__aeabi_d2iz</name>
         <value>0x294d</value>
         <object_component_ref idref="oc-21b"/>
      </symbol>
      <symbol id="sm-540">
         <name>__aeabi_i2d</name>
         <value>0x2c99</value>
         <object_component_ref idref="oc-226"/>
      </symbol>
      <symbol id="sm-54d">
         <name>__aeabi_uldivmod</name>
         <value>0x1f33</value>
         <object_component_ref idref="oc-205"/>
      </symbol>
      <symbol id="sm-563">
         <name>__aeabi_errno_addr</name>
         <value>0x2e55</value>
         <object_component_ref idref="oc-1b2"/>
      </symbol>
      <symbol id="sm-564">
         <name>errno</name>
         <value>0x20000604</value>
         <object_component_ref idref="oc-267"/>
      </symbol>
      <symbol id="sm-57c">
         <name>__TI_wrt_ok</name>
         <value>0x25a1</value>
         <object_component_ref idref="oc-282"/>
      </symbol>
      <symbol id="sm-58c">
         <name>__TI_doflush</name>
         <value>0x286d</value>
         <object_component_ref idref="oc-28e"/>
      </symbol>
      <symbol id="sm-59e">
         <name>fseek</name>
         <value>0x253d</value>
         <object_component_ref idref="oc-2e6"/>
      </symbol>
      <symbol id="sm-5ae">
         <name>lseek</name>
         <value>0x2cf5</value>
         <object_component_ref idref="oc-312"/>
      </symbol>
      <symbol id="sm-5ca">
         <name>setvbuf</name>
         <value>0x1c31</value>
         <object_component_ref idref="oc-2ec"/>
      </symbol>
      <symbol id="sm-5db">
         <name>HOSTclose</name>
         <value>0x2995</value>
         <object_component_ref idref="oc-377"/>
      </symbol>
      <symbol id="sm-5ec">
         <name>HOSTlseek</name>
         <value>0x2339</value>
         <object_component_ref idref="oc-389"/>
      </symbol>
      <symbol id="sm-5fe">
         <name>parmbuf</name>
         <value>0x200007cc</value>
      </symbol>
      <symbol id="sm-5ff">
         <name>HOSTopen</name>
         <value>0x2605</value>
         <object_component_ref idref="oc-371"/>
      </symbol>
      <symbol id="sm-610">
         <name>HOSTread</name>
         <value>0x26c1</value>
         <object_component_ref idref="oc-37d"/>
      </symbol>
      <symbol id="sm-621">
         <name>HOSTrename</name>
         <value>0x23a1</value>
         <object_component_ref idref="oc-395"/>
      </symbol>
      <symbol id="sm-632">
         <name>HOSTunlink</name>
         <value>0x29d9</value>
         <object_component_ref idref="oc-38f"/>
      </symbol>
      <symbol id="sm-643">
         <name>HOSTwrite</name>
         <value>0x2719</value>
         <object_component_ref idref="oc-383"/>
      </symbol>
      <symbol id="sm-667">
         <name>__TI_readmsg</name>
         <value>0x2c35</value>
         <object_component_ref idref="oc-3bb"/>
      </symbol>
      <symbol id="sm-668">
         <name>C$$IO$$</name>
         <value>0x2b4f</value>
         <object_component_ref idref="oc-3b5"/>
      </symbol>
      <symbol id="sm-669">
         <name>__CIOBUF_</name>
         <value>0x2000060c</value>
         <object_component_ref idref="oc-3e3"/>
      </symbol>
      <symbol id="sm-66a">
         <name>__TI_writemsg</name>
         <value>0x2b21</value>
         <object_component_ref idref="oc-3b5"/>
      </symbol>
      <symbol id="sm-674">
         <name>__aeabi_idiv0</name>
         <value>0x146f</value>
         <object_component_ref idref="oc-2b1"/>
      </symbol>
      <symbol id="sm-675">
         <name>__aeabi_ldiv0</name>
         <value>0x146f</value>
         <object_component_ref idref="oc-2b1"/>
      </symbol>
      <symbol id="sm-6f0">
         <name>_sys_memory</name>
         <value>0x20000000</value>
         <object_component_ref idref="oc-29"/>
      </symbol>
      <symbol id="sm-6f1">
         <name>free</name>
         <value>0x1d0d</value>
         <object_component_ref idref="oc-31a"/>
      </symbol>
      <symbol id="sm-6f2">
         <name>malloc</name>
         <value>0x21dd</value>
         <object_component_ref idref="oc-320"/>
      </symbol>
      <symbol id="sm-6f3">
         <name>minit</name>
         <value>0x2b91</value>
         <object_component_ref idref="oc-34e"/>
      </symbol>
      <symbol id="sm-703">
         <name>__TI_cleanup</name>
         <value>0x2c01</value>
         <object_component_ref idref="oc-326"/>
      </symbol>
      <symbol id="sm-712">
         <name>strcpy</name>
         <value>0x2deb</value>
         <object_component_ref idref="oc-3cf"/>
      </symbol>
      <symbol id="sm-727">
         <name>__TI_closefile</name>
         <value>0x2255</value>
         <object_component_ref idref="oc-365"/>
      </symbol>
      <symbol id="sm-74a">
         <name>finddevice</name>
         <value>0x2c69</value>
         <object_component_ref idref="oc-401"/>
      </symbol>
      <symbol id="sm-74b">
         <name>getdevice</name>
         <value>0x2a61</value>
         <object_component_ref idref="oc-3d9"/>
      </symbol>
      <symbol id="sm-75b">
         <name>strcmp</name>
         <value>0x2da9</value>
         <object_component_ref idref="oc-418"/>
      </symbol>
      <symbol id="sm-76b">
         <name>strncpy</name>
         <value>0x2bc9</value>
         <object_component_ref idref="oc-3fb"/>
      </symbol>
      <symbol id="sm-77b">
         <name>unlink</name>
         <value>0x2cc9</value>
         <object_component_ref idref="oc-3aa"/>
      </symbol>
      <symbol id="sm-78f">
         <name>close</name>
         <value>0x2665</value>
         <object_component_ref idref="oc-3a4"/>
      </symbol>
      <symbol id="sm-790">
         <name>__TI_static_base__</name>
         <value>0x0</value>
      </symbol>
      <symbol id="sm-793">
         <name>__mpu_init</name>
         <value>0x0</value>
      </symbol>
      <symbol id="sm-794">
         <name>_system_post_cinit</name>
         <value>0x0</value>
      </symbol>
      <symbol id="sm-795">
         <name>NMI_Handler</name>
         <value>0x2e51</value>
      </symbol>
      <symbol id="sm-796">
         <name>HardFault_Handler</name>
         <value>0x2e51</value>
      </symbol>
      <symbol id="sm-797">
         <name>MemManage_Handler</name>
         <value>0x2e51</value>
      </symbol>
      <symbol id="sm-798">
         <name>BusFault_Handler</name>
         <value>0x2e51</value>
      </symbol>
      <symbol id="sm-799">
         <name>UsageFault_Handler</name>
         <value>0x2e51</value>
      </symbol>
      <symbol id="sm-79a">
         <name>SVC_Handler</name>
         <value>0x2e51</value>
      </symbol>
      <symbol id="sm-79b">
         <name>DebugMon_Handler</name>
         <value>0x2e51</value>
      </symbol>
      <symbol id="sm-79c">
         <name>PendSV_Handler</name>
         <value>0x2e51</value>
      </symbol>
      <symbol id="sm-79d">
         <name>SysTick_Handler</name>
         <value>0x2e51</value>
      </symbol>
      <symbol id="sm-79e">
         <name>PSS_IRQHandler</name>
         <value>0x2e51</value>
      </symbol>
      <symbol id="sm-79f">
         <name>CS_IRQHandler</name>
         <value>0x2e51</value>
      </symbol>
      <symbol id="sm-7a0">
         <name>PCM_IRQHandler</name>
         <value>0x2e51</value>
      </symbol>
      <symbol id="sm-7a1">
         <name>WDT_A_IRQHandler</name>
         <value>0x2e51</value>
      </symbol>
      <symbol id="sm-7a2">
         <name>FPU_IRQHandler</name>
         <value>0x2e51</value>
      </symbol>
      <symbol id="sm-7a3">
         <name>FLCTL_IRQHandler</name>
         <value>0x2e51</value>
      </symbol>
      <symbol id="sm-7a4">
         <name>COMP_E0_IRQHandler</name>
         <value>0x2e51</value>
      </symbol>
      <symbol id="sm-7a5">
         <name>COMP_E1_IRQHandler</name>
         <value>0x2e51</value>
      </symbol>
      <symbol id="sm-7a6">
         <name>TA0_0_IRQHandler</name>
         <value>0x2e51</value>
      </symbol>
      <symbol id="sm-7a7">
         <name>TA0_N_IRQHandler</name>
         <value>0x2e51</value>
      </symbol>
      <symbol id="sm-7a8">
         <name>TA1_0_IRQHandler</name>
         <value>0x2e51</value>
      </symbol>
      <symbol id="sm-7a9">
         <name>TA1_N_IRQHandler</name>
         <value>0x2e51</value>
      </symbol>
      <symbol id="sm-7aa">
         <name>TA2_0_IRQHandler</name>
         <value>0x2e51</value>
      </symbol>
      <symbol id="sm-7ab">
         <name>TA2_N_IRQHandler</name>
         <value>0x2e51</value>
      </symbol>
      <symbol id="sm-7ac">
         <name>TA3_0_IRQHandler</name>
         <value>0x2e51</value>
      </symbol>
      <symbol id="sm-7ad">
         <name>TA3_N_IRQHandler</name>
         <value>0x2e51</value>
      </symbol>
      <symbol id="sm-7ae">
         <name>EUSCIA0_IRQHandler</name>
         <value>0x2e51</value>
      </symbol>
      <symbol id="sm-7af">
         <name>EUSCIA1_IRQHandler</name>
         <value>0x2e51</value>
      </symbol>
      <symbol id="sm-7b0">
         <name>EUSCIA2_IRQHandler</name>
         <value>0x2e51</value>
      </symbol>
      <symbol id="sm-7b1">
         <name>EUSCIA3_IRQHandler</name>
         <value>0x2e51</value>
      </symbol>
      <symbol id="sm-7b2">
         <name>EUSCIB0_IRQHandler</name>
         <value>0x2e51</value>
      </symbol>
      <symbol id="sm-7b3">
         <name>EUSCIB1_IRQHandler</name>
         <value>0x2e51</value>
      </symbol>
      <symbol id="sm-7b4">
         <name>EUSCIB2_IRQHandler</name>
         <value>0x2e51</value>
      </symbol>
      <symbol id="sm-7b5">
         <name>EUSCIB3_IRQHandler</name>
         <value>0x2e51</value>
      </symbol>
      <symbol id="sm-7b6">
         <name>ADC14_IRQHandler</name>
         <value>0x2e51</value>
      </symbol>
      <symbol id="sm-7b7">
         <name>T32_INT1_IRQHandler</name>
         <value>0x2e51</value>
      </symbol>
      <symbol id="sm-7b8">
         <name>T32_INT2_IRQHandler</name>
         <value>0x2e51</value>
      </symbol>
      <symbol id="sm-7b9">
         <name>T32_INTC_IRQHandler</name>
         <value>0x2e51</value>
      </symbol>
      <symbol id="sm-7ba">
         <name>AES256_IRQHandler</name>
         <value>0x2e51</value>
      </symbol>
      <symbol id="sm-7bb">
         <name>RTC_C_IRQHandler</name>
         <value>0x2e51</value>
      </symbol>
      <symbol id="sm-7bc">
         <name>DMA_ERR_IRQHandler</name>
         <value>0x2e51</value>
      </symbol>
      <symbol id="sm-7bd">
         <name>DMA_INT3_IRQHandler</name>
         <value>0x2e51</value>
      </symbol>
      <symbol id="sm-7be">
         <name>DMA_INT2_IRQHandler</name>
         <value>0x2e51</value>
      </symbol>
      <symbol id="sm-7bf">
         <name>DMA_INT1_IRQHandler</name>
         <value>0x2e51</value>
      </symbol>
      <symbol id="sm-7c0">
         <name>DMA_INT0_IRQHandler</name>
         <value>0x2e51</value>
      </symbol>
      <symbol id="sm-7c1">
         <name>PORT1_IRQHandler</name>
         <value>0x2e51</value>
      </symbol>
      <symbol id="sm-7c2">
         <name>PORT2_IRQHandler</name>
         <value>0x2e51</value>
      </symbol>
      <symbol id="sm-7c3">
         <name>PORT3_IRQHandler</name>
         <value>0x2e51</value>
      </symbol>
      <symbol id="sm-7c4">
         <name>PORT4_IRQHandler</name>
         <value>0x2e51</value>
      </symbol>
      <symbol id="sm-7c5">
         <name>PORT5_IRQHandler</name>
         <value>0x2e51</value>
      </symbol>
      <symbol id="sm-7c6">
         <name>PORT6_IRQHandler</name>
         <value>0x2e51</value>
      </symbol>
      <symbol id="sm-7c7">
         <name>remove</name>
         <value>0x2cc9</value>
      </symbol>
   </symbol_table>
   <title>Link successful</title>
</link_info>
