******************************************************************************
                  TI ARM Linker Unix v18.1.2                   
******************************************************************************
>> Linked Wed Dec  5 11:03:41 2018

OUTPUT FILE NAME:   <line follower.out>
ENTRY POINT SYMBOL: "_c_int00_noargs"  address: 00000d35


MEMORY CONFIGURATION

         name            origin    length      used     unused   attr    fill
----------------------  --------  ---------  --------  --------  ----  --------
  MAIN                  00000000   00040000  00000dea  0003f216  R  X
  INFO                  00200000   00004000  00000000  00004000  R  X
  SRAM_CODE             01000000   00010000  00000254  0000fdac  RW X
  SRAM_DATA             20000000   00010000  00000254  0000fdac  RW  


SEGMENT ALLOCATION MAP

run origin  load origin   length   init length attrs members
----------  ----------- ---------- ----------- ----- -------
00000000    00000000    00000df0   00000df0    r-x
  00000000    00000000    000000e4   000000e4    r-- .intvecs
  000000e4    000000e4    00000cbe   00000cbe    r-x .text
  00000da8    00000da8    00000048   00000048    r-- .cinit
20000000    20000000    00000054   00000000    rw-
  20000000    20000000    00000048   00000000    rw- .data
  20000048    20000048    0000000c   00000000    rw- .bss
2000fe00    2000fe00    00000200   00000000    rw-
  2000fe00    2000fe00    00000200   00000000    rw- .stack


SECTION ALLOCATION MAP

 output                                  attributes/
section   page    origin      length       input sections
--------  ----  ----------  ----------   ----------------
.intvecs   0    00000000    000000e4     
                  00000000    000000e4     startup_msp432p401r_ccs.obj (.intvecs:retain)

.text      0    000000e4    00000cbe     
                  000000e4    000007d4     main.obj (.text)
                  000008b8    00000334     system_msp432p401r.obj (.text)
                  00000bec    0000009c     rtsv7M4_T_le_v4SPD16_eabi.lib : memcpy_t2.asm.obj (.text)
                  00000c88    00000068                                   : copy_decompress_lzss.c.obj (.text:decompress:lzss:__TI_decompress_lzss)
                  00000cf0    00000044                                   : autoinit.c.obj (.text:__TI_auto_init_nobinit_nopinit:__TI_auto_init_nobinit_nopinit)
                  00000d34    00000038                                   : boot_cortex_m.c.obj (.text:_c_int00_noargs:_c_int00_noargs)
                  00000d6c    00000012                                   : copy_zero_init.c.obj (.text:decompress:ZI:__TI_zero_init_nomemset:__TI_zero_init_nomemset)
                  00000d7e    0000000e                                   : copy_decompress_none.c.obj (.text:decompress:none:__TI_decompress_none)
                  00000d8c    0000000e     startup_msp432p401r_ccs.obj (.text)
                  00000d9a    00000004     rtsv7M4_T_le_v4SPD16_eabi.lib : pre_init.c.obj (.text:_system_pre_init)
                  00000d9e    00000004                                   : exit.c.obj (.text:abort:abort)

.cinit     0    00000da8    00000048     
                  00000da8    0000001e     (.cinit..data.load) [load image, compression = lzss]
                  00000dc6    00000002     --HOLE-- [fill = 0]
                  00000dc8    0000000c     (__TI_handler_table)
                  00000dd4    00000004     --HOLE-- [fill = 0]
                  00000dd8    00000008     (.cinit..bss.load) [load image, compression = zero_init]
                  00000de0    00000010     (__TI_cinit_table)

.init_array 
*          0    00000000    00000000     UNINITIALIZED

.binit     0    00000000    00000000     

.data      0    20000000    00000048     UNINITIALIZED
                  20000000    00000044     main.obj (.data)
                  20000044    00000004     system_msp432p401r.obj (.data)

.bss       0    20000048    0000000c     UNINITIALIZED
                  20000048    00000004     (.common:i)
                  2000004c    00000004     (.common:lower)
                  20000050    00000004     (.common:upper)

.stack     0    2000fe00    00000200     UNINITIALIZED
                  2000fe00    00000004     rtsv7M4_T_le_v4SPD16_eabi.lib : boot_cortex_m.c.obj (.stack)
                  2000fe04    000001fc     --HOLE--

MODULE SUMMARY

       Module                        code   ro data   rw data
       ------                        ----   -------   -------
    ./
       main.obj                      2004   0         160    
       system_msp432p401r.obj        820    0         8      
       startup_msp432p401r_ccs.obj   14     228       0      
    +--+-----------------------------+------+---------+---------+
       Total:                        2838   228       168    
                                                             
    /Applications/ti/ccsv8/tools/compiler/ti-cgt-arm_18.1.2.LTS/lib/rtsv7M4_T_le_v4SPD16_eabi.lib
       memcpy_t2.asm.obj             156    0         0      
       copy_decompress_lzss.c.obj    104    0         0      
       autoinit.c.obj                68     0         0      
       boot_cortex_m.c.obj           56     0         0      
       copy_zero_init.c.obj          18     0         0      
       copy_decompress_none.c.obj    14     0         0      
       exit.c.obj                    4      0         0      
       pre_init.c.obj                4      0         0      
    +--+-----------------------------+------+---------+---------+
       Total:                        424    0         0      
                                                             
       Stack:                        0      0         1024   
       Linker Generated:             0      66        0      
    +--+-----------------------------+------+---------+---------+
       Grand Total:                  3262   294       1192   


LINKER GENERATED COPY TABLES

__TI_cinit_table @ 00000de0 records: 2, size/record: 8, table size: 16
	.data: load addr=00000da8, load size=0000001e bytes, run addr=20000000, run size=00000048 bytes, compression=lzss
	.bss: load addr=00000dd8, load size=00000008 bytes, run addr=20000048, run size=0000000c bytes, compression=zero_init


LINKER GENERATED HANDLER TABLE

__TI_handler_table @ 00000dc8 records: 3, size/record: 4, table size: 12
	index: 0, handler: __TI_decompress_lzss
	index: 1, handler: __TI_decompress_none
	index: 2, handler: __TI_zero_init


GLOBAL SYMBOLS: SORTED ALPHABETICALLY BY Name 

address   name                          
-------   ----                          
00000d99  ADC14_IRQHandler              
00000d99  AES256_IRQHandler             
00000d99  BusFault_Handler              
00000d9f  C$$EXIT                       
00000d99  COMP_E0_IRQHandler            
00000d99  COMP_E1_IRQHandler            
00000d99  CS_IRQHandler                 
00000d99  DMA_ERR_IRQHandler            
00000d99  DMA_INT0_IRQHandler           
00000d99  DMA_INT1_IRQHandler           
00000d99  DMA_INT2_IRQHandler           
00000d99  DMA_INT3_IRQHandler           
00000d99  DebugMon_Handler              
00000d99  Default_Handler               
00000d99  EUSCIA0_IRQHandler            
00000d99  EUSCIA1_IRQHandler            
00000d99  EUSCIA2_IRQHandler            
00000d99  EUSCIA3_IRQHandler            
00000d99  EUSCIB0_IRQHandler            
00000d99  EUSCIB1_IRQHandler            
00000d99  EUSCIB2_IRQHandler            
00000d99  EUSCIB3_IRQHandler            
00000d99  FLCTL_IRQHandler              
00000d99  FPU_IRQHandler                
00000d99  HardFault_Handler             
00000d99  MemManage_Handler             
00000d99  NMI_Handler                   
00000d99  PCM_IRQHandler                
00000d99  PORT1_IRQHandler              
00000d99  PORT2_IRQHandler              
00000d99  PORT3_IRQHandler              
00000d99  PORT4_IRQHandler              
00000d99  PORT5_IRQHandler              
00000d99  PORT6_IRQHandler              
00000d99  PSS_IRQHandler                
00000d99  PendSV_Handler                
00000d99  RTC_C_IRQHandler              
00000d8d  Reset_Handler                 
00000d99  SVC_Handler                   
00000d99  SysTick_Handler               
20000044  SystemCoreClock               
000008b9  SystemCoreClockUpdate         
00000b31  SystemInit                    
00000d99  T32_INT1_IRQHandler           
00000d99  T32_INT2_IRQHandler           
00000d99  T32_INTC_IRQHandler           
00000d99  TA0_0_IRQHandler              
00000d99  TA0_N_IRQHandler              
00000d99  TA1_0_IRQHandler              
00000d99  TA1_N_IRQHandler              
00000d99  TA2_0_IRQHandler              
00000d99  TA2_N_IRQHandler              
00000d99  TA3_0_IRQHandler              
00000d99  TA3_N_IRQHandler              
00000d99  UsageFault_Handler            
4000480c  WDTCTL_SYM                    
00000d99  WDT_A_IRQHandler              
20010000  __STACK_END                   
00000200  __STACK_SIZE                  
00000de0  __TI_CINIT_Base               
00000df0  __TI_CINIT_Limit              
00000dc8  __TI_Handler_Table_Base       
00000dd4  __TI_Handler_Table_Limit      
00000cf1  __TI_auto_init_nobinit_nopinit
00000c89  __TI_decompress_lzss          
00000d7f  __TI_decompress_none          
ffffffff  __TI_pprof_out_hndl           
ffffffff  __TI_prof_data_size           
ffffffff  __TI_prof_data_start          
00000000  __TI_static_base__            
00000d6d  __TI_zero_init_nomemset       
00000bed  __aeabi_memcpy                
00000bed  __aeabi_memcpy4               
00000bed  __aeabi_memcpy8               
ffffffff  __binit__                     
ffffffff  __c_args__                    
UNDEFED   __mpu_init                    
2000fe00  __stack                       
00000d35  _c_int00_noargs               
UNDEFED   _system_post_cinit            
00000d9b  _system_pre_init              
00000d9f  abort                         
ffffffff  binit                         
20000014  count                         
20000030  f1                            
20000034  f2                            
20000038  f3                            
2000003c  f4                            
20000040  flag                          
20000048  i                             
00000000  interruptVectors              
2000004c  lower                         
000000e5  main                          
00000bed  memcpy                        
20000010  period                        
2000000c  systick_calibration_reg       
20000000  systick_control_reg           
20000008  systick_current_value_reg     
20000004  systick_reload_value_reg      
2000001c  time                          
20000024  time2                         
20000028  time3                         
2000002c  time4                         
20000018  timeCount                     
20000020  timeCount2                    
20000050  upper                         


GLOBAL SYMBOLS: SORTED BY Symbol Address 

address   name                          
-------   ----                          
00000000  __TI_static_base__            
00000000  interruptVectors              
000000e5  main                          
00000200  __STACK_SIZE                  
000008b9  SystemCoreClockUpdate         
00000b31  SystemInit                    
00000bed  __aeabi_memcpy                
00000bed  __aeabi_memcpy4               
00000bed  __aeabi_memcpy8               
00000bed  memcpy                        
00000c89  __TI_decompress_lzss          
00000cf1  __TI_auto_init_nobinit_nopinit
00000d35  _c_int00_noargs               
00000d6d  __TI_zero_init_nomemset       
00000d7f  __TI_decompress_none          
00000d8d  Reset_Handler                 
00000d99  ADC14_IRQHandler              
00000d99  AES256_IRQHandler             
00000d99  BusFault_Handler              
00000d99  COMP_E0_IRQHandler            
00000d99  COMP_E1_IRQHandler            
00000d99  CS_IRQHandler                 
00000d99  DMA_ERR_IRQHandler            
00000d99  DMA_INT0_IRQHandler           
00000d99  DMA_INT1_IRQHandler           
00000d99  DMA_INT2_IRQHandler           
00000d99  DMA_INT3_IRQHandler           
00000d99  DebugMon_Handler              
00000d99  Default_Handler               
00000d99  EUSCIA0_IRQHandler            
00000d99  EUSCIA1_IRQHandler            
00000d99  EUSCIA2_IRQHandler            
00000d99  EUSCIA3_IRQHandler            
00000d99  EUSCIB0_IRQHandler            
00000d99  EUSCIB1_IRQHandler            
00000d99  EUSCIB2_IRQHandler            
00000d99  EUSCIB3_IRQHandler            
00000d99  FLCTL_IRQHandler              
00000d99  FPU_IRQHandler                
00000d99  HardFault_Handler             
00000d99  MemManage_Handler             
00000d99  NMI_Handler                   
00000d99  PCM_IRQHandler                
00000d99  PORT1_IRQHandler              
00000d99  PORT2_IRQHandler              
00000d99  PORT3_IRQHandler              
00000d99  PORT4_IRQHandler              
00000d99  PORT5_IRQHandler              
00000d99  PORT6_IRQHandler              
00000d99  PSS_IRQHandler                
00000d99  PendSV_Handler                
00000d99  RTC_C_IRQHandler              
00000d99  SVC_Handler                   
00000d99  SysTick_Handler               
00000d99  T32_INT1_IRQHandler           
00000d99  T32_INT2_IRQHandler           
00000d99  T32_INTC_IRQHandler           
00000d99  TA0_0_IRQHandler              
00000d99  TA0_N_IRQHandler              
00000d99  TA1_0_IRQHandler              
00000d99  TA1_N_IRQHandler              
00000d99  TA2_0_IRQHandler              
00000d99  TA2_N_IRQHandler              
00000d99  TA3_0_IRQHandler              
00000d99  TA3_N_IRQHandler              
00000d99  UsageFault_Handler            
00000d99  WDT_A_IRQHandler              
00000d9b  _system_pre_init              
00000d9f  C$$EXIT                       
00000d9f  abort                         
00000dc8  __TI_Handler_Table_Base       
00000dd4  __TI_Handler_Table_Limit      
00000de0  __TI_CINIT_Base               
00000df0  __TI_CINIT_Limit              
20000000  systick_control_reg           
20000004  systick_reload_value_reg      
20000008  systick_current_value_reg     
2000000c  systick_calibration_reg       
20000010  period                        
20000014  count                         
20000018  timeCount                     
2000001c  time                          
20000020  timeCount2                    
20000024  time2                         
20000028  time3                         
2000002c  time4                         
20000030  f1                            
20000034  f2                            
20000038  f3                            
2000003c  f4                            
20000040  flag                          
20000044  SystemCoreClock               
20000048  i                             
2000004c  lower                         
20000050  upper                         
2000fe00  __stack                       
20010000  __STACK_END                   
4000480c  WDTCTL_SYM                    
ffffffff  __TI_pprof_out_hndl           
ffffffff  __TI_prof_data_size           
ffffffff  __TI_prof_data_start          
ffffffff  __binit__                     
ffffffff  __c_args__                    
ffffffff  binit                         
UNDEFED   __mpu_init                    
UNDEFED   _system_post_cinit            

[106 symbols]
