******************************************************************************
                  TI ARM Linker Unix v18.1.2                   
******************************************************************************
>> Linked Wed Nov 14 13:01:07 2018

OUTPUT FILE NAME:   <lab10.out>
ENTRY POINT SYMBOL: "_c_int00_noargs"  address: 00000e21


MEMORY CONFIGURATION

         name            origin    length      used     unused   attr    fill
----------------------  --------  ---------  --------  --------  ----  --------
  MAIN                  00000000   00040000  00000ee6  0003f11a  R  X
  INFO                  00200000   00004000  00000000  00004000  R  X
  SRAM_CODE             01000000   00010000  00000274  0000fd8c  RW X
  SRAM_DATA             20000000   00010000  00000274  0000fd8c  RW  


SEGMENT ALLOCATION MAP

run origin  load origin   length   init length attrs members
----------  ----------- ---------- ----------- ----- -------
00000000    00000000    00000ee8   00000ee8    r-x
  00000000    00000000    000000e4   000000e4    r-- .intvecs
  000000e4    000000e4    00000daa   00000daa    r-x .text
  00000e90    00000e90    00000058   00000058    r-- .cinit
20000000    20000000    00000074   00000000    rw-
  20000000    20000000    00000068   00000000    rw- .data
  20000068    20000068    0000000c   00000000    rw- .bss
2000fe00    2000fe00    00000200   00000000    rw-
  2000fe00    2000fe00    00000200   00000000    rw- .stack


SECTION ALLOCATION MAP

 output                                  attributes/
section   page    origin      length       input sections
--------  ----  ----------  ----------   ----------------
.intvecs   0    00000000    000000e4     
                  00000000    000000e4     startup_msp432p401r_ccs.obj (.intvecs:retain)

.text      0    000000e4    00000daa     
                  000000e4    000008c0     main.obj (.text)
                  000009a4    00000334     system_msp432p401r.obj (.text)
                  00000cd8    0000009c     rtsv7M4_T_le_v4SPD16_eabi.lib : memcpy_t2.asm.obj (.text)
                  00000d74    00000068                                   : copy_decompress_lzss.c.obj (.text:decompress:lzss:__TI_decompress_lzss)
                  00000ddc    00000044                                   : autoinit.c.obj (.text:__TI_auto_init_nobinit_nopinit:__TI_auto_init_nobinit_nopinit)
                  00000e20    00000038                                   : boot_cortex_m.c.obj (.text:_c_int00_noargs:_c_int00_noargs)
                  00000e58    00000012                                   : copy_zero_init.c.obj (.text:decompress:ZI:__TI_zero_init_nomemset:__TI_zero_init_nomemset)
                  00000e6a    0000000e                                   : copy_decompress_none.c.obj (.text:decompress:none:__TI_decompress_none)
                  00000e78    0000000e     startup_msp432p401r_ccs.obj (.text)
                  00000e86    00000004     rtsv7M4_T_le_v4SPD16_eabi.lib : pre_init.c.obj (.text:_system_pre_init)
                  00000e8a    00000004                                   : exit.c.obj (.text:abort:abort)

.cinit     0    00000e90    00000058     
                  00000e90    00000034     (.cinit..data.load) [load image, compression = lzss]
                  00000ec4    0000000c     (__TI_handler_table)
                  00000ed0    00000008     (.cinit..bss.load) [load image, compression = zero_init]
                  00000ed8    00000010     (__TI_cinit_table)

.init_array 
*          0    00000000    00000000     UNINITIALIZED

.binit     0    00000000    00000000     

.data      0    20000000    00000068     UNINITIALIZED
                  20000000    00000064     main.obj (.data)
                  20000064    00000004     system_msp432p401r.obj (.data)

.bss       0    20000068    0000000c     UNINITIALIZED
                  20000068    00000004     (.common:i)
                  2000006c    00000004     (.common:lower)
                  20000070    00000004     (.common:upper)

.stack     0    2000fe00    00000200     UNINITIALIZED
                  2000fe00    00000004     rtsv7M4_T_le_v4SPD16_eabi.lib : boot_cortex_m.c.obj (.stack)
                  2000fe04    000001fc     --HOLE--

MODULE SUMMARY

       Module                        code   ro data   rw data
       ------                        ----   -------   -------
    ./
       main.obj                      2240   0         224    
       system_msp432p401r.obj        820    0         8      
       startup_msp432p401r_ccs.obj   14     228       0      
    +--+-----------------------------+------+---------+---------+
       Total:                        3074   228       232    
                                                             
    /Applications/ti/ccsv8/tools/compiler/ti-cgt-arm_18.1.2.LTS/lib/rtsv7M4_T_le_v4SPD16_eabi.lib
       memcpy_t2.asm.obj             156    0         0      
       copy_decompress_lzss.c.obj    104    0         0      
       autoinit.c.obj                68     0         0      
       boot_cortex_m.c.obj           56     0         0      
       copy_zero_init.c.obj          18     0         0      
       copy_decompress_none.c.obj    14     0         0      
       exit.c.obj                    4      0         0      
       pre_init.c.obj                4      0         0      
    +--+-----------------------------+------+---------+---------+
       Total:                        424    0         0      
                                                             
       Stack:                        0      0         1024   
       Linker Generated:             0      88        0      
    +--+-----------------------------+------+---------+---------+
       Grand Total:                  3498   316       1256   


LINKER GENERATED COPY TABLES

__TI_cinit_table @ 00000ed8 records: 2, size/record: 8, table size: 16
	.data: load addr=00000e90, load size=00000034 bytes, run addr=20000000, run size=00000068 bytes, compression=lzss
	.bss: load addr=00000ed0, load size=00000008 bytes, run addr=20000068, run size=0000000c bytes, compression=zero_init


LINKER GENERATED HANDLER TABLE

__TI_handler_table @ 00000ec4 records: 3, size/record: 4, table size: 12
	index: 0, handler: __TI_decompress_lzss
	index: 1, handler: __TI_decompress_none
	index: 2, handler: __TI_zero_init


GLOBAL SYMBOLS: SORTED ALPHABETICALLY BY Name 

address   name                             
-------   ----                             
00000e85  ADC14_IRQHandler                 
00000e85  AES256_IRQHandler                
00000e85  BusFault_Handler                 
00000e8b  C$$EXIT                          
00000e85  COMP_E0_IRQHandler               
00000e85  COMP_E1_IRQHandler               
00000e85  CS_IRQHandler                    
00000e85  DMA_ERR_IRQHandler               
00000e85  DMA_INT0_IRQHandler              
00000e85  DMA_INT1_IRQHandler              
00000e85  DMA_INT2_IRQHandler              
00000e85  DMA_INT3_IRQHandler              
00000e85  DebugMon_Handler                 
00000e85  Default_Handler                  
00000e85  EUSCIA0_IRQHandler               
00000e85  EUSCIA1_IRQHandler               
00000e85  EUSCIA2_IRQHandler               
00000e85  EUSCIA3_IRQHandler               
00000e85  EUSCIB0_IRQHandler               
00000e85  EUSCIB1_IRQHandler               
00000e85  EUSCIB2_IRQHandler               
00000e85  EUSCIB3_IRQHandler               
00000e85  FLCTL_IRQHandler                 
00000e85  FPU_IRQHandler                   
00000e85  HardFault_Handler                
00000e85  MemManage_Handler                
00000e85  NMI_Handler                      
00000e85  PCM_IRQHandler                   
00000e85  PORT1_IRQHandler                 
00000e85  PORT2_IRQHandler                 
00000e85  PORT3_IRQHandler                 
00000e85  PORT4_IRQHandler                 
00000e85  PORT5_IRQHandler                 
00000e85  PORT6_IRQHandler                 
00000e85  PSS_IRQHandler                   
00000e85  PendSV_Handler                   
00000e85  RTC_C_IRQHandler                 
00000e79  Reset_Handler                    
00000e85  SVC_Handler                      
00000e85  SysTick_Handler                  
20000064  SystemCoreClock                  
000009a5  SystemCoreClockUpdate            
00000c1d  SystemInit                       
00000e85  T32_INT1_IRQHandler              
00000e85  T32_INT2_IRQHandler              
00000e85  T32_INTC_IRQHandler              
00000e85  TA0_0_IRQHandler                 
00000e85  TA0_N_IRQHandler                 
00000e85  TA1_0_IRQHandler                 
00000e85  TA1_N_IRQHandler                 
00000e85  TA2_0_IRQHandler                 
00000e85  TA2_N_IRQHandler                 
00000e85  TA3_0_IRQHandler                 
00000e85  TA3_N_IRQHandler                 
00000e85  UsageFault_Handler               
4000480c  WDTCTL_SYM                       
00000e85  WDT_A_IRQHandler                 
20010000  __STACK_END                      
00000200  __STACK_SIZE                     
00000ed8  __TI_CINIT_Base                  
00000ee8  __TI_CINIT_Limit                 
00000ec4  __TI_Handler_Table_Base          
00000ed0  __TI_Handler_Table_Limit         
00000ddd  __TI_auto_init_nobinit_nopinit   
00000d75  __TI_decompress_lzss             
00000e6b  __TI_decompress_none             
ffffffff  __TI_pprof_out_hndl              
ffffffff  __TI_prof_data_size              
ffffffff  __TI_prof_data_start             
00000000  __TI_static_base__               
00000e59  __TI_zero_init_nomemset          
00000cd9  __aeabi_memcpy                   
00000cd9  __aeabi_memcpy4                  
00000cd9  __aeabi_memcpy8                  
ffffffff  __binit__                        
ffffffff  __c_args__                       
UNDEFED   __mpu_init                       
2000fe00  __stack                          
00000e21  _c_int00_noargs                  
UNDEFED   _system_post_cinit               
00000e87  _system_pre_init                 
00000e8b  abort                            
20000010  adc14_control_register_0         
20000014  adc14_control_register_1         
20000024  adc14_interrupt_enable_0_register
20000028  adc14_interrupt_enable_1_register
20000020  adc14_interrupt_flag_0_register  
20000018  adc14_memory_control_register_0  
2000001c  adc14_memory_register_0          
00000335  avoid                            
ffffffff  binit                            
20000030  count                            
2000004c  f1                               
20000050  f2                               
20000054  f3                               
20000058  f4                               
2000005c  flag                             
20000068  i                                
00000000  interruptVectors                 
2000006c  lower                            
000000e5  main                             
00000cd9  memcpy                           
0000074d  move                             
2000002c  period                           
20000060  raw_distance                     
000002e7  readDist                         
00000559  readIRSensors                    
000000f9  setup                            
2000000c  systick_calibration_reg          
20000000  systick_control_reg              
20000008  systick_current_value_reg        
20000004  systick_reload_value_reg         
20000038  time                             
20000040  time2                            
20000044  time3                            
20000048  time4                            
20000034  timeCount                        
2000003c  timeCount2                       
20000070  upper                            


GLOBAL SYMBOLS: SORTED BY Symbol Address 

address   name                             
-------   ----                             
00000000  __TI_static_base__               
00000000  interruptVectors                 
000000e5  main                             
000000f9  setup                            
00000200  __STACK_SIZE                     
000002e7  readDist                         
00000335  avoid                            
00000559  readIRSensors                    
0000074d  move                             
000009a5  SystemCoreClockUpdate            
00000c1d  SystemInit                       
00000cd9  __aeabi_memcpy                   
00000cd9  __aeabi_memcpy4                  
00000cd9  __aeabi_memcpy8                  
00000cd9  memcpy                           
00000d75  __TI_decompress_lzss             
00000ddd  __TI_auto_init_nobinit_nopinit   
00000e21  _c_int00_noargs                  
00000e59  __TI_zero_init_nomemset          
00000e6b  __TI_decompress_none             
00000e79  Reset_Handler                    
00000e85  ADC14_IRQHandler                 
00000e85  AES256_IRQHandler                
00000e85  BusFault_Handler                 
00000e85  COMP_E0_IRQHandler               
00000e85  COMP_E1_IRQHandler               
00000e85  CS_IRQHandler                    
00000e85  DMA_ERR_IRQHandler               
00000e85  DMA_INT0_IRQHandler              
00000e85  DMA_INT1_IRQHandler              
00000e85  DMA_INT2_IRQHandler              
00000e85  DMA_INT3_IRQHandler              
00000e85  DebugMon_Handler                 
00000e85  Default_Handler                  
00000e85  EUSCIA0_IRQHandler               
00000e85  EUSCIA1_IRQHandler               
00000e85  EUSCIA2_IRQHandler               
00000e85  EUSCIA3_IRQHandler               
00000e85  EUSCIB0_IRQHandler               
00000e85  EUSCIB1_IRQHandler               
00000e85  EUSCIB2_IRQHandler               
00000e85  EUSCIB3_IRQHandler               
00000e85  FLCTL_IRQHandler                 
00000e85  FPU_IRQHandler                   
00000e85  HardFault_Handler                
00000e85  MemManage_Handler                
00000e85  NMI_Handler                      
00000e85  PCM_IRQHandler                   
00000e85  PORT1_IRQHandler                 
00000e85  PORT2_IRQHandler                 
00000e85  PORT3_IRQHandler                 
00000e85  PORT4_IRQHandler                 
00000e85  PORT5_IRQHandler                 
00000e85  PORT6_IRQHandler                 
00000e85  PSS_IRQHandler                   
00000e85  PendSV_Handler                   
00000e85  RTC_C_IRQHandler                 
00000e85  SVC_Handler                      
00000e85  SysTick_Handler                  
00000e85  T32_INT1_IRQHandler              
00000e85  T32_INT2_IRQHandler              
00000e85  T32_INTC_IRQHandler              
00000e85  TA0_0_IRQHandler                 
00000e85  TA0_N_IRQHandler                 
00000e85  TA1_0_IRQHandler                 
00000e85  TA1_N_IRQHandler                 
00000e85  TA2_0_IRQHandler                 
00000e85  TA2_N_IRQHandler                 
00000e85  TA3_0_IRQHandler                 
00000e85  TA3_N_IRQHandler                 
00000e85  UsageFault_Handler               
00000e85  WDT_A_IRQHandler                 
00000e87  _system_pre_init                 
00000e8b  C$$EXIT                          
00000e8b  abort                            
00000ec4  __TI_Handler_Table_Base          
00000ed0  __TI_Handler_Table_Limit         
00000ed8  __TI_CINIT_Base                  
00000ee8  __TI_CINIT_Limit                 
20000000  systick_control_reg              
20000004  systick_reload_value_reg         
20000008  systick_current_value_reg        
2000000c  systick_calibration_reg          
20000010  adc14_control_register_0         
20000014  adc14_control_register_1         
20000018  adc14_memory_control_register_0  
2000001c  adc14_memory_register_0          
20000020  adc14_interrupt_flag_0_register  
20000024  adc14_interrupt_enable_0_register
20000028  adc14_interrupt_enable_1_register
2000002c  period                           
20000030  count                            
20000034  timeCount                        
20000038  time                             
2000003c  timeCount2                       
20000040  time2                            
20000044  time3                            
20000048  time4                            
2000004c  f1                               
20000050  f2                               
20000054  f3                               
20000058  f4                               
2000005c  flag                             
20000060  raw_distance                     
20000064  SystemCoreClock                  
20000068  i                                
2000006c  lower                            
20000070  upper                            
2000fe00  __stack                          
20010000  __STACK_END                      
4000480c  WDTCTL_SYM                       
ffffffff  __TI_pprof_out_hndl              
ffffffff  __TI_prof_data_size              
ffffffff  __TI_prof_data_start             
ffffffff  __binit__                        
ffffffff  __c_args__                       
ffffffff  binit                            
UNDEFED   __mpu_init                       
UNDEFED   _system_post_cinit               

[119 symbols]
